Archive member included because of file (symbol)

../teste-uart_bsp/\libhal_bsp.a(alt_load.o)
                              ../teste-uart_bsp//obj/HAL/src/crt0.o (alt_load)
../teste-uart_bsp/\libhal_bsp.a(alt_main.o)
                              ../teste-uart_bsp//obj/HAL/src/crt0.o (alt_main)
../teste-uart_bsp/\libhal_bsp.a(alt_putchar.o)
                              obj/default/hello_world_small.o (alt_putchar)
../teste-uart_bsp/\libhal_bsp.a(alt_sys_init.o)
                              ../teste-uart_bsp/\libhal_bsp.a(alt_main.o) (alt_sys_init)
../teste-uart_bsp/\libhal_bsp.a(altera_avalon_jtag_uart_write.o)
                              ../teste-uart_bsp/\libhal_bsp.a(alt_putchar.o) (altera_avalon_jtag_uart_write)
../teste-uart_bsp/\libhal_bsp.a(alt_dcache_flush_all.o)
                              ../teste-uart_bsp/\libhal_bsp.a(alt_load.o) (alt_dcache_flush_all)
../teste-uart_bsp/\libhal_bsp.a(alt_icache_flush_all.o)
                              ../teste-uart_bsp/\libhal_bsp.a(alt_load.o) (alt_icache_flush_all)
../teste-uart_bsp/\libhal_bsp.a(altera_nios2_qsys_irq.o)
                              ../teste-uart_bsp/\libhal_bsp.a(alt_sys_init.o) (altera_nios2_qsys_irq_init)

Memory Configuration

Name             Origin             Length             Attributes
reset            0x00000000         0x00000020
memory           0x00000020         0x00001fe0
*default*        0x00000000         0xffffffff

Linker script and memory map

LOAD ../teste-uart_bsp//obj/HAL/src/crt0.o
                0x0000000c                exit = _exit
LOAD obj/default/hello_world_small.o
LOAD c:/altera/13.0/nios2eds/bin/gnu/h-i686-mingw32/bin/../lib/gcc/nios2-elf/4.1.2/../../../../nios2-elf/lib/mno-hw-mul\libstdc++.a
LOAD c:/altera/13.0/nios2eds/bin/gnu/h-i686-mingw32/bin/../lib/gcc/nios2-elf/4.1.2/../../../../nios2-elf/lib/mno-hw-mul\libm.a
LOAD c:/altera/13.0/nios2eds/bin/gnu/h-i686-mingw32/bin/../lib/gcc/nios2-elf/4.1.2/mno-hw-mul\libgcc.a
START GROUP
LOAD c:/altera/13.0/nios2eds/bin/gnu/h-i686-mingw32/bin/../lib/gcc/nios2-elf/4.1.2/../../../../nios2-elf/lib/mno-hw-mul\libsmallc.a
LOAD c:/altera/13.0/nios2eds/bin/gnu/h-i686-mingw32/bin/../lib/gcc/nios2-elf/4.1.2/mno-hw-mul\libgcc.a
LOAD ../teste-uart_bsp/\libhal_bsp.a
END GROUP
LOAD c:/altera/13.0/nios2eds/bin/gnu/h-i686-mingw32/bin/../lib/gcc/nios2-elf/4.1.2/mno-hw-mul\libgcc.a
                0x00000000                __alt_mem_memory = 0x0

.entry          0x00000000       0x20
 *(.entry)
 .entry         0x00000000       0x20 ../teste-uart_bsp//obj/HAL/src/crt0.o
                0x00000000                __reset
                0x0000000c                _exit

.exceptions     0x00000020        0x0
                0x00000020                PROVIDE (__ram_exceptions_start, ABSOLUTE (.))
                0x00000020                . = ALIGN (0x20)
 *(.irq)
 *(.exceptions.entry.label)
 *(.exceptions.entry.user)
 *(.exceptions.entry)
 *(.exceptions.irqtest.user)
 *(.exceptions.irqtest)
 *(.exceptions.irqhandler.user)
 *(.exceptions.irqhandler)
 *(.exceptions.irqreturn.user)
 *(.exceptions.irqreturn)
 *(.exceptions.notirq.label)
 *(.exceptions.notirq.user)
 *(.exceptions.notirq)
 *(.exceptions.soft.user)
 *(.exceptions.soft)
 *(.exceptions.unknown.user)
 *(.exceptions.unknown)
 *(.exceptions.exit.label)
 *(.exceptions.exit.user)
 *(.exceptions.exit)
 *(.exceptions)
                0x00000020                PROVIDE (__ram_exceptions_end, ABSOLUTE (.))
                0x00000020                PROVIDE (__flash_exceptions_start, LOADADDR (.exceptions))

.text           0x00000020      0x1c0
                0x00000020                PROVIDE (stext, ABSOLUTE (.))
 *(.interp)
 *(.hash)
 *(.dynsym)
 *(.dynstr)
 *(.gnu.version)
 *(.gnu.version_d)
 *(.gnu.version_r)
 *(.rel.init)
 *(.rela.init)
 *(.rel.text .rel.text.* .rel.gnu.linkonce.t.*)
 *(.rela.text .rela.text.* .rela.gnu.linkonce.t.*)
 *(.rel.fini)
 *(.rela.fini)
 *(.rel.rodata .rel.rodata.* .rel.gnu.linkonce.r.*)
 *(.rela.rodata .rela.rodata.* .rela.gnu.linkonce.r.*)
 *(.rel.data .rel.data.* .rel.gnu.linkonce.d.*)
 *(.rela.data .rela.data.* .rela.gnu.linkonce.d.*)
 *(.rel.tdata .rel.tdata.* .rel.gnu.linkonce.td.*)
 *(.rela.tdata .rela.tdata.* .rela.gnu.linkonce.td.*)
 *(.rel.tbss .rel.tbss.* .rel.gnu.linkonce.tb.*)
 *(.rela.tbss .rela.tbss.* .rela.gnu.linkonce.tb.*)
 *(.rel.ctors)
 *(.rela.ctors)
 *(.rel.dtors)
 *(.rela.dtors)
 *(.rel.got)
 *(.rela.got)
 *(.rel.sdata .rel.sdata.* .rel.gnu.linkonce.s.*)
 *(.rela.sdata .rela.sdata.* .rela.gnu.linkonce.s.*)
 *(.rel.sbss .rel.sbss.* .rel.gnu.linkonce.sb.*)
 *(.rela.sbss .rela.sbss.* .rela.gnu.linkonce.sb.*)
 *(.rel.sdata2 .rel.sdata2.* .rel.gnu.linkonce.s2.*)
 *(.rela.sdata2 .rela.sdata2.* .rela.gnu.linkonce.s2.*)
 *(.rel.sbss2 .rel.sbss2.* .rel.gnu.linkonce.sb2.*)
 *(.rela.sbss2 .rela.sbss2.* .rela.gnu.linkonce.sb2.*)
 *(.rel.bss .rel.bss.* .rel.gnu.linkonce.b.*)
 *(.rela.bss .rela.bss.* .rela.gnu.linkonce.b.*)
 *(.rel.plt)
 *(.rela.plt)
 *(.rel.dyn)
 *(.init)
 *(.plt)
 *(.text .stub .text.* .gnu.linkonce.t.*)
 .text          0x00000020       0x3c ../teste-uart_bsp//obj/HAL/src/crt0.o
                0x00000020                _start
 .text          0x0000005c       0x14 obj/default/hello_world_small.o
                0x0000005c                main
 .text          0x00000070       0x8c ../teste-uart_bsp/\libhal_bsp.a(alt_load.o)
                0x00000090                alt_load
 .text          0x000000fc       0x2c ../teste-uart_bsp/\libhal_bsp.a(alt_main.o)
                0x000000fc                alt_main
 .text          0x00000128       0x50 ../teste-uart_bsp/\libhal_bsp.a(alt_putchar.o)
                0x00000128                alt_putchar
 .text          0x00000178       0x24 ../teste-uart_bsp/\libhal_bsp.a(alt_sys_init.o)
                0x00000178                alt_sys_init
                0x0000017c                alt_irq_init
 .text          0x0000019c       0x34 ../teste-uart_bsp/\libhal_bsp.a(altera_avalon_jtag_uart_write.o)
                0x0000019c                altera_avalon_jtag_uart_write
 .text          0x000001d0        0x4 ../teste-uart_bsp/\libhal_bsp.a(alt_dcache_flush_all.o)
                0x000001d0                alt_dcache_flush_all
 .text          0x000001d4        0x4 ../teste-uart_bsp/\libhal_bsp.a(alt_icache_flush_all.o)
                0x000001d4                alt_icache_flush_all
 .text          0x000001d8        0x8 ../teste-uart_bsp/\libhal_bsp.a(altera_nios2_qsys_irq.o)
                0x000001d8                altera_nios2_qsys_irq_init
 *(.gnu.warning.*)
 *(.fini)
                0x000001e0                PROVIDE (__etext, ABSOLUTE (.))
                0x000001e0                PROVIDE (_etext, ABSOLUTE (.))
                0x000001e0                PROVIDE (etext, ABSOLUTE (.))
 *(.eh_frame_hdr)
                0x000001e0                . = ALIGN (0x4)
                0x000001e0                PROVIDE (__preinit_array_start, ABSOLUTE (.))
 *(.preinit_array)
                0x000001e0                PROVIDE (__preinit_array_end, ABSOLUTE (.))
                0x000001e0                PROVIDE (__init_array_start, ABSOLUTE (.))
 *(.init_array)
                0x000001e0                PROVIDE (__init_array_end, ABSOLUTE (.))
                0x000001e0                PROVIDE (__fini_array_start, ABSOLUTE (.))
 *(.fini_array)
                0x000001e0                PROVIDE (__fini_array_end, ABSOLUTE (.))
 *(.eh_frame)
 *(.gcc_except_table)
 *(.dynamic)
                0x000001e0                PROVIDE (__CTOR_LIST__, ABSOLUTE (.))
 *(.ctors)
 *(SORT(.ctors.*))
                0x000001e0                PROVIDE (__CTOR_END__, ABSOLUTE (.))
                0x000001e0                PROVIDE (__DTOR_LIST__, ABSOLUTE (.))
 *(.dtors)
 *(SORT(.dtors.*))
                0x000001e0                PROVIDE (__DTOR_END__, ABSOLUTE (.))
 *(.jcr)
                0x000001e0                . = ALIGN (0x4)

.rodata         0x000001e0        0x0
                0x000001e0                PROVIDE (__ram_rodata_start, ABSOLUTE (.))
                0x000001e0                . = ALIGN (0x4)
 *(.rodata .rodata.* .gnu.linkonce.r.*)
 *(.rodata1)
                0x000001e0                . = ALIGN (0x4)
                0x000001e0                PROVIDE (__ram_rodata_end, ABSOLUTE (.))
                0x000001e0                PROVIDE (__flash_rodata_start, LOADADDR (.rodata))

.rwdata         0x000001e0        0x4 load address 0x000001e4
                0x000001e0                PROVIDE (__ram_rwdata_start, ABSOLUTE (.))
                0x000001e0                . = ALIGN (0x4)
 *(.got.plt)
 *(.got)
 *(.data1)
 *(.data .data.* .gnu.linkonce.d.*)
 .data          0x000001e0        0x0 ../teste-uart_bsp//obj/HAL/src/crt0.o
 .data          0x000001e0        0x0 obj/default/hello_world_small.o
 .data          0x000001e0        0x0 ../teste-uart_bsp/\libhal_bsp.a(alt_load.o)
 .data          0x000001e0        0x0 ../teste-uart_bsp/\libhal_bsp.a(alt_main.o)
 .data          0x000001e0        0x0 ../teste-uart_bsp/\libhal_bsp.a(alt_putchar.o)
 .data          0x000001e0        0x0 ../teste-uart_bsp/\libhal_bsp.a(alt_sys_init.o)
 .data          0x000001e0        0x0 ../teste-uart_bsp/\libhal_bsp.a(altera_avalon_jtag_uart_write.o)
 .data          0x000001e0        0x0 ../teste-uart_bsp/\libhal_bsp.a(alt_dcache_flush_all.o)
 .data          0x000001e0        0x0 ../teste-uart_bsp/\libhal_bsp.a(alt_icache_flush_all.o)
 .data          0x000001e0        0x0 ../teste-uart_bsp/\libhal_bsp.a(altera_nios2_qsys_irq.o)
                0x000081e0                _gp = ABSOLUTE ((. + 0x8000))
                0x000081e0                PROVIDE (gp, _gp)
 *(.rwdata .rwdata.*)
 *(.sdata .sdata.* .gnu.linkonce.s.*)
 .sdata         0x000001e0        0x4 ../teste-uart_bsp/\libhal_bsp.a(alt_sys_init.o)
                0x000001e0                jtag_uart
 *(.sdata2 .sdata2.* .gnu.linkonce.s2.*)
                0x000001e4                . = ALIGN (0x4)
                0x000001e4                _edata = ABSOLUTE (.)
                0x000001e4                PROVIDE (edata, ABSOLUTE (.))
                0x000001e4                PROVIDE (__ram_rwdata_end, ABSOLUTE (.))
                0x000001e4                PROVIDE (__flash_rwdata_start, LOADADDR (.rwdata))

.bss            0x000001e8        0xc
                0x000001e8                __bss_start = ABSOLUTE (.)
                0x000001e8                PROVIDE (__sbss_start, ABSOLUTE (.))
                0x000001e8                PROVIDE (___sbss_start, ABSOLUTE (.))
 *(.dynsbss)
 *(.sbss .sbss.* .gnu.linkonce.sb.*)
 .sbss          0x000001e8        0xc ../teste-uart_bsp/\libhal_bsp.a(alt_main.o)
                0x000001e8                alt_argc
                0x000001ec                alt_argv
                0x000001f0                alt_envp
 *(.sbss2 .sbss2.* .gnu.linkonce.sb2.*)
 *(.scommon)
                0x000001f4                PROVIDE (__sbss_end, ABSOLUTE (.))
                0x000001f4                PROVIDE (___sbss_end, ABSOLUTE (.))
 *(.dynbss)
 *(.bss .bss.* .gnu.linkonce.b.*)
 .bss           0x000001f4        0x0 ../teste-uart_bsp//obj/HAL/src/crt0.o
 .bss           0x000001f4        0x0 obj/default/hello_world_small.o
 .bss           0x000001f4        0x0 ../teste-uart_bsp/\libhal_bsp.a(alt_load.o)
 .bss           0x000001f4        0x0 ../teste-uart_bsp/\libhal_bsp.a(alt_main.o)
 .bss           0x000001f4        0x0 ../teste-uart_bsp/\libhal_bsp.a(alt_putchar.o)
 .bss           0x000001f4        0x0 ../teste-uart_bsp/\libhal_bsp.a(alt_sys_init.o)
 .bss           0x000001f4        0x0 ../teste-uart_bsp/\libhal_bsp.a(altera_avalon_jtag_uart_write.o)
 .bss           0x000001f4        0x0 ../teste-uart_bsp/\libhal_bsp.a(alt_dcache_flush_all.o)
 .bss           0x000001f4        0x0 ../teste-uart_bsp/\libhal_bsp.a(alt_icache_flush_all.o)
 .bss           0x000001f4        0x0 ../teste-uart_bsp/\libhal_bsp.a(altera_nios2_qsys_irq.o)
 *(COMMON)
                0x000001f4                . = ALIGN (0x4)
                0x000001f4                __bss_end = ABSOLUTE (.)

.memory         0x000001f4        0x0
                0x000001f4                PROVIDE (_alt_partition_memory_start, ABSOLUTE (.))
 *(.memory. memory.*)
                0x000001f4                . = ALIGN (0x4)
                0x000001f4                PROVIDE (_alt_partition_memory_end, ABSOLUTE (.))
                0x000001f4                _end = ABSOLUTE (.)
                0x000001f4                end = ABSOLUTE (.)
                0x000001f4                __alt_stack_base = ABSOLUTE (.)
                0x000001f4                PROVIDE (_alt_partition_memory_load_addr, LOADADDR (.memory))

.stab
 *(.stab)

.stabstr
 *(.stabstr)

.stab.excl
 *(.stab.excl)

.stab.exclstr
 *(.stab.exclstr)

.stab.index
 *(.stab.index)

.stab.indexstr
 *(.stab.indexstr)

.comment        0x00000000       0x23
 *(.comment)
 .comment       0x00000000       0x23 obj/default/hello_world_small.o
                                 0x24 (size before relaxing)
 .comment       0x00000000       0x24 ../teste-uart_bsp/\libhal_bsp.a(alt_load.o)
 .comment       0x00000000       0x24 ../teste-uart_bsp/\libhal_bsp.a(alt_main.o)
 .comment       0x00000000       0x24 ../teste-uart_bsp/\libhal_bsp.a(alt_putchar.o)
 .comment       0x00000000       0x24 ../teste-uart_bsp/\libhal_bsp.a(alt_sys_init.o)
 .comment       0x00000000       0x24 ../teste-uart_bsp/\libhal_bsp.a(altera_avalon_jtag_uart_write.o)
 .comment       0x00000000       0x24 ../teste-uart_bsp/\libhal_bsp.a(alt_dcache_flush_all.o)
 .comment       0x00000000       0x24 ../teste-uart_bsp/\libhal_bsp.a(alt_icache_flush_all.o)
 .comment       0x00000000       0x24 ../teste-uart_bsp/\libhal_bsp.a(altera_nios2_qsys_irq.o)

.debug
 *(.debug)

.line
 *(.line)

.debug_srcinfo
 *(.debug_srcinfo)

.debug_sfnames
 *(.debug_sfnames)

.debug_aranges  0x00000000      0x148
 *(.debug_aranges)
 .debug_aranges
                0x00000000       0x28 ../teste-uart_bsp//obj/HAL/src/crt0.o
 .debug_aranges
                0x00000028       0x20 obj/default/hello_world_small.o
 .debug_aranges
                0x00000048       0x20 ../teste-uart_bsp/\libhal_bsp.a(alt_load.o)
 .debug_aranges
                0x00000068       0x20 ../teste-uart_bsp/\libhal_bsp.a(alt_main.o)
 .debug_aranges
                0x00000088       0x20 ../teste-uart_bsp/\libhal_bsp.a(alt_putchar.o)
 .debug_aranges
                0x000000a8       0x20 ../teste-uart_bsp/\libhal_bsp.a(alt_sys_init.o)
 .debug_aranges
                0x000000c8       0x20 ../teste-uart_bsp/\libhal_bsp.a(altera_avalon_jtag_uart_write.o)
 .debug_aranges
                0x000000e8       0x20 ../teste-uart_bsp/\libhal_bsp.a(alt_dcache_flush_all.o)
 .debug_aranges
                0x00000108       0x20 ../teste-uart_bsp/\libhal_bsp.a(alt_icache_flush_all.o)
 .debug_aranges
                0x00000128       0x20 ../teste-uart_bsp/\libhal_bsp.a(altera_nios2_qsys_irq.o)

.debug_pubnames
                0x00000000      0x19f
 *(.debug_pubnames)
 .debug_pubnames
                0x00000000       0x1b obj/default/hello_world_small.o
 .debug_pubnames
                0x0000001b       0x1f ../teste-uart_bsp/\libhal_bsp.a(alt_load.o)
 .debug_pubnames
                0x0000003a       0x46 ../teste-uart_bsp/\libhal_bsp.a(alt_main.o)
 .debug_pubnames
                0x00000080       0x22 ../teste-uart_bsp/\libhal_bsp.a(alt_putchar.o)
 .debug_pubnames
                0x000000a2       0x42 ../teste-uart_bsp/\libhal_bsp.a(alt_sys_init.o)
 .debug_pubnames
                0x000000e4       0x34 ../teste-uart_bsp/\libhal_bsp.a(altera_avalon_jtag_uart_write.o)
 .debug_pubnames
                0x00000118       0x2b ../teste-uart_bsp/\libhal_bsp.a(alt_dcache_flush_all.o)
 .debug_pubnames
                0x00000143       0x2b ../teste-uart_bsp/\libhal_bsp.a(alt_icache_flush_all.o)
 .debug_pubnames
                0x0000016e       0x31 ../teste-uart_bsp/\libhal_bsp.a(altera_nios2_qsys_irq.o)

.debug_info     0x00000000      0x8a1
 *(.debug_info .gnu.linkonce.wi.*)
 .debug_info    0x00000000       0x91 ../teste-uart_bsp//obj/HAL/src/crt0.o
 .debug_info    0x00000091       0x45 obj/default/hello_world_small.o
 .debug_info    0x000000d6      0x12e ../teste-uart_bsp/\libhal_bsp.a(alt_load.o)
 .debug_info    0x00000204      0x125 ../teste-uart_bsp/\libhal_bsp.a(alt_main.o)
 .debug_info    0x00000329       0xc5 ../teste-uart_bsp/\libhal_bsp.a(alt_putchar.o)
 .debug_info    0x000003ee      0x17d ../teste-uart_bsp/\libhal_bsp.a(alt_sys_init.o)
 .debug_info    0x0000056b      0x18f ../teste-uart_bsp/\libhal_bsp.a(altera_avalon_jtag_uart_write.o)
 .debug_info    0x000006fa       0x8d ../teste-uart_bsp/\libhal_bsp.a(alt_dcache_flush_all.o)
 .debug_info    0x00000787       0x8d ../teste-uart_bsp/\libhal_bsp.a(alt_icache_flush_all.o)
 .debug_info    0x00000814       0x8d ../teste-uart_bsp/\libhal_bsp.a(altera_nios2_qsys_irq.o)

.debug_abbrev   0x00000000      0x48e
 *(.debug_abbrev)
 .debug_abbrev  0x00000000       0x12 ../teste-uart_bsp//obj/HAL/src/crt0.o
 .debug_abbrev  0x00000012       0x34 obj/default/hello_world_small.o
 .debug_abbrev  0x00000046       0x97 ../teste-uart_bsp/\libhal_bsp.a(alt_load.o)
 .debug_abbrev  0x000000dd       0xa6 ../teste-uart_bsp/\libhal_bsp.a(alt_main.o)
 .debug_abbrev  0x00000183       0x7b ../teste-uart_bsp/\libhal_bsp.a(alt_putchar.o)
 .debug_abbrev  0x000001fe       0xe3 ../teste-uart_bsp/\libhal_bsp.a(alt_sys_init.o)
 .debug_abbrev  0x000002e1       0xf0 ../teste-uart_bsp/\libhal_bsp.a(altera_avalon_jtag_uart_write.o)
 .debug_abbrev  0x000003d1       0x3f ../teste-uart_bsp/\libhal_bsp.a(alt_dcache_flush_all.o)
 .debug_abbrev  0x00000410       0x3f ../teste-uart_bsp/\libhal_bsp.a(alt_icache_flush_all.o)
 .debug_abbrev  0x0000044f       0x3f ../teste-uart_bsp/\libhal_bsp.a(altera_nios2_qsys_irq.o)

.debug_line     0x00000000     0x127f
 *(.debug_line)
 .debug_line    0x00000000       0x66 ../teste-uart_bsp//obj/HAL/src/crt0.o
 .debug_line    0x00000066       0xcc obj/default/hello_world_small.o
 .debug_line    0x00000132      0x211 ../teste-uart_bsp/\libhal_bsp.a(alt_load.o)
 .debug_line    0x00000343      0x2bc ../teste-uart_bsp/\libhal_bsp.a(alt_main.o)
 .debug_line    0x000005ff      0x1ec ../teste-uart_bsp/\libhal_bsp.a(alt_putchar.o)
 .debug_line    0x000007eb      0x280 ../teste-uart_bsp/\libhal_bsp.a(alt_sys_init.o)
 .debug_line    0x00000a6b      0x2ee ../teste-uart_bsp/\libhal_bsp.a(altera_avalon_jtag_uart_write.o)
 .debug_line    0x00000d59      0x1af ../teste-uart_bsp/\libhal_bsp.a(alt_dcache_flush_all.o)
 .debug_line    0x00000f08      0x1af ../teste-uart_bsp/\libhal_bsp.a(alt_icache_flush_all.o)
 .debug_line    0x000010b7      0x1c8 ../teste-uart_bsp/\libhal_bsp.a(altera_nios2_qsys_irq.o)

.debug_frame    0x00000000      0x16c
 *(.debug_frame)
 .debug_frame   0x00000000       0x28 obj/default/hello_world_small.o
 .debug_frame   0x00000028       0x38 ../teste-uart_bsp/\libhal_bsp.a(alt_load.o)
 .debug_frame   0x00000060       0x28 ../teste-uart_bsp/\libhal_bsp.a(alt_main.o)
 .debug_frame   0x00000088       0x2c ../teste-uart_bsp/\libhal_bsp.a(alt_putchar.o)
 .debug_frame   0x000000b4       0x38 ../teste-uart_bsp/\libhal_bsp.a(alt_sys_init.o)
 .debug_frame   0x000000ec       0x20 ../teste-uart_bsp/\libhal_bsp.a(altera_avalon_jtag_uart_write.o)
 .debug_frame   0x0000010c       0x20 ../teste-uart_bsp/\libhal_bsp.a(alt_dcache_flush_all.o)
 .debug_frame   0x0000012c       0x20 ../teste-uart_bsp/\libhal_bsp.a(alt_icache_flush_all.o)
 .debug_frame   0x0000014c       0x20 ../teste-uart_bsp/\libhal_bsp.a(altera_nios2_qsys_irq.o)

.debug_str      0x00000000      0x45c
 *(.debug_str)
 .debug_str     0x00000000       0x7c obj/default/hello_world_small.o
                                 0x81 (size before relaxing)
 .debug_str     0x0000007c      0x1a1 ../teste-uart_bsp/\libhal_bsp.a(alt_load.o)
                                0x1e6 (size before relaxing)
 .debug_str     0x0000021d       0x75 ../teste-uart_bsp/\libhal_bsp.a(alt_main.o)
                                0x16a (size before relaxing)
 .debug_str     0x00000292       0x4c ../teste-uart_bsp/\libhal_bsp.a(alt_putchar.o)
                                0x141 (size before relaxing)
 .debug_str     0x000002de       0x85 ../teste-uart_bsp/\libhal_bsp.a(alt_sys_init.o)
                                0x1dd (size before relaxing)
 .debug_str     0x00000363       0x56 ../teste-uart_bsp/\libhal_bsp.a(altera_avalon_jtag_uart_write.o)
                                0x1e2 (size before relaxing)
 .debug_str     0x000003b9       0x34 ../teste-uart_bsp/\libhal_bsp.a(alt_dcache_flush_all.o)
                                0x129 (size before relaxing)
 .debug_str     0x000003ed       0x34 ../teste-uart_bsp/\libhal_bsp.a(alt_icache_flush_all.o)
                                0x129 (size before relaxing)
 .debug_str     0x00000421       0x3b ../teste-uart_bsp/\libhal_bsp.a(altera_nios2_qsys_irq.o)
                                0x130 (size before relaxing)

.debug_loc      0x00000000       0xf2
 *(.debug_loc)
 .debug_loc     0x00000000       0x1f obj/default/hello_world_small.o
 .debug_loc     0x0000001f       0x1f ../teste-uart_bsp/\libhal_bsp.a(alt_load.o)
 .debug_loc     0x0000003e       0x1f ../teste-uart_bsp/\libhal_bsp.a(alt_main.o)
 .debug_loc     0x0000005d       0x3d ../teste-uart_bsp/\libhal_bsp.a(alt_putchar.o)
 .debug_loc     0x0000009a       0x32 ../teste-uart_bsp/\libhal_bsp.a(alt_sys_init.o)
 .debug_loc     0x000000cc       0x26 ../teste-uart_bsp/\libhal_bsp.a(altera_avalon_jtag_uart_write.o)

.debug_macinfo
 *(.debug_macinfo)

.debug_weaknames
 *(.debug_weaknames)

.debug_funcnames
 *(.debug_funcnames)

.debug_typenames
 *(.debug_typenames)

.debug_varnames
 *(.debug_varnames)

.debug_alt_sim_info
                0x00000000       0x10
 *(.debug_alt_sim_info)
 .debug_alt_sim_info
                0x00000000       0x10 ../teste-uart_bsp//obj/HAL/src/crt0.o
                0x00002000                __alt_data_end = 0x2000
                0x00002000                PROVIDE (__alt_stack_pointer, __alt_data_end)
                0x000001f4                PROVIDE (__alt_stack_limit, __alt_stack_base)
                0x000001f4                PROVIDE (__alt_heap_start, end)
                0x00002000                PROVIDE (__alt_heap_limit, 0x2000)
OUTPUT(teste-uart.elf elf32-littlenios2)

.debug_ranges   0x00000000       0x20
 .debug_ranges  0x00000000       0x20 ../teste-uart_bsp//obj/HAL/src/crt0.o
