Archive member included because of file (symbol)

c:/altera/13.0sp1/nios2eds/bin/gnu/h-i686-mingw32/bin/../lib/gcc/nios2-elf/4.1.2/mno-hw-mul\libgcc.a(_fixunsdfsi.o)
                              obj/default/dm9000a.o (__fixunsdfsi)
c:/altera/13.0sp1/nios2eds/bin/gnu/h-i686-mingw32/bin/../lib/gcc/nios2-elf/4.1.2/mno-hw-mul\libgcc.a(_addsub_df.o)
                              c:/altera/13.0sp1/nios2eds/bin/gnu/h-i686-mingw32/bin/../lib/gcc/nios2-elf/4.1.2/mno-hw-mul\libgcc.a(_fixunsdfsi.o) (__subdf3)
c:/altera/13.0sp1/nios2eds/bin/gnu/h-i686-mingw32/bin/../lib/gcc/nios2-elf/4.1.2/mno-hw-mul\libgcc.a(_mul_df.o)
                              obj/default/dm9000a.o (__muldf3)
c:/altera/13.0sp1/nios2eds/bin/gnu/h-i686-mingw32/bin/../lib/gcc/nios2-elf/4.1.2/mno-hw-mul\libgcc.a(_ge_df.o)
                              c:/altera/13.0sp1/nios2eds/bin/gnu/h-i686-mingw32/bin/../lib/gcc/nios2-elf/4.1.2/mno-hw-mul\libgcc.a(_fixunsdfsi.o) (__gedf2)
c:/altera/13.0sp1/nios2eds/bin/gnu/h-i686-mingw32/bin/../lib/gcc/nios2-elf/4.1.2/mno-hw-mul\libgcc.a(_df_to_si.o)
                              c:/altera/13.0sp1/nios2eds/bin/gnu/h-i686-mingw32/bin/../lib/gcc/nios2-elf/4.1.2/mno-hw-mul\libgcc.a(_fixunsdfsi.o) (__fixdfsi)
c:/altera/13.0sp1/nios2eds/bin/gnu/h-i686-mingw32/bin/../lib/gcc/nios2-elf/4.1.2/mno-hw-mul\libgcc.a(_thenan_df.o)
                              c:/altera/13.0sp1/nios2eds/bin/gnu/h-i686-mingw32/bin/../lib/gcc/nios2-elf/4.1.2/mno-hw-mul\libgcc.a(_addsub_df.o) (__thenan_df)
c:/altera/13.0sp1/nios2eds/bin/gnu/h-i686-mingw32/bin/../lib/gcc/nios2-elf/4.1.2/mno-hw-mul\libgcc.a(_usi_to_df.o)
                              obj/default/dm9000a.o (__floatunsidf)
c:/altera/13.0sp1/nios2eds/bin/gnu/h-i686-mingw32/bin/../lib/gcc/nios2-elf/4.1.2/mno-hw-mul\libgcc.a(lib2-mul.o)
                              obj/default/network_utilities.o (__mulsi3)
c:/altera/13.0sp1/nios2eds/bin/gnu/h-i686-mingw32/bin/../lib/gcc/nios2-elf/4.1.2/mno-hw-mul\libgcc.a(_muldi3.o)
                              c:/altera/13.0sp1/nios2eds/bin/gnu/h-i686-mingw32/bin/../lib/gcc/nios2-elf/4.1.2/mno-hw-mul\libgcc.a(_mul_df.o) (__muldi3)
c:/altera/13.0sp1/nios2eds/bin/gnu/h-i686-mingw32/bin/../lib/gcc/nios2-elf/4.1.2/mno-hw-mul\libgcc.a(_clzsi2.o)
                              c:/altera/13.0sp1/nios2eds/bin/gnu/h-i686-mingw32/bin/../lib/gcc/nios2-elf/4.1.2/mno-hw-mul\libgcc.a(_usi_to_df.o) (__clzsi2)
c:/altera/13.0sp1/nios2eds/bin/gnu/h-i686-mingw32/bin/../lib/gcc/nios2-elf/4.1.2/mno-hw-mul\libgcc.a(_pack_df.o)
                              c:/altera/13.0sp1/nios2eds/bin/gnu/h-i686-mingw32/bin/../lib/gcc/nios2-elf/4.1.2/mno-hw-mul\libgcc.a(_addsub_df.o) (__pack_d)
c:/altera/13.0sp1/nios2eds/bin/gnu/h-i686-mingw32/bin/../lib/gcc/nios2-elf/4.1.2/mno-hw-mul\libgcc.a(_unpack_df.o)
                              c:/altera/13.0sp1/nios2eds/bin/gnu/h-i686-mingw32/bin/../lib/gcc/nios2-elf/4.1.2/mno-hw-mul\libgcc.a(_addsub_df.o) (__unpack_d)
c:/altera/13.0sp1/nios2eds/bin/gnu/h-i686-mingw32/bin/../lib/gcc/nios2-elf/4.1.2/mno-hw-mul\libgcc.a(_fpcmp_parts_df.o)
                              c:/altera/13.0sp1/nios2eds/bin/gnu/h-i686-mingw32/bin/../lib/gcc/nios2-elf/4.1.2/mno-hw-mul\libgcc.a(_ge_df.o) (__fpcmp_parts_d)
c:/altera/13.0sp1/nios2eds/bin/gnu/h-i686-mingw32/bin/../lib/gcc/nios2-elf/4.1.2/mno-hw-mul\libgcc.a(_clz.o)
                              c:/altera/13.0sp1/nios2eds/bin/gnu/h-i686-mingw32/bin/../lib/gcc/nios2-elf/4.1.2/mno-hw-mul\libgcc.a(_clzsi2.o) (__clz_tab)
c:/altera/13.0sp1/nios2eds/bin/gnu/h-i686-mingw32/bin/../lib/gcc/nios2-elf/4.1.2/../../../../nios2-elf/lib/mno-hw-mul\libc.a(lib_a-ctype_.o)
                              obj/default/network_utilities.o (__ctype_ptr)
c:/altera/13.0sp1/nios2eds/bin/gnu/h-i686-mingw32/bin/../lib/gcc/nios2-elf/4.1.2/../../../../nios2-elf/lib/mno-hw-mul\libc.a(lib_a-exit.o)
                              obj/default/iniche_init.o (exit)
c:/altera/13.0sp1/nios2eds/bin/gnu/h-i686-mingw32/bin/../lib/gcc/nios2-elf/4.1.2/../../../../nios2-elf/lib/mno-hw-mul\libc.a(lib_a-fprintf.o)
                              obj/default/alt_error_handler.o (fprintf)
c:/altera/13.0sp1/nios2eds/bin/gnu/h-i686-mingw32/bin/../lib/gcc/nios2-elf/4.1.2/../../../../nios2-elf/lib/mno-hw-mul\libc.a(lib_a-fwrite.o)
                              obj/default/alt_error_handler.o (fwrite)
c:/altera/13.0sp1/nios2eds/bin/gnu/h-i686-mingw32/bin/../lib/gcc/nios2-elf/4.1.2/../../../../nios2-elf/lib/mno-hw-mul\libc.a(lib_a-getc.o)
                              obj/default/network_utilities.o (getc)
c:/altera/13.0sp1/nios2eds/bin/gnu/h-i686-mingw32/bin/../lib/gcc/nios2-elf/4.1.2/../../../../nios2-elf/lib/mno-hw-mul\libc.a(lib_a-impure.o)
                              obj/default/alt_error_handler.o (_impure_ptr)
c:/altera/13.0sp1/nios2eds/bin/gnu/h-i686-mingw32/bin/../lib/gcc/nios2-elf/4.1.2/../../../../nios2-elf/lib/mno-hw-mul\libc.a(lib_a-memcpy.o)
                              obj/default/simple_socket_server.o (memcpy)
[...]
Memory Configuration

Name             Origin             Length             Attributes
sdram_0_BEFORE_EXCEPTION 0x00800000         0x00000020
sdram_0          0x00800020         0x007fffe0
reset            0x01400000         0x00000020
cfi_flash_0      0x01400020         0x003fffe0
sram_0           0x01a00000         0x00080000
epcs_controller  0x01a81800         0x00000800
*default*        0x00000000         0xffffffff

Linker script and memory map

LOAD ../simple_socket_bsp//obj/HAL/src/crt0.o
LOAD obj/default/SSS_DE2_115.o
LOAD obj/default/alt_error_handler.o
LOAD obj/default/dm9000a.o
LOAD obj/default/iniche_init.o
LOAD obj/default/network_utilities.o
LOAD obj/default/simple_socket_server.o
LOAD obj/default/tse_my_system.o
LOAD c:/altera/13.0sp1/nios2eds/bin/gnu/h-i686-mingw32/bin/../lib/gcc/nios2-elf/4.1.2/../../../../nios2-elf/lib/mno-hw-mul\libstdc++.a
LOAD c:/altera/13.0sp1/nios2eds/bin/gnu/h-i686-mingw32/bin/../lib/gcc/nios2-elf/4.1.2/../../../../nios2-elf/lib/mno-hw-mul\libm.a
LOAD c:/altera/13.0sp1/nios2eds/bin/gnu/h-i686-mingw32/bin/../lib/gcc/nios2-elf/4.1.2/mno-hw-mul\libgcc.a
START GROUP
LOAD c:/altera/13.0sp1/nios2eds/bin/gnu/h-i686-mingw32/bin/../lib/gcc/nios2-elf/4.1.2/../../../../nios2-elf/lib/mno-hw-mul\libc.a
LOAD c:/altera/13.0sp1/nios2eds/bin/gnu/h-i686-mingw32/bin/../lib/gcc/nios2-elf/4.1.2/mno-hw-mul\libgcc.a
LOAD ../simple_socket_bsp/\libucosii_bsp.a
END GROUP
LOAD c:/altera/13.0sp1/nios2eds/bin/gnu/h-i686-mingw32/bin/../lib/gcc/nios2-elf/4.1.2/mno-hw-mul\libgcc.a
                0x00800000                __alt_mem_sdram_0 = 0x800000
                0x01400000                __alt_mem_cfi_flash_0 = 0x1400000
                0x01a00000                __alt_mem_sram_0 = 0x1a00000
                0x01a81800                __alt_mem_epcs_controller = 0x1a81800

.entry          0x01400000        0x0
 *(.entry)
 .entry         0x01400000        0x0 ../simple_socket_bsp//obj/HAL/src/crt0.o
                0x01400000                __reset

.exceptions     0x00800020      0x19c
                0x00800020                PROVIDE (__ram_exceptions_start, ABSOLUTE (.))
                0x00800020                . = ALIGN (0x20)
 *(.irq)
 *(.exceptions.entry.label)
 .exceptions.entry.label
                0x00800020        0x0 ../simple_socket_bsp/\libucosii_bsp.a(alt_irq_entry.o)
                0x00800020                alt_irq_entry
 .exceptions.entry.label
                0x00800020        0x0 ../simple_socket_bsp/\libucosii_bsp.a(alt_exception_entry.o)
                0x00800020                alt_exception
 *(.exceptions.entry.user)
 *(.exceptions.entry)
 .exceptions.entry
                0x00800020       0x54 ../simple_socket_bsp/\libucosii_bsp.a(alt_exception_entry.o)
 *(.exceptions.irqtest.user)
 *(.exceptions.irqtest)
 .exceptions.irqtest
                0x00800074       0x10 ../simple_socket_bsp/\libucosii_bsp.a(alt_irq_entry.o)
 *(.exceptions.irqhandler.user)
 *(.exceptions.irqhandler)
 .exceptions.irqhandler
                0x00800084        0x4 ../simple_socket_bsp/\libucosii_bsp.a(alt_irq_entry.o)
 *(.exceptions.irqreturn.user)
 *(.exceptions.irqreturn)
 .exceptions.irqreturn
                0x00800088        0x4 ../simple_socket_bsp/\libucosii_bsp.a(alt_irq_entry.o)
 *(.exceptions.notirq.label)
 .exceptions.notirq.label
                0x0080008c        0x0 ../simple_socket_bsp/\libucosii_bsp.a(alt_irq_entry.o)
 *(.exceptions.notirq.user)
 *(.exceptions.notirq)
 .exceptions.notirq
                0x0080008c        0x8 ../simple_socket_bsp/\libucosii_bsp.a(alt_exception_entry.o)
 *(.exceptions.soft.user)
 *(.exceptions.soft)
 *(.exceptions.unknown.user)
 *(.exceptions.unknown)
 .exceptions.unknown
                0x00800094        0x4 ../simple_socket_bsp/\libucosii_bsp.a(alt_exception_entry.o)
 *(.exceptions.exit.label)
 .exceptions.exit.label
                0x00800098        0x0 ../simple_socket_bsp/\libucosii_bsp.a(alt_irq_entry.o)
 .exceptions.exit.label
                0x00800098        0x0 ../simple_socket_bsp/\libucosii_bsp.a(alt_exception_entry.o)
 *(.exceptions.exit.user)
 *(.exceptions.exit)
 .exceptions.exit
                0x00800098       0x54 ../simple_socket_bsp/\libucosii_bsp.a(alt_exception_entry.o)
 *(.exceptions)
 .exceptions    0x008000ec       0xd0 ../simple_socket_bsp/\libucosii_bsp.a(alt_irq_handler.o)
                0x008000ec                alt_irq_handler
                0x008001bc                PROVIDE (__ram_exceptions_end, ABSOLUTE (.))
                0x00800020                PROVIDE (__flash_exceptions_start, LOADADDR (.exceptions))

.text           0x008001bc    0x415fc
                0x008001bc                PROVIDE (stext, ABSOLUTE (.))
 *(.interp)
 *(.hash)
 *(.dynsym)
 *(.dynstr)
 *(.gnu.version)
 *(.gnu.version_d)
 *(.gnu.version_r)
 *(.rel.init)
 *(.rela.init)
 *(.rel.text .rel.text.* .rel.gnu.linkonce.t.*)
 *(.rela.text .rela.text.* .rela.gnu.linkonce.t.*)
 *(.rel.fini)
 *(.rela.fini)
 *(.rel.rodata .rel.rodata.* .rel.gnu.linkonce.r.*)
 *(.rela.rodata .rela.rodata.* .rela.gnu.linkonce.r.*)
 *(.rel.data .rel.data.* .rel.gnu.linkonce.d.*)
 *(.rela.data .rela.data.* .rela.gnu.linkonce.d.*)
 *(.rel.tdata .rel.tdata.* .rel.gnu.linkonce.td.*)
 *(.rela.tdata .rela.tdata.* .rela.gnu.linkonce.td.*)
 *(.rel.tbss .rel.tbss.* .rel.gnu.linkonce.tb.*)
 *(.rela.tbss .rela.tbss.* .rela.gnu.linkonce.tb.*)
 *(.rel.ctors)
 *(.rela.ctors)
 *(.rel.dtors)
 *(.rela.dtors)
 *(.rel.got)
 *(.rela.got)
 *(.rel.sdata .rel.sdata.* .rel.gnu.linkonce.s.*)
 *(.rela.sdata .rela.sdata.* .rela.gnu.linkonce.s.*)
 *(.rel.sbss .rel.sbss.* .rel.gnu.linkonce.sb.*)
 *(.rela.sbss .rela.sbss.* .rela.gnu.linkonce.sb.*)
 *(.rel.sdata2 .rel.sdata2.* .rel.gnu.linkonce.s2.*)
 *(.rela.sdata2 .rela.sdata2.* .rela.gnu.linkonce.s2.*)
 *(.rel.sbss2 .rel.sbss2.* .rel.gnu.linkonce.sb2.*)
 *(.rela.sbss2 .rela.sbss2.* .rela.gnu.linkonce.sb2.*)
 *(.rel.bss .rel.bss.* .rel.gnu.linkonce.b.*)
 *(.rela.bss .rela.bss.* .rela.gnu.linkonce.b.*)
 *(.rel.plt)
 *(.rela.plt)
 *(.rel.dyn)
 *(.init)
 *(.plt)
 *(.text .stub .text.* .gnu.linkonce.t.*)
 .text          0x008001bc       0x38 ../simple_socket_bsp//obj/HAL/src/crt0.o
                0x008001bc                _start
 .text          0x008001f4      0x2ec obj/default/SSS_DE2_115.o
                0x008001f4                get_DE2_115_mac_addr
                0x0080039c                FindLastFlashSectorOffset
 .text          0x008004e0      0xba8 obj/default/alt_error_handler.o
                0x008004e0                alt_uCOSIIErrorHandler
                0x00800b04                alt_NetworkErrorHandler
                0x00800d9c                alt_SSSErrorHandler
 .text          0x00801088      0xe48 obj/default/dm9000a.o
                0x00801088                dm9000a_iow
                0x008010dc                dm9000a_ior
                0x00801128                phy_write
                0x008011c4                dm9000a_reset
                0x00801388                TransmitPacket
                0x008014a4                prep_dm9000a
                0x008016c0                dm9000a_init
                0x00801b10                dm9Ka_isr_wrap
                0x00801b50                dm9ka_init
                0x00801c48                dm9ka_close
                0x00801d58                dm9ka_stats
                0x00801db4                dm9ka_pkt_send
 .text          0x00801ed0      0x3a0 obj/default/iniche_init.o
                0x00801ed0                SSSInitialTask
                0x00802174                main
 .text          0x00802270      0x8a0 obj/default/network_utilities.o
                0x00802270                get_mac_addr
                0x008022c8                get_ip_addr
                0x00802494                get_serial_number
                0x00802674                generate_and_store_mac_addr
                0x00802840                generate_mac_addr
                0x0080297c                get_board_mac_addr
 .text          0x00802b10      0x934 obj/default/simple_socket_server.o
                0x00802b10                SSSCreateOSDataStructs
                0x00802bb8                sss_reset_connection
                0x00802c28                sss_send_menu
                0x00802db8                sss_handle_accept
                0x00802e78                sss_exec_command
                0x00802fec                sss_handle_receive
                0x008031d8                SSSSimpleSocketServerTask
 .text          0x00803444        0x0 obj/default/tse_my_system.o
 .text          0x00803444       0xa4 c:/altera/13.0sp1/nios2eds/bin/gnu/h-i686-mingw32/bin/../lib/gcc/nios2-elf/4.1.2/mno-hw-mul\libgcc.a(_fixunsdfsi.o)
                0x00803444                __fixunsdfsi
 .text          0x008034e8      0x504 c:/altera/13.0sp1/nios2eds/bin/gnu/h-i686-mingw32/bin/../lib/gcc/nios2-elf/4.1.2/mno-hw-mul\libgcc.a(_addsub_df.o)
                0x008038f8                __subdf3
                0x00803978                __adddf3
 .text          0x008039ec      0x3c4 c:/altera/13.0sp1/nios2eds/bin/gnu/h-i686-mingw32/bin/../lib/gcc/nios2-elf/4.1.2/mno-hw-mul\libgcc.a(_mul_df.o)
                0x008039ec                __muldf3
 .text          0x00803db0       0x88 c:/altera/13.0sp1/nios2eds/bin/gnu/h-i686-mingw32/bin/../lib/gcc/nios2-elf/4.1.2/mno-hw-mul\libgcc.a(_ge_df.o)
                0x00803db0                __gedf2
 .text          0x00803e38       0xd8 c:/altera/13.0sp1/nios2eds/bin/gnu/h-i686-mingw32/bin/../lib/gcc/nios2-elf/4.1.2/mno-hw-mul\libgcc.a(_df_to_si.o)
                0x00803e38                __fixdfsi
 .text          0x00803f10        0x0 c:/altera/13.0sp1/nios2eds/bin/gnu/h-i686-mingw32/bin/../lib/gcc/nios2-elf/4.1.2/mno-hw-mul\libgcc.a(_thenan_df.o)
 .text          0x00803f10      0x194 c:/altera/13.0sp1/nios2eds/bin/gnu/h-i686-mingw32/bin/../lib/gcc/nios2-elf/4.1.2/mno-hw-mul\libgcc.a(_usi_to_df.o)
                0x00803f10                __floatunsidf
 .text          0x008040a4       0x38 c:/altera/13.0sp1/nios2eds/bin/gnu/h-i686-mingw32/bin/../lib/gcc/nios2-elf/4.1.2/mno-hw-mul\libgcc.a(lib2-mul.o)
                0x008040a4                __mulsi3
 .text          0x008040dc      0x124 c:/altera/13.0sp1/nios2eds/bin/gnu/h-i686-mingw32/bin/../lib/gcc/nios2-elf/4.1.2/mno-hw-mul\libgcc.a(_muldi3.o)
                0x008040dc                __muldi3
 .text          0x00804200       0x80 c:/altera/13.0sp1/nios2eds/bin/gnu/h-i686-mingw32/bin/../lib/gcc/nios2-elf/4.1.2/mno-hw-mul\libgcc.a(_clzsi2.o)
                0x00804200                __clzsi2
 .text          0x00804280      0x314 c:/altera/13.0sp1/nios2eds/bin/gnu/h-i686-mingw32/bin/../lib/gcc/nios2-elf/4.1.2/mno-hw-mul\libgcc.a(_pack_df.o)
                0x00804280                __pack_d
 .text          0x00804594      0x138 c:/altera/13.0sp1/nios2eds/bin/gnu/h-i686-mingw32/bin/../lib/gcc/nios2-elf/4.1.2/mno-hw-mul\libgcc.a(_unpack_df.o)
                0x00804594                __unpack_d
 .text          0x008046cc       0xc8 c:/altera/13.0sp1/nios2eds/bin/gnu/h-i686-mingw32/bin/../lib/gcc/nios2-elf/4.1.2/mno-hw-mul\libgcc.a(_fpcmp_parts_df.o)
                0x008046cc                __fpcmp_parts_d
 .text          0x00804794        0x0 c:/altera/13.0sp1/nios2eds/bin/gnu/h-i686-mingw32/bin/../lib/gcc/nios2-elf/4.1.2/mno-hw-mul\libgcc.a(_clz.o)
 .text          0x00804794        0x0 c:/altera/13.0sp1/nios2eds/bin/gnu/h-i686-mingw32/bin/../lib/gcc/nios2-elf/4.1.2/../../../../nios2-elf/lib/mno-hw-mul\libc.a(lib_a-ctype_.o)
 .text          0x00804794       0x38 c:/altera/13.0sp1/nios2eds/bin/gnu/h-i686-mingw32/bin/../lib/gcc/nios2-elf/4.1.2/../../../../nios2-elf/lib/mno-hw-mul\libc.a(lib_a-exit.o)
                0x00804794                exit
 .text          0x008047cc       0x60 c:/altera/13.0sp1/nios2eds/bin/gnu/h-i686-mingw32/bin/../lib/gcc/nios2-elf/4.1.2/../../../../nios2-elf/lib/mno-hw-mul\libc.a(lib_a-fprintf.o)
                0x008047cc                fprintf
                0x008047f8                _fprintf_r
 .text          0x0080482c       0xec c:/altera/13.0sp1/nios2eds/bin/gnu/h-i686-mingw32/bin/../lib/gcc/nios2-elf/4.1.2/../../../../nios2-elf/lib/mno-hw-mul\libc.a(lib_a-fwrite.o)
                0x0080482c                _fwrite_r
                0x008048d8                fwrite
 .text          0x00804918      0x128 c:/altera/13.0sp1/nios2eds/bin/gnu/h-i686-mingw32/bin/../lib/gcc/nios2-elf/4.1.2/../../../../nios2-elf/lib/mno-hw-mul\libc.a(lib_a-getc.o)
                0x00804918                getc
                0x008049b0                _getc_r
 .text          0x00804a40        0x0 c:/altera/13.0sp1/nios2eds/bin/gnu/h-i686-mingw32/bin/../lib/gcc/nios2-elf/4.1.2/../../../../nios2-elf/lib/mno-hw-mul\libc.a(lib_a-impure.o)
 .text          0x00804a40       0xa0 c:/altera/13.0sp1/nios2eds/bin/gnu/h-i686-mingw32/bin/../lib/gcc/nios2-elf/4.1.2/../../../../nios2-elf/lib/mno-hw-mul\libc.a(lib_a-memcpy.o)
                0x00804a40                memcpy
 .text          0x00804ae0       0xe0 c:/altera/13.0sp1/nios2eds/bin/gnu/h-i686-mingw32/bin/../lib/gcc/nios2-elf/4.1.2/../../../../nios2-elf/lib/mno-hw-mul\libc.a(lib_a-memmove.o)
                0x00804ae0                memmove
 .text          0x00804bc0       0x98 c:/altera/13.0sp1/nios2eds/bin/gnu/h-i686-mingw32/bin/../lib/gcc/nios2-elf/4.1.2/../../../../nios2-elf/lib/mno-hw-mul\libc.a(lib_a-memset.o)
                0x00804bc0                memset
 .text          0x00804c58       0x80 c:/altera/13.0sp1/nios2eds/bin/gnu/h-i686-mingw32/bin/../lib/gcc/nios2-elf/4.1.2/../../../../nios2-elf/lib/mno-hw-mul\libc.a(lib_a-perror.o)
                0x00804c58                _perror_r
                0x00804cc4                perror
 .text          0x00804cd8       0x78 c:/altera/13.0sp1/nios2eds/bin/gnu/h-i686-mingw32/bin/../lib/gcc/nios2-elf/4.1.2/../../../../nios2-elf/lib/mno-hw-mul\libc.a(lib_a-printf.o)
                0x00804cd8                printf
                0x00804d1c                _printf_r
 .text          0x00804d50      0x1ec c:/altera/13.0sp1/nios2eds/bin/gnu/h-i686-mingw32/bin/../lib/gcc/nios2-elf/4.1.2/../../../../nios2-elf/lib/mno-hw-mul\libc.a(lib_a-putc.o)
                0x00804d50                putc
                0x00804e54                _putc_r
 .text          0x00804f3c       0x24 c:/altera/13.0sp1/nios2eds/bin/gnu/h-i686-mingw32/bin/../lib/gcc/nios2-elf/4.1.2/../../../../nios2-elf/lib/mno-hw-mul\libc.a(lib_a-putchar.o)
                0x00804f3c                putchar
                0x00804f58                _putchar_r
 .text          0x00804f60       0xb4 c:/altera/13.0sp1/nios2eds/bin/gnu/h-i686-mingw32/bin/../lib/gcc/nios2-elf/4.1.2/../../../../nios2-elf/lib/mno-hw-mul\libc.a(lib_a-puts.o)
                0x00804f60                _puts_r
                0x00805000                puts
 .text          0x00805014       0x60 c:/altera/13.0sp1/nios2eds/bin/gnu/h-i686-mingw32/bin/../lib/gcc/nios2-elf/4.1.2/../../../../nios2-elf/lib/mno-hw-mul\libc.a(lib_a-rget.o)
                0x00805014                __srget_r
                0x00805060                __srget
 .text          0x00805074       0xe0 c:/altera/13.0sp1/nios2eds/bin/gnu/h-i686-mingw32/bin/../lib/gcc/nios2-elf/4.1.2/../../../../nios2-elf/lib/mno-hw-mul\libc.a(lib_a-strchr.o)
                0x00805074                strchr
 .text          0x00805154      0x674 c:/altera/13.0sp1/nios2eds/bin/gnu/h-i686-mingw32/bin/../lib/gcc/nios2-elf/4.1.2/../../../../nios2-elf/lib/mno-hw-mul\libc.a(lib_a-strerror.o)
                0x00805154                strerror
 .text          0x008057c8       0x74 c:/altera/13.0sp1/nios2eds/bin/gnu/h-i686-mingw32/bin/../lib/gcc/nios2-elf/4.1.2/../../../../nios2-elf/lib/mno-hw-mul\libc.a(lib_a-strlen.o)
                0x008057c8                strlen
 .text          0x0080583c        0x8 c:/altera/13.0sp1/nios2eds/bin/gnu/h-i686-mingw32/bin/../lib/gcc/nios2-elf/4.1.2/../../../../nios2-elf/lib/mno-hw-mul\libc.a(lib_a-u_strerr.o)
                0x0080583c                _user_strerror
 .text          0x00805844     0x1f40 c:/altera/13.0sp1/nios2eds/bin/gnu/h-i686-mingw32/bin/../lib/gcc/nios2-elf/4.1.2/../../../../nios2-elf/lib/mno-hw-mul\libc.a(lib_a-vfprintf.o)
                0x0080589c                ___vfprintf_internal_r
                0x00807760                __vfprintf_internal
 .text          0x00807784      0x14c c:/altera/13.0sp1/nios2eds/bin/gnu/h-i686-mingw32/bin/../lib/gcc/nios2-elf/4.1.2/../../../../nios2-elf/lib/mno-hw-mul\libc.a(lib_a-wbuf.o)
                0x00807784                __swbuf_r
                0x008078b4                __swbuf
 .text          0x008078d0      0x13c c:/altera/13.0sp1/nios2eds/bin/gnu/h-i686-mingw32/bin/../lib/gcc/nios2-elf/4.1.2/../../../../nios2-elf/lib/mno-hw-mul\libc.a(lib_a-wsetup.o)
                0x008078d0                __swsetup_r
 .text          0x00807a0c      0x1b4 c:/altera/13.0sp1/nios2eds/bin/gnu/h-i686-mingw32/bin/../lib/gcc/nios2-elf/4.1.2/../../../../nios2-elf/lib/mno-hw-mul\libc.a(lib_a-__call_atexit.o)
                0x00807a10                __call_exitprocs
 .text          0x00807bc0     0x17f8 c:/altera/13.0sp1/nios2eds/bin/gnu/h-i686-mingw32/bin/../lib/gcc/nios2-elf/4.1.2/../../../../nios2-elf/lib/mno-hw-mul\libc.a(lib_a-dtoa.o)
                0x00807e04                _dtoa_r
 .text          0x008093b8      0x230 c:/altera/13.0sp1/nios2eds/bin/gnu/h-i686-mingw32/bin/../lib/gcc/nios2-elf/4.1.2/../../../../nios2-elf/lib/mno-hw-mul\libc.a(lib_a-fflush.o)
                0x008093b8                _fflush_r
                0x008095b4                fflush
 .text          0x008095e8      0x2f4 c:/altera/13.0sp1/nios2eds/bin/gnu/h-i686-mingw32/bin/../lib/gcc/nios2-elf/4.1.2/../../../../nios2-elf/lib/mno-hw-mul\libc.a(lib_a-findfp.o)
                0x00809640                __sfp_lock_acquire
                0x00809644                __sfp_lock_release
                0x00809648                __sinit_lock_acquire
                0x0080964c                __sinit_lock_release
                0x00809650                __sinit
                0x00809704                __fp_unlock_all
                0x0080971c                __fp_lock_all
                0x00809734                _cleanup_r
                0x00809740                _cleanup
                0x00809750                __sfmoreglue
                0x008097ec                __sfp
 .text          0x008098dc       0xbc c:/altera/13.0sp1/nios2eds/bin/gnu/h-i686-mingw32/bin/../lib/gcc/nios2-elf/4.1.2/../../../../nios2-elf/lib/mno-hw-mul\libc.a(lib_a-fputc.o)
                0x008098dc                fputc
                0x00809940                _fputc_r
 .text          0x00809998       0x90 c:/altera/13.0sp1/nios2eds/bin/gnu/h-i686-mingw32/bin/../lib/gcc/nios2-elf/4.1.2/../../../../nios2-elf/lib/mno-hw-mul\libc.a(lib_a-fputs.o)
                0x00809998                _fputs_r
                0x00809a0c                fputs
 .text          0x00809a28      0x440 c:/altera/13.0sp1/nios2eds/bin/gnu/h-i686-mingw32/bin/../lib/gcc/nios2-elf/4.1.2/../../../../nios2-elf/lib/mno-hw-mul\libc.a(lib_a-freer.o)
                0x00809a28                _malloc_trim_r
                0x00809b54                _free_r
 .text          0x00809e68      0x49c c:/altera/13.0sp1/nios2eds/bin/gnu/h-i686-mingw32/bin/../lib/gcc/nios2-elf/4.1.2/../../../../nios2-elf/lib/mno-hw-mul\libc.a(lib_a-fvwrite.o)
                0x00809e68                __sfvwrite_r
 .text          0x0080a304      0x180 c:/altera/13.0sp1/nios2eds/bin/gnu/h-i686-mingw32/bin/../lib/gcc/nios2-elf/4.1.2/../../../../nios2-elf/lib/mno-hw-mul\libc.a(lib_a-fwalk.o)
                0x0080a304                _fwalk_reent
                0x0080a3cc                _fwalk
 .text          0x0080a484       0xc4 c:/altera/13.0sp1/nios2eds/bin/gnu/h-i686-mingw32/bin/../lib/gcc/nios2-elf/4.1.2/../../../../nios2-elf/lib/mno-hw-mul\libc.a(lib_a-locale.o)
                0x0080a484                __locale_charset
                0x0080a48c                _localeconv_r
                0x0080a498                localeconv
                0x0080a4a8                _setlocale_r
                0x0080a52c                setlocale
 .text          0x0080a548      0x194 c:/altera/13.0sp1/nios2eds/bin/gnu/h-i686-mingw32/bin/../lib/gcc/nios2-elf/4.1.2/../../../../nios2-elf/lib/mno-hw-mul\libc.a(lib_a-makebuf.o)
                0x0080a548                __smakebuf_r
 .text          0x0080a6dc      0x740 c:/altera/13.0sp1/nios2eds/bin/gnu/h-i686-mingw32/bin/../lib/gcc/nios2-elf/4.1.2/../../../../nios2-elf/lib/mno-hw-mul\libc.a(lib_a-mallocr.o)
                0x0080a6dc                _malloc_r
 .text          0x0080ae1c       0xe4 c:/altera/13.0sp1/nios2eds/bin/gnu/h-i686-mingw32/bin/../lib/gcc/nios2-elf/4.1.2/../../../../nios2-elf/lib/mno-hw-mul\libc.a(lib_a-memchr.o)
                0x0080ae1c                memchr
 .text          0x0080af00     0x108c c:/altera/13.0sp1/nios2eds/bin/gnu/h-i686-mingw32/bin/../lib/gcc/nios2-elf/4.1.2/../../../../nios2-elf/lib/mno-hw-mul\libc.a(lib_a-mprec.o)
                0x0080af00                _Bfree
                0x0080af28                __hi0bits
                0x0080af98                __lo0bits
                0x0080b05c                __mcmp
                0x0080b0bc                __ulp
                0x0080b13c                __b2d
                0x0080b25c                __ratio
                0x0080b30c                _mprec_log10
                0x0080b3a0                __copybits
                0x0080b3f8                __any_on
                0x0080b480                _Balloc
                0x0080b53c                __d2b
                0x0080b6b8                __mdiff
                0x0080b844                __lshift
                0x0080b990                __multiply
                0x0080bbe4                __i2b
                0x0080bc20                __multadd
                0x0080bd4c                __pow5mult
                0x0080be6c                __s2b
 .text          0x0080bf8c      0x5f4 c:/altera/13.0sp1/nios2eds/bin/gnu/h-i686-mingw32/bin/../lib/gcc/nios2-elf/4.1.2/../../../../nios2-elf/lib/mno-hw-mul\libc.a(lib_a-reallocr.o)
                0x0080bf8c                _realloc_r
 .text          0x0080c580      0x1e0 c:/altera/13.0sp1/nios2eds/bin/gnu/h-i686-mingw32/bin/../lib/gcc/nios2-elf/4.1.2/../../../../nios2-elf/lib/mno-hw-mul\libc.a(lib_a-refill.o)
                0x0080c580                __srefill_r
 .text          0x0080c760       0x40 c:/altera/13.0sp1/nios2eds/bin/gnu/h-i686-mingw32/bin/../lib/gcc/nios2-elf/4.1.2/../../../../nios2-elf/lib/mno-hw-mul\libc.a(lib_a-s_isinfd.o)
                0x0080c760                __isinfd
 .text          0x0080c7a0       0x30 c:/altera/13.0sp1/nios2eds/bin/gnu/h-i686-mingw32/bin/../lib/gcc/nios2-elf/4.1.2/../../../../nios2-elf/lib/mno-hw-mul\libc.a(lib_a-s_isnand.o)
                0x0080c7a0                __isnand
 .text          0x0080c7d0       0x70 c:/altera/13.0sp1/nios2eds/bin/gnu/h-i686-mingw32/bin/../lib/gcc/nios2-elf/4.1.2/../../../../nios2-elf/lib/mno-hw-mul\libc.a(lib_a-sbrkr.o)
                0x0080c7d0                _sbrk_r
 .text          0x0080c840      0x14c c:/altera/13.0sp1/nios2eds/bin/gnu/h-i686-mingw32/bin/../lib/gcc/nios2-elf/4.1.2/../../../../nios2-elf/lib/mno-hw-mul\libc.a(lib_a-stdio.o)
                0x0080c840                __sclose
                0x0080c848                __sseek
                0x0080c8b0                __swrite
                0x0080c92c                __sread
 .text          0x0080c98c       0xbc c:/altera/13.0sp1/nios2eds/bin/gnu/h-i686-mingw32/bin/../lib/gcc/nios2-elf/4.1.2/../../../../nios2-elf/lib/mno-hw-mul\libc.a(lib_a-strcmp.o)
                0x0080c98c                strcmp
 .text          0x0080ca48       0x78 c:/altera/13.0sp1/nios2eds/bin/gnu/h-i686-mingw32/bin/../lib/gcc/nios2-elf/4.1.2/../../../../nios2-elf/lib/mno-hw-mul\libc.a(lib_a-writer.o)
                0x0080ca48                _write_r
 .text          0x0080cac0       0xc8 c:/altera/13.0sp1/nios2eds/bin/gnu/h-i686-mingw32/bin/../lib/gcc/nios2-elf/4.1.2/../../../../nios2-elf/lib/mno-hw-mul\libc.a(lib_a-callocr.o)
                0x0080cac0                _calloc_r
 .text          0x0080cb88       0x70 c:/altera/13.0sp1/nios2eds/bin/gnu/h-i686-mingw32/bin/../lib/gcc/nios2-elf/4.1.2/../../../../nios2-elf/lib/mno-hw-mul\libc.a(lib_a-closer.o)
                0x0080cb88                _close_r
 .text          0x0080cbf8      0x124 c:/altera/13.0sp1/nios2eds/bin/gnu/h-i686-mingw32/bin/../lib/gcc/nios2-elf/4.1.2/../../../../nios2-elf/lib/mno-hw-mul\libc.a(lib_a-fclose.o)
                0x0080cbf8                _fclose_r
                0x0080cd08                fclose
 .text          0x0080cd1c       0x74 c:/altera/13.0sp1/nios2eds/bin/gnu/h-i686-mingw32/bin/../lib/gcc/nios2-elf/4.1.2/../../../../nios2-elf/lib/mno-hw-mul\libc.a(lib_a-fstatr.o)
                0x0080cd1c                _fstat_r
 .text          0x0080cd90        0x0 c:/altera/13.0sp1/nios2eds/bin/gnu/h-i686-mingw32/bin/../lib/gcc/nios2-elf/4.1.2/../../../../nios2-elf/lib/mno-hw-mul\libc.a(lib_a-int_errno.o)
 .text          0x0080cd90       0x70 c:/altera/13.0sp1/nios2eds/bin/gnu/h-i686-mingw32/bin/../lib/gcc/nios2-elf/4.1.2/../../../../nios2-elf/lib/mno-hw-mul\libc.a(lib_a-isattyr.o)
                0x0080cd90                _isatty_r
 .text          0x0080ce00       0x78 c:/altera/13.0sp1/nios2eds/bin/gnu/h-i686-mingw32/bin/../lib/gcc/nios2-elf/4.1.2/../../../../nios2-elf/lib/mno-hw-mul\libc.a(lib_a-lseekr.o)
                0x0080ce00                _lseek_r
 .text          0x0080ce78       0x78 c:/altera/13.0sp1/nios2eds/bin/gnu/h-i686-mingw32/bin/../lib/gcc/nios2-elf/4.1.2/../../../../nios2-elf/lib/mno-hw-mul\libc.a(lib_a-readr.o)
                0x0080ce78                _read_r
 .text          0x0080cef0      0x66c c:/altera/13.0sp1/nios2eds/bin/gnu/h-i686-mingw32/bin/../lib/gcc/nios2-elf/4.1.2/mno-hw-mul\libgcc.a(_udivdi3.o)
                0x0080cef0                __udivdi3
 .text          0x0080d55c      0x660 c:/altera/13.0sp1/nios2eds/bin/gnu/h-i686-mingw32/bin/../lib/gcc/nios2-elf/4.1.2/mno-hw-mul\libgcc.a(_umoddi3.o)
                0x0080d55c                __umoddi3
 .text          0x0080dbbc      0x258 c:/altera/13.0sp1/nios2eds/bin/gnu/h-i686-mingw32/bin/../lib/gcc/nios2-elf/4.1.2/mno-hw-mul\libgcc.a(_div_df.o)
                0x0080dbbc                __divdf3
 .text          0x0080de14       0x88 c:/altera/13.0sp1/nios2eds/bin/gnu/h-i686-mingw32/bin/../lib/gcc/nios2-elf/4.1.2/mno-hw-mul\libgcc.a(_eq_df.o)
                0x0080de14                __eqdf2
 .text          0x0080de9c       0x88 c:/altera/13.0sp1/nios2eds/bin/gnu/h-i686-mingw32/bin/../lib/gcc/nios2-elf/4.1.2/mno-hw-mul\libgcc.a(_ne_df.o)
                0x0080de9c                __nedf2
 .text          0x0080df24       0x88 c:/altera/13.0sp1/nios2eds/bin/gnu/h-i686-mingw32/bin/../lib/gcc/nios2-elf/4.1.2/mno-hw-mul\libgcc.a(_gt_df.o)
                0x0080df24                __gtdf2
 .text          0x0080dfac       0x88 c:/altera/13.0sp1/nios2eds/bin/gnu/h-i686-mingw32/bin/../lib/gcc/nios2-elf/4.1.2/mno-hw-mul\libgcc.a(_lt_df.o)
                0x0080dfac                __ltdf2
 .text          0x0080e034       0xf8 c:/altera/13.0sp1/nios2eds/bin/gnu/h-i686-mingw32/bin/../lib/gcc/nios2-elf/4.1.2/mno-hw-mul\libgcc.a(_si_to_df.o)
                0x0080e034                __floatsidf
 .text          0x0080e12c      0x14c c:/altera/13.0sp1/nios2eds/bin/gnu/h-i686-mingw32/bin/../lib/gcc/nios2-elf/4.1.2/mno-hw-mul\libgcc.a(lib2-divmod.o)
                0x0080e1a8                __divsi3
                0x0080e208                __modsi3
                0x0080e268                __udivsi3
                0x0080e270                __umodsi3
 .text          0x0080e278       0x6c ../simple_socket_bsp/\libucosii_bsp.a(alt_exit.o)
                0x0080e2b8                _exit
 .text          0x0080e2e4       0xd0 ../simple_socket_bsp/\libucosii_bsp.a(alt_flash_dev.o)
                0x0080e2e4                alt_flash_open_dev
                0x0080e360                alt_flash_close_dev
 .text          0x0080e3b4      0x138 ../simple_socket_bsp/\libucosii_bsp.a(alt_fstat.o)
                0x0080e3b4                fstat
 .text          0x0080e4ec      0x1c0 ../simple_socket_bsp/\libucosii_bsp.a(alt_irq_register.o)
                0x0080e4ec                alt_irq_register
 .text          0x0080e6ac        0x0 ../simple_socket_bsp/\libucosii_bsp.a(alt_irq_vars.o)
 .text          0x0080e6ac      0x124 ../simple_socket_bsp/\libucosii_bsp.a(alt_isatty.o)
                0x0080e6ac                isatty
 .text          0x0080e7d0      0x154 ../simple_socket_bsp/\libucosii_bsp.a(alt_lseek.o)
                0x0080e7d0                lseek
 .text          0x0080e924       0xb8 ../simple_socket_bsp/\libucosii_bsp.a(alt_main.o)
                0x0080e924                alt_main
 .text          0x0080e9dc       0xbc ../simple_socket_bsp/\libucosii_bsp.a(alt_sbrk.o)
                0x0080e9dc                sbrk
 .text          0x0080ea98      0x120 ../simple_socket_bsp/\libucosii_bsp.a(alt_usleep.o)
                0x0080ea98                usleep
 .text          0x0080ebb8      0x108 ../simple_socket_bsp/\libucosii_bsp.a(alt_env_lock.o)
                0x0080ebb8                __env_lock
                0x0080ec64                __env_unlock
 .text          0x0080ecc0      0x1d8 ../simple_socket_bsp/\libucosii_bsp.a(alt_malloc_lock.o)
                0x0080ecc0                __malloc_lock
                0x0080edc8                __malloc_unlock
 .text          0x0080ee98     0x2128 ../simple_socket_bsp/\libucosii_bsp.a(os_core.o)
                0x0080ee98                OSEventNameGet
                0x0080efc8                OSEventNameSet
                0x0080f10c                OSEventPendMulti
                0x0080f7c0                OSInit
                0x0080f814                OSIntEnter
                0x0080f890                OSIntExit
                0x0080f990                OSSchedLock
                0x0080fa1c                OSSchedUnlock
                0x0080fb00                OSStart
                0x0080fb70                OSStatInit
                0x0080fc1c                OSTimeTick
                0x0080fe5c                OSVersion
                0x0080fe7c                OS_Dummy
                0x0080fe98                OS_EventTaskRdy
                0x0081002c                OS_EventTaskWait
                0x0081013c                OS_EventTaskWaitMulti
                0x00810290                OS_EventTaskRemove
                0x00810348                OS_EventTaskRemoveMulti
                0x0081044c                OS_EventWaitListInit
                0x00810818                OS_MemClr
                0x0081086c                OS_MemCopy
                0x008108d8                OS_Sched
                0x00810a1c                OS_StrCopy
                0x00810a9c                OS_StrLen
                0x00810af4                OS_TaskIdle
                0x00810b50                OS_TaskStat
                0x00810c18                OS_TaskStatStkChk
                0x00810ce0                OS_TCBInit
 .text          0x00810fc0      0x18c ../simple_socket_bsp/\libucosii_bsp.a(os_dbg.o)
                0x00810fc0                OSDebugInit
 .text          0x0081114c     0x193c ../simple_socket_bsp/\libucosii_bsp.a(os_flag.o)
                0x0081114c                OSFlagAccept
                0x00811480                OSFlagCreate
                0x008115bc                OSFlagDel
                0x00811864                OSFlagNameGet
                0x008119a8                OSFlagNameSet
                0x00811afc                OSFlagPend
                0x00812140                OSFlagPendGetFlagsRdy
                0x008121a8                OSFlagPost
                0x00812550                OSFlagQuery
                0x008127e8                OS_FlagInit
                0x008129dc                OS_FlagUnlink
 .text          0x00812a88      0x80c ../simple_socket_bsp/\libucosii_bsp.a(os_mem.o)
                0x00812a88                OSMemCreate
                0x00812ca4                OSMemGet
                0x00812da8                OSMemNameGet
                0x00812eb4                OSMemNameSet
                0x00812fd4                OSMemPut
                0x008130c4                OSMemQuery
                0x008131c0                OS_MemInit
 .text          0x00813294     0x1334 ../simple_socket_bsp/\libucosii_bsp.a(os_q.o)
                0x00813294                OSQAccept
                0x008133e8                OSQCreate
                0x008135fc                OSQDel
                0x008138fc                OSQFlush
                0x008139c4                OSQPend
                0x00813ce4                OSQPendAbort
                0x00813e60                OSQPost
                0x00813fe0                OSQPostFront
                0x00814168                OSQPostOpt
                0x0081439c                OSQQuery
                0x0081451c                OS_QInit
 .text          0x008145c8      0xbc8 ../simple_socket_bsp/\libucosii_bsp.a(os_sem.o)
                0x008145c8                OSSemAccept
                0x00814688                OSSemCreate
                0x0081479c                OSSemDel
                0x00814a3c                OSSemPend
                0x00814cb8                OSSemPendAbort
                0x00814e34                OSSemPost
                0x00814f5c                OSSemQuery
                0x0081508c                OSSemSet
 .text          0x00815190     0x1a40 ../simple_socket_bsp/\libucosii_bsp.a(os_task.o)
                0x00815190                OSTaskChangePrio
                0x00815704                OSTaskCreate
                0x008158d8                OSTaskCreateExt
                0x00815ad8                OSTaskDel
                0x00815ee4                OSTaskDelReq
                0x00816054                OSTaskNameGet
                0x0081620c                OSTaskNameSet
                0x008163d0                OSTaskResume
                0x008165e8                OSTaskStkChk
                0x008167e4                OSTaskSuspend
                0x00816a10                OSTaskQuery
                0x00816b54                OS_TaskStkClr
 .text          0x00816bd0      0x67c ../simple_socket_bsp/\libucosii_bsp.a(os_time.o)
                0x00816bd0                OSTimeDly
                0x00816d1c                OSTimeDlyHMSM
                0x00816f74                OSTimeDlyResume
                0x00817184                OSTimeGet
                0x008171e8                OSTimeSet
 .text          0x0081724c       0xe0 ../simple_socket_bsp/\libucosii_bsp.a(alt_sys_init.o)
                0x0081724c                alt_irq_init
                0x00817280                alt_sys_init
 .text          0x0081732c      0x8c8 ../simple_socket_bsp/\libucosii_bsp.a(altera_avalon_cfi_flash.o)
                0x0081732c                alt_flash_cfi_init
                0x00817400                alt_flash_cfi_write
                0x008176c0                alt_flash_cfi_get_info
                0x00817750                alt_flash_cfi_read
                0x008177b8                alt_write_value_to_flash
                0x0081791c                alt_flash_program_block
 .text          0x00817bf4     0x14b4 ../simple_socket_bsp/\libucosii_bsp.a(altera_avalon_cfi_flash_table.o)
                0x00817bf4                alt_read_query_entry_8bit
                0x00817c34                alt_read_query_entry_16bit
                0x00817c78                alt_read_query_entry_32bit
                0x00817cc0                alt_write_flash_command_8bit_device_8bit_mode
                0x00817cfc                alt_write_flash_command_16bit_device_8bit_mode
                0x00817d78                alt_write_flash_command_32bit_device_8bit_mode
                0x00817dc0                alt_write_flash_command_16bit_device_16bit_mode
                0x00817e04                alt_write_flash_command_32bit_device_16bit_mode
                0x00817e4c                alt_write_flash_command_32bit_device_32bit_mode
                0x00817e94                alt_write_native_8bit
                0x00817ec8                alt_write_native_16bit
                0x00817efc                alt_write_native_32bit
                0x00817f2c                alt_set_flash_width_func
                0x0081810c                alt_set_flash_algorithm_func
                0x00818234                alt_read_cfi_table
                0x00818820                alt_read_cfi_width
                0x00818fcc                alt_check_primary_table
 .text          0x008190a8      0x9e4 ../simple_socket_bsp/\libucosii_bsp.a(altera_avalon_epcs_flash_controller.o)
                0x008190a8                alt_epcs_flash_init
                0x008194c4                alt_epcs_flash_write
                0x00819744                alt_epcs_flash_get_info
                0x008197d4                alt_epcs_flash_erase_block
                0x008198d8                alt_epcs_flash_write_block
                0x008199f4                alt_epcs_flash_read
 .text          0x00819a8c      0x148 ../simple_socket_bsp/\libucosii_bsp.a(altera_avalon_jtag_uart_fd.o)
                0x00819a8c                altera_avalon_jtag_uart_read_fd
                0x00819ae4                altera_avalon_jtag_uart_write_fd
                0x00819b3c                altera_avalon_jtag_uart_close_fd
                0x00819b84                altera_avalon_jtag_uart_ioctl_fd
 .text          0x00819bd4      0x584 ../simple_socket_bsp/\libucosii_bsp.a(altera_avalon_jtag_uart_init.o)
                0x00819bd4                altera_avalon_jtag_uart_init
                0x0081a0e4                altera_avalon_jtag_uart_close
 .text          0x0081a158       0xf4 ../simple_socket_bsp/\libucosii_bsp.a(altera_avalon_jtag_uart_ioctl.o)
                0x0081a158                altera_avalon_jtag_uart_ioctl
 .text          0x0081a24c      0x2c0 ../simple_socket_bsp/\libucosii_bsp.a(altera_avalon_jtag_uart_read.o)
                0x0081a24c                altera_avalon_jtag_uart_read
 .text          0x0081a50c      0x2dc ../simple_socket_bsp/\libucosii_bsp.a(altera_avalon_jtag_uart_write.o)
                0x0081a50c                altera_avalon_jtag_uart_write
 .text          0x0081a7e8      0x100 ../simple_socket_bsp/\libucosii_bsp.a(altera_avalon_timer_sc.o)
                0x0081a858                alt_avalon_timer_sc_init
 .text          0x0081a8e8      0x6d4 ../simple_socket_bsp/\libucosii_bsp.a(epcs_commands.o)
                0x0081a8e8                epcs_read_status_register
                0x0081a948                epcs_sector_erase
                0x0081aab0                epcs_read_buffer
                0x0081abfc                epcs_write_enable
                0x0081ac4c                epcs_write_status_register
                0x0081acb0                epcs_write_buffer
                0x0081ae20                epcs_read_electronic_signature
                0x0081ae8c                epcs_read_device_id
                0x0081af0c                epcs_enter_4_bytes_mode
                0x0081af64                epcs_exit_4_bytes_mode
 .text          0x0081afbc       0x54 ../simple_socket_bsp/\libucosii_bsp.a(alt_iniche_close.o)
                0x0081afbc                close
 .text          0x0081b010      0x124 ../simple_socket_bsp/\libucosii_bsp.a(alt_iniche_dev.o)
                0x0081b010                iniche_devices_init
 .text          0x0081b134       0x78 ../simple_socket_bsp/\libucosii_bsp.a(alt_iniche_read.o)
                0x0081b134                read
 .text          0x0081b1ac       0x70 ../simple_socket_bsp/\libucosii_bsp.a(alt_iniche_write.o)
                0x0081b1ac                write
 .text          0x0081b21c      0xedc ../simple_socket_bsp/\libucosii_bsp.a(ipnet.o)
                0x0081b21c                Netinit
                0x0081b868                fixup_subnet_mask
                0x0081b9c8                netclose
                0x0081bab0                pktdemux
                0x0081be84                c_older
                0x0081bf54                ip2mac
 .text          0x0081c0f8      0x4bc ../simple_socket_bsp/\libucosii_bsp.a(ipstart.o)
                0x0081c0f8                ip_startup
                0x0081c3e8                exit_hook
                0x0081c454                ip_exit
                0x0081c524                if_netnumber
 .text          0x0081c5b4     0x10e8 ../simple_socket_bsp/\libucosii_bsp.a(igmp_cmn.o)
                0x0081c5b4                igmp_init
                0x0081c6a4                igmp_input
                0x0081c79c                igmp_fasttimo
                0x0081c9d0                igmp_send
                0x0081cc78                igmp_joingroup
                0x0081cee4                igmp_leavegroup
                0x0081cf60                igmp_validate
                0x0081d2bc                igmp_print_stats
 .text          0x0081d69c      0xbd8 ../simple_socket_bsp/\libucosii_bsp.a(bsdsock.o)
                0x0081d69c                bsd_accept
                0x0081d7d4                bsd_getpeername
                0x0081d900                bsd_getsockname
                0x0081da2c                bsd_i_sockoptlen
                0x0081dbe4                bsd_getsockopt
                0x0081dd04                bsd_ioctl
                0x0081de08                bsd_inet_ntoa
                0x0081de38                bsd_recvfrom
                0x0081df98                bsd_select
                0x0081e188                bsd_setsockopt
 .text          0x0081e274      0x118 ../simple_socket_bsp/\libucosii_bsp.a(cksum.o)
                0x0081e274                ccksum
                0x0081e324                cksum
 .text          0x0081e38c      0xa9c ../simple_socket_bsp/\libucosii_bsp.a(in_utils.o)
                0x0081e38c                do_trap
                0x0081e3b8                nextarg
                0x0081e434                hexdump
                0x0081e57c                print_ipad
                0x0081e5f0                print_uptime
                0x0081e71c                panic
                0x0081e760                print_eth
                0x0081e8c4                uslash
                0x0081e944                ns_printf
                0x0081eac8                std_out
                0x0081eb0c                con_page
                0x0081ebfc                parse_args
 .text          0x0081ee28      0x1cc ../simple_socket_bsp/\libucosii_bsp.a(netmain.o)
                0x0081ee28                netmain
                0x0081ef24                tk_netmain
                0x0081efac                tk_nettick
 .text          0x0081eff4      0x81c ../simple_socket_bsp/\libucosii_bsp.a(parseip.o)
                0x0081eff4                parse_ipad
                0x0081f310                inet_addr
                0x0081f378                hextoa
                0x0081f3e8                inet_pton
                0x0081f494                inet_ntop
                0x0081f520                print46_addr
                0x0081f580                inet46_addr
                0x0081f644                inet_setport
                0x0081f6b8                convert_ip
 .text          0x0081f810      0x62c ../simple_socket_bsp/\libucosii_bsp.a(tk_crnos.o)
                0x0081f810                TK_OSTimeDly
                0x0081f83c                TK_OSTaskResume
                0x0081f8ac                tcp_sleep
                0x0081fa74                tcp_wakeup
                0x0081fb94                TK_OSTaskQuery
                0x0081fc08                tk_yield
                0x0081fc34                tk_stats
 .text          0x0081fe3c      0x79c ../simple_socket_bsp/\libucosii_bsp.a(pktalloc.o)
                0x0081fe3c                pk_init
                0x008200cc                pk_alloc
                0x008201a8                pk_validate
                0x00820460                pk_free
                0x0082050c                pk_get_max_intrsafe_buf_len
                0x0082052c                dump_buf_estats
 .text          0x008205d8      0x288 ../simple_socket_bsp/\libucosii_bsp.a(q.o)
                0x008205d8                getq
                0x008206a0                putq
                0x00820750                qdel
 .text          0x00820860      0x194 ../simple_socket_bsp/\libucosii_bsp.a(asm_cksum.o)
                0x00820860                asm_cksum
 .text          0x008209f4      0x2e4 ../simple_socket_bsp/\libucosii_bsp.a(brdutils.o)
                0x008209f4                dtrap
                0x00820a24                kbhit
                0x00820ad0                getch
                0x00820b30                clock_init
                0x00820b6c                clock_c
                0x00820b88                cticks_hook
                0x00820c38                irq_Mask
                0x00820c94                irq_Unmask
 .text          0x00820cd8      0x488 ../simple_socket_bsp/\libucosii_bsp.a(osportco.o)
                0x00820cd8                LOCK_NET_RESOURCE
                0x00820d98                UNLOCK_NET_RESOURCE
                0x00820e20                TK_NEWTASK
                0x00821034                wait_app_sem
                0x008210e8                post_app_sem
 .text          0x00821160      0x58c ../simple_socket_bsp/\libucosii_bsp.a(targnios.o)
                0x00821160                alt_iniche_init
                0x008213a0                pre_task_setup
                0x00821414                post_task_setup
                0x00821434                prep_armintcp
                0x0082146c                calloc2
                0x008214a0                npalloc
                0x00821594                npfree
                0x0082164c                ncpalloc
                0x008216a0                ncpfree
 .text          0x008216ec     0x19b8 ../simple_socket_bsp/\libucosii_bsp.a(nptcp.o)
                0x008216ec                pffindtype
                0x0082178c                pffindproto
                0x0082185c                m_getnbuf
                0x00821a04                m_free
                0x00821b38                m_freem
                0x00821b7c                m_copy
                0x00821ea0                m_adj
                0x00822070                mbuf_len
                0x008220c8                dtom
                0x00822170                remque
                0x008221e0                insque
                0x0082225c                nptcp_init
                0x00822380                tcp_rcv
                0x0082256c                ip_output
                0x00822b64                in_broadcast
                0x00822ba4                np_stripoptions
                0x00822c8c                so_icmpdu
                0x00822fe4                tcp_tick
 .text          0x008230a4      0xa2c ../simple_socket_bsp/\libucosii_bsp.a(rawsock.o)
                0x008230a4                rawip_lookup
                0x00823114                rawip_soinput
                0x008232e8                rawip_usrreq
 .text          0x00823ad0     0x17fc ../simple_socket_bsp/\libucosii_bsp.a(sockcall.o)
                0x00823ad0                DOMAIN_CHECK
                0x00823b1c                t_socket
                0x00823bac                t_bind
                0x00823d28                t_listen
                0x00823e0c                t_accept
                0x008240a4                t_connect
                0x0082434c                t_getpeername
                0x00824390                t_getsockname
                0x008245d0                t_setsockopt
                0x008247ac                t_getsockopt
                0x00824950                t_recv
                0x00824a40                t_recvfrom
                0x00824b90                t_sendto
                0x00824dbc                t_send
                0x00824fe4                t_shutdown
                0x008250c8                t_socketclose
                0x00825230                t_errno
 .text          0x008252cc     0x23ec ../simple_socket_bsp/\libucosii_bsp.a(socket.o)
                0x008252cc                socreate
                0x00825498                sobind
                0x008254f4                solisten
                0x008255e4                sofree
                0x00825714                soclose
                0x00825a80                soabort
                0x00825ad0                soaccept
                0x00825b6c                soconnect
                0x00825c40                sodisconnect
                0x00825ce0                sosend
                0x008262e8                soreceive
                0x00826acc                soshutdown
                0x00826b74                sorflush
                0x00826c74                sosetopt
                0x00827134                sogetopt
                0x00827674                sohasoutofband
 .text          0x008276b8     0x1318 ../simple_socket_bsp/\libucosii_bsp.a(socket2.o)
                0x008276b8                soisconnecting
                0x00827724                soisconnected
                0x00827820                soisdisconnecting
                0x008278ac                soisdisconnected
                0x00827968                sonewconn
                0x00827b84                soqinsque
                0x00827c30                soqremque
                0x00827d50                socantsendmore
                0x00827da0                socantrcvmore
                0x00827df0                sbselqueue
                0x00827e28                sbwait
                0x00827e90                sbwakeup
                0x00827f2c                soreserve
                0x00827fac                sbreserve
                0x0082800c                sbrelease
                0x00828054                sbappend
                0x008280fc                sbappendrecord
                0x008281dc                sbappendaddr
                0x008283e4                sbcompress
                0x008285cc                sbflush
                0x0082865c                sbdrop
                0x0082882c                sbdropend
                0x0082893c                sbdroprecord
 .text          0x008289d0      0x91c ../simple_socket_bsp/\libucosii_bsp.a(soselect.o)
                0x008289d0                t_select
                0x00828bf0                sock_selscan
                0x00828d50                sock_select
                0x00828f64                in_pcbnotify
                0x00829030                tcp_notify
                0x00829098                ifd_clr
                0x00829188                ifd_set
                0x008291fc                ifd_isset
                0x0082927c                ifd_get
 .text          0x008292ec     0x3028 ../simple_socket_bsp/\libucosii_bsp.a(tcp_in.o)
                0x008292ec                tcp_reass
                0x008296f4                tcp_input
                0x0082bc50                tcp_dooptions
                0x0082bde0                tcp_pulloutofband
                0x0082bf0c                tcp_xmit_timer
                0x0082c1b0                ip4_tcpmss
                0x0082c1f8                tcp_mss
 .text          0x0082c314     0x1370 ../simple_socket_bsp/\libucosii_bsp.a(tcp_out.o)
                0x0082c314                tcp_output
                0x0082d4a0                tcp_setpersist
 .text          0x0082d684      0x9e8 ../simple_socket_bsp/\libucosii_bsp.a(tcp_subr.o)
                0x0082d684                tcp_init
                0x0082d6dc                tcp_template
                0x0082d7f4                tcp_respond
                0x0082dc7c                tcp_newtcpcb
                0x0082dd94                tcp_drop
                0x0082de40                tcp_close
                0x0082df28                tcp_quench
                0x0082df74                tcp_putseq
                0x0082dff4                tcp_getseq
 .text          0x0082e06c      0x798 ../simple_socket_bsp/\libucosii_bsp.a(tcp_timr.o)
                0x0082e06c                tcp_slowtimo
                0x0082e30c                tcp_canceltimers
                0x0082e368                tcp_timers
 .text          0x0082e804      0x9ec ../simple_socket_bsp/\libucosii_bsp.a(tcp_usr.o)
                0x0082e804                tcp_usrreq
                0x0082ef08                tcp_attach
                0x0082f03c                tcp_disconnect
                0x0082f110                tcp_usrclosed
 .text          0x0082f1f0       0x4c ../simple_socket_bsp/\libucosii_bsp.a(tcpport.o)
                0x0082f1f0                tcpinit
 .text          0x0082f23c      0xd20 ../simple_socket_bsp/\libucosii_bsp.a(udpsock.o)
                0x0082f23c                udp_lookup
                0x0082f2ac                udp_soinput
                0x0082f464                udp_usrreq
                0x0082f6e8                udp4_sockbind
                0x0082fa24                udp4_socksend
                0x0082fe00                udp4_sockaddr
 .text          0x0082ff5c      0x154 ../simple_socket_bsp/\libucosii_bsp.a(alt_alarm_start.o)
                0x0082ff5c                alt_alarm_start
 .text          0x008300b0      0x15c ../simple_socket_bsp/\libucosii_bsp.a(alt_busy_sleep.o)
                0x008300b0                alt_busy_sleep
 .text          0x0083020c      0x160 ../simple_socket_bsp/\libucosii_bsp.a(alt_close.o)
                0x0083020c                alt_close
 .text          0x0083036c       0x24 ../simple_socket_bsp/\libucosii_bsp.a(alt_dcache_flush.o)
                0x0083036c                alt_dcache_flush
 .text          0x00830390       0x2c ../simple_socket_bsp/\libucosii_bsp.a(alt_dev.o)
 .text          0x008303bc      0x114 ../simple_socket_bsp/\libucosii_bsp.a(alt_dev_llist_insert.o)
                0x008303bc                alt_dev_llist_insert
 .text          0x008304d0        0x0 ../simple_socket_bsp/\libucosii_bsp.a(alt_errno.o)
 .text          0x008304d0       0x94 ../simple_socket_bsp/\libucosii_bsp.a(alt_find_dev.o)
                0x008304d0                alt_find_dev
 .text          0x00830564      0x1d4 ../simple_socket_bsp/\libucosii_bsp.a(alt_iic.o)
                0x00830564                alt_ic_isr_register
                0x008305b4                alt_ic_irq_enable
                0x00830650                alt_ic_irq_disable
                0x008306f0                alt_ic_irq_enabled
 .text          0x00830738       0xf8 ../simple_socket_bsp/\libucosii_bsp.a(alt_iic_isr_register.o)
                0x00830738                alt_iic_isr_register
 .text          0x00830830      0x150 ../simple_socket_bsp/\libucosii_bsp.a(alt_io_redirect.o)
                0x00830908                alt_io_redirect
 .text          0x00830980        0x0 ../simple_socket_bsp/\libucosii_bsp.a(alt_irq_entry.o)
 .text          0x00830980        0x0 ../simple_socket_bsp/\libucosii_bsp.a(alt_irq_handler.o)
 .text          0x00830980      0x2e4 ../simple_socket_bsp/\libucosii_bsp.a(alt_open.o)
                0x00830a78                open
 .text          0x00830c64      0x184 ../simple_socket_bsp/\libucosii_bsp.a(alt_read.o)
                0x00830c64                alt_read
 .text          0x00830de8       0x78 ../simple_socket_bsp/\libucosii_bsp.a(alt_release_fd.o)
                0x00830de8                alt_release_fd
 .text          0x00830e60       0x38 ../simple_socket_bsp/\libucosii_bsp.a(alt_remap_cached.o)
                0x00830e60                alt_remap_cached
 .text          0x00830e98       0x40 ../simple_socket_bsp/\libucosii_bsp.a(alt_remap_uncached.o)
                0x00830e98                alt_remap_uncached
 .text          0x00830ed8      0x1a8 ../simple_socket_bsp/\libucosii_bsp.a(alt_tick.o)
                0x00830ed8                alt_alarm_stop
                0x00830f70                alt_tick
 .text          0x00831080      0x184 ../simple_socket_bsp/\libucosii_bsp.a(alt_write.o)
                0x00831080                alt_write
 .text          0x00831204       0x20 ../simple_socket_bsp/\libucosii_bsp.a(altera_nios2_qsys_irq.o)
                0x00831204                altera_nios2_qsys_irq_init
 .text          0x00831224       0xd0 ../simple_socket_bsp/\libucosii_bsp.a(os_cpu_a.o)
                0x00831224                OSCtxSw
                0x00831224                OSIntCtxSw
                0x008312b0                OSStartHighRdy
                0x008312d0                OSStartTsk
 .text          0x008312f4      0x424 ../simple_socket_bsp/\libucosii_bsp.a(os_cpu_c.o)
                0x008312f4                OSTaskStkInit
                0x00831604                OSTaskCreateHook
                0x00831624                OSTaskDelHook
                0x00831644                OSTaskSwHook
                0x00831660                OSTaskStatHook
                0x0083167c                OSTimeTickHook
                0x008316a4                OSInitHookBegin
                0x008316c0                OSInitHookEnd
                0x008316dc                OSTaskIdleHook
                0x008316f8                OSTCBInitHook
 .text          0x00831718      0x464 ../simple_socket_bsp/\libucosii_bsp.a(altera_avalon_cfi_flash_amd.o)
                0x00831718                alt_program_amd
                0x00831780                alt_erase_block_amd
 .text          0x00831b7c      0x464 ../simple_socket_bsp/\libucosii_bsp.a(altera_avalon_cfi_flash_intel.o)
                0x00831b7c                alt_program_intel
                0x00831c00                alt_erase_block_intel
 .text          0x00831fe0      0x238 ../simple_socket_bsp/\libucosii_bsp.a(altera_avalon_spi.o)
                0x00831fe0                alt_avalon_spi_command
 .text          0x00832218      0x440 ../simple_socket_bsp/\libucosii_bsp.a(allports.o)
                0x00832218                netmain_init
                0x00832310                icmp_port_du
                0x00832398                station_state
                0x008324fc                sysuptime
                0x00832590                packet_check
                0x008325dc                mcastlist
                0x00832600                prep_modules
 .text          0x00832658      0x604 ../simple_socket_bsp/\libucosii_bsp.a(timeouts.o)
                0x00832658                inet_timer
                0x00832994                in_timerset
                0x00832ba4                in_timerkill
 .text          0x00832c5c       0xa4 ../simple_socket_bsp/\libucosii_bsp.a(tk_misc.o)
                0x00832c5c                create_apptasks
                0x00832c80                task_stats
 .text          0x00832d00       0xb0 ../simple_socket_bsp/\libucosii_bsp.a(alt_iniche_fcntl.o)
                0x00832d00                fcntl
 .text          0x00832db0     0x15b0 ../simple_socket_bsp/\libucosii_bsp.a(et_arp.o)
                0x00832db0                etainit
                0x00832e04                et_send
                0x00832f80                arp_free_pending
                0x00833008                arp_send_pending
                0x0083307c                send_arp
                0x00833514                find_oldest_arp
                0x00833710                make_arp_entry
                0x00833824                arpReply
                0x00833ab8                arprcv
                0x00833d18                send_via_arp
                0x00833ee8                cb_arpent_tmo
                0x00834094                grat_arp
 .text          0x00834360      0x298 ../simple_socket_bsp/\libucosii_bsp.a(iface.o)
                0x00834360                if_getbynum
                0x008343e4                isbcast
                0x008344c4                reg_type
                0x00834560                if_killsocks
 .text          0x008345f8     0x22c8 ../simple_socket_bsp/\libucosii_bsp.a(ip.o)
                0x008345f8                ip_init
                0x00834708                ip_bldhead
                0x008348ac                ip_write_internal
                0x0083502c                ip_write
                0x00835274                ip_write2
                0x00835624                ip_raw_write
                0x008356fc                ip_fragment_lc
                0x00835b84                ip_fragment
                0x008361b8                ip_mymach
                0x00836264                ip_dump
                0x0083651c                iproute
                0x00836788                ip_copypkt
 .text          0x008368c0     0x1e08 ../simple_socket_bsp/\libucosii_bsp.a(ip_reasm.o)
                0x008368c0                ip_reasm_match_frag_with_ire
                0x00836990                ip_reasm_determine_type_of_frag
                0x00836a7c                ip_reasm_check_mem_useage
                0x00836b14                ip_reasm_incr_mem_useage
                0x00836bbc                ip_reasm_decr_mem_useage
                0x00836c5c                ip_reasm_process_first_fragment
                0x00836f3c                ip_reassm
                0x00836fdc                ip_reasm_compute_overlap
                0x0083756c                ip_reasm_process_subsequent_fragments
                0x00837b00                ip_reasm_find_ire
                0x00837b64                ip_reasm_copy_queued_fragments_into_reassy_buffer
                0x00837ec0                ip_reasm_process_timer_tick
                0x00837fe0                ip_reasm_delete_ire
                0x008381a8                ip_reasm_mark_compact_rfq
                0x008382f0                ipr_stats
                0x00838674                ip_reasm_send_icmp_timex
 .text          0x008386c8      0xe3c ../simple_socket_bsp/\libucosii_bsp.a(ipdemux.o)
                0x008386c8                ip_rcv
                0x00838ac8                ip_rcv_phase2
                0x008390d4                ip_demux
 .text          0x00839504      0x2f0 ../simple_socket_bsp/\libucosii_bsp.a(ipmc.o)
                0x00839504                in_addmulti
                0x0083966c                in_delmulti
                0x00839784                lookup_mcast
 .text          0x008397f4       0xe4 ../simple_socket_bsp/\libucosii_bsp.a(ipport.o)
                0x008397f4                prep_ifaces
                0x00839888                netexit
                0x008398b0                evtmap_setup
 .text          0x008398d8      0x550 ../simple_socket_bsp/\libucosii_bsp.a(ipraw.o)
                0x008398d8                ip_raw_open
                0x008399c8                ip_raw_close
                0x00839a88                ip_raw_input
                0x00839cc0                ip_raw_alloc
                0x00839d8c                ip_raw_free
                0x00839dcc                ip_raw_maxalloc
 .text          0x00839e28      0x704 ../simple_socket_bsp/\libucosii_bsp.a(iproute.o)
                0x00839e28                rt_lookup
                0x00839fb8                add_route
                0x0083a3e4                del_route
 .text          0x0083a52c      0xe3c ../simple_socket_bsp/\libucosii_bsp.a(udp.o)
                0x0083a52c                udpdemux
                0x0083ad84                udp_send
                0x0083b03c                udpswap
                0x0083b16c                udp_socket
                0x0083b23c                udp_alloc
                0x0083b2fc                udp_maxalloc
                0x0083b328                udp_free
 .text          0x0083b368      0x2e8 ../simple_socket_bsp/\libucosii_bsp.a(igmp.o)
                0x0083b368                igmpv1_input
 .text          0x0083b650      0x7c0 ../simple_socket_bsp/\libucosii_bsp.a(igmp2.o)
                0x0083b650                igmpv2_input
                0x0083b7b0                igmpv2_process_report
                0x0083b8fc                igmpv2_process_query
                0x0083bb48                igmpv2_chk_set_timer
                0x0083bca0                igmpv2_chk4_rtr_alert_opt
 .text          0x0083be10      0x8fc ../simple_socket_bsp/\libucosii_bsp.a(ipopt.o)
                0x0083be10                IPADDR_TO_NETP
                0x0083bf58                ip_setmoptions
                0x0083c548                ip_getmoptions
                0x0083c688                ip_freemoptions
 .text          0x0083c70c      0x6e8 ../simple_socket_bsp/\libucosii_bsp.a(u_mctest.o)
                0x0083c70c                u_mctest_init
                0x0083c73c                u_mctest_run
 .text          0x0083cdf4      0x41c ../simple_socket_bsp/\libucosii_bsp.a(memdev.o)
                0x0083cdf4                init_memdev
                0x0083ce6c                md_fopen
                0x0083ce94                md_fclose
                0x0083ceb4                md_fread
                0x0083d034                md_fwrite
                0x0083d0c4                md_fseek
                0x0083d0f0                md_ftell
                0x0083d114                md_fgetc
                0x0083d1ec                md_unlink
 .text          0x0083d210      0x1cc ../simple_socket_bsp/\libucosii_bsp.a(tcpcksum.o)
                0x0083d210                tcp_cksum
 .text          0x0083d3dc      0x31c ../simple_socket_bsp/\libucosii_bsp.a(udp_open.o)
                0x0083d3dc                udp_open
                0x0083d614                udp_close
 .text          0x0083d6f8      0x900 ../simple_socket_bsp/\libucosii_bsp.a(in_pcb.o)
                0x0083d6f8                in_pcballoc
                0x0083d78c                in_pcbdetach
                0x0083d7e0                in_pcbbind
                0x0083da34                in_pcbconnect
                0x0083dc44                in_pcbdisconnect
                0x0083dca4                in_setsockaddr
                0x0083dd20                in_setpeeraddr
                0x0083dd9c                in_pcblookup
 .text          0x0083dff8     0x1a74 ../simple_socket_bsp/\libucosii_bsp.a(vfsfiles.o)
                0x0083dff8                set_vfopen_error
                0x0083e020                get_vfopen_error
                0x0083e040                vf_alloc_and_link_vop
                0x0083e0bc                vf_alloc_buffer
                0x0083e194                vf_free_buffer
                0x0083e1e4                vfopen_locked
                0x0083e54c                vfopen
                0x0083e59c                vfclose_locked
                0x0083e744                vfclose
                0x0083e784                vfflush
                0x0083e7cc                vfgets
                0x0083e8b0                vfeof
                0x0083e908                vunlink_flag_open_files
                0x0083e964                vunlink
                0x0083eb84                vfread
                0x0083ed30                vfwrite_locked
                0x0083f118                vfwrite
                0x0083f178                vfseek
                0x0083f2f4                vftell
                0x0083f428                vgetc_locked
                0x0083f548                vgetc
                0x0083f590                vfslookup_locked
                0x0083f6c8                vfslookup
                0x0083f710                strippath
                0x0083f8f8                isvfile_locked
                0x0083f95c                isvfile
                0x0083f9a4                vferror
                0x0083fa10                vclearerr
 .text          0x0083fa6c       0x24 ../simple_socket_bsp/\libucosii_bsp.a(vfsport.o)
                0x0083fa6c                prep_vfs
 .text          0x0083fa90        0x0 ../simple_socket_bsp/\libucosii_bsp.a(alt_exception_entry.o)
 .text          0x0083fa90      0x1b8 ../simple_socket_bsp/\libucosii_bsp.a(alt_fcntl.o)
                0x0083fa90                alt_fcntl
 .text          0x0083fc48      0x120 ../simple_socket_bsp/\libucosii_bsp.a(alt_find_file.o)
                0x0083fc48                alt_find_file
 .text          0x0083fd68      0x104 ../simple_socket_bsp/\libucosii_bsp.a(alt_get_fd.o)
                0x0083fd68                alt_get_fd
 .text          0x0083fe6c     0x130c ../simple_socket_bsp/\libucosii_bsp.a(icmp.o)
                0x0083fe6c                icmprcv
                0x00840aa0                icmp_destun
                0x00840df0                icmp_timex
                0x00841124                icmp_du
 .text          0x00841178       0x18 c:/altera/13.0sp1/nios2eds/bin/gnu/h-i686-mingw32/bin/../lib/gcc/nios2-elf/4.1.2/../../../../nios2-elf/lib/mno-hw-mul\libc.a(lib_a-atoi.o)
                0x00841178                _atoi_r
                0x00841184                atoi
 .text          0x00841190       0x1c c:/altera/13.0sp1/nios2eds/bin/gnu/h-i686-mingw32/bin/../lib/gcc/nios2-elf/4.1.2/../../../../nios2-elf/lib/mno-hw-mul\libc.a(lib_a-calloc.o)
                0x00841190                calloc
 .text          0x008411ac       0x28 c:/altera/13.0sp1/nios2eds/bin/gnu/h-i686-mingw32/bin/../lib/gcc/nios2-elf/4.1.2/../../../../nios2-elf/lib/mno-hw-mul\libc.a(lib_a-malloc.o)
                0x008411ac                free
                0x008411c0                malloc
 .text          0x008411d4       0x74 c:/altera/13.0sp1/nios2eds/bin/gnu/h-i686-mingw32/bin/../lib/gcc/nios2-elf/4.1.2/../../../../nios2-elf/lib/mno-hw-mul\libc.a(lib_a-memcmp.o)
                0x008411d4                memcmp
 .text          0x00841248       0xd4 c:/altera/13.0sp1/nios2eds/bin/gnu/h-i686-mingw32/bin/../lib/gcc/nios2-elf/4.1.2/../../../../nios2-elf/lib/mno-hw-mul\libc.a(lib_a-sprintf.o)
                0x00841248                sprintf
                0x008412bc                _sprintf_r
 .text          0x0084131c       0x8c c:/altera/13.0sp1/nios2eds/bin/gnu/h-i686-mingw32/bin/../lib/gcc/nios2-elf/4.1.2/../../../../nios2-elf/lib/mno-hw-mul\libc.a(lib_a-strcpy.o)
                0x0084131c                strcpy
 .text          0x008413a8       0xf0 c:/altera/13.0sp1/nios2eds/bin/gnu/h-i686-mingw32/bin/../lib/gcc/nios2-elf/4.1.2/../../../../nios2-elf/lib/mno-hw-mul\libc.a(lib_a-strncmp.o)
                0x008413a8                strncmp
 .text          0x00841498      0x274 c:/altera/13.0sp1/nios2eds/bin/gnu/h-i686-mingw32/bin/../lib/gcc/nios2-elf/4.1.2/../../../../nios2-elf/lib/mno-hw-mul\libc.a(lib_a-strtol.o)
                0x00841498                _strtol_r
                0x008416e8                strtol
 .text          0x0084170c       0x34 c:/altera/13.0sp1/nios2eds/bin/gnu/h-i686-mingw32/bin/../lib/gcc/nios2-elf/4.1.2/../../../../nios2-elf/lib/mno-hw-mul\libc.a(lib_a-vprintf.o)
                0x0084170c                _vprintf_r
                0x00841720                vprintf
 .text          0x00841740       0x74 c:/altera/13.0sp1/nios2eds/bin/gnu/h-i686-mingw32/bin/../lib/gcc/nios2-elf/4.1.2/../../../../nios2-elf/lib/mno-hw-mul\libc.a(lib_a-vsprintf.o)
                0x00841740                _vsprintf_r
                0x00841790                vsprintf
 *(.gnu.warning.*)
 *(.fini)
                0x008417b4                PROVIDE (__etext, ABSOLUTE (.))
                0x008417b4                PROVIDE (_etext, ABSOLUTE (.))
                0x008417b4                PROVIDE (etext, ABSOLUTE (.))
 *(.eh_frame_hdr)
                0x008417b4                . = ALIGN (0x4)
                0x008417b4                PROVIDE (__preinit_array_start, ABSOLUTE (.))
 *(.preinit_array)
                0x008417b4                PROVIDE (__preinit_array_end, ABSOLUTE (.))
                0x008417b4                PROVIDE (__init_array_start, ABSOLUTE (.))
 *(.init_array)
                0x008417b4                PROVIDE (__init_array_end, ABSOLUTE (.))
                0x008417b4                PROVIDE (__fini_array_start, ABSOLUTE (.))
 *(.fini_array)
                0x008417b4                PROVIDE (__fini_array_end, ABSOLUTE (.))
 *(.eh_frame)
 *(.gcc_except_table)
 *(.dynamic)
                0x008417b4                PROVIDE (__CTOR_LIST__, ABSOLUTE (.))
 *(.ctors)
 *(SORT(.ctors.*))
 .ctors.65535   0x008417b4        0x4 c:/altera/13.0sp1/nios2eds/bin/gnu/h-i686-mingw32/bin/../lib/gcc/nios2-elf/4.1.2/../../../../nios2-elf/lib/mno-hw-mul\libc.a(lib_a-__call_atexit.o)
                0x008417b8                PROVIDE (__CTOR_END__, ABSOLUTE (.))
                0x008417b8                PROVIDE (__DTOR_LIST__, ABSOLUTE (.))
 *(.dtors)
 *(SORT(.dtors.*))
                0x008417b8                PROVIDE (__DTOR_END__, ABSOLUTE (.))
 *(.jcr)
                0x008417b8                . = ALIGN (0x4)

.rodata         0x008417b8     0x4078
                0x008417b8                PROVIDE (__ram_rodata_start, ABSOLUTE (.))
                0x008417b8                . = ALIGN (0x4)
 *(.rodata .rodata.* .gnu.linkonce.r.*)
 .rodata        0x008417b8       0xa8 obj/default/SSS_DE2_115.o
 .rodata        0x00841860      0xba4 obj/default/alt_error_handler.o
 .rodata        0x00842404       0x64 obj/default/dm9000a.o
 .rodata        0x00842468       0xb8 obj/default/iniche_init.o
 .rodata        0x00842520      0x258 obj/default/network_utilities.o
 .rodata        0x00842778      0x2e0 obj/default/simple_socket_server.o
 .rodata        0x00842a58       0x14 c:/altera/13.0sp1/nios2eds/bin/gnu/h-i686-mingw32/bin/../lib/gcc/nios2-elf/4.1.2/mno-hw-mul\libgcc.a(_thenan_df.o)
                0x00842a58                __thenan_df
 .rodata        0x00842a6c      0x100 c:/altera/13.0sp1/nios2eds/bin/gnu/h-i686-mingw32/bin/../lib/gcc/nios2-elf/4.1.2/mno-hw-mul\libgcc.a(_clz.o)
                0x00842a6c                __clz_tab
 .rodata        0x00842b6c      0x281 c:/altera/13.0sp1/nios2eds/bin/gnu/h-i686-mingw32/bin/../lib/gcc/nios2-elf/4.1.2/../../../../nios2-elf/lib/mno-hw-mul\libc.a(lib_a-ctype_.o)
                0x00842b6c                _ctype_
 *fill*         0x00842ded        0x3 00
 .rodata.str1.4
                0x00842df0        0x2 c:/altera/13.0sp1/nios2eds/bin/gnu/h-i686-mingw32/bin/../lib/gcc/nios2-elf/4.1.2/../../../../nios2-elf/lib/mno-hw-mul\libc.a(lib_a-impure.o)
                                  0x4 (size before relaxing)
 *fill*         0x00842df2        0x2 00
 .rodata.str1.4
                0x00842df4        0x3 c:/altera/13.0sp1/nios2eds/bin/gnu/h-i686-mingw32/bin/../lib/gcc/nios2-elf/4.1.2/../../../../nios2-elf/lib/mno-hw-mul\libc.a(lib_a-perror.o)
                                  0x4 (size before relaxing)
 *fill*         0x00842df7        0x1 00
 .rodata.str1.4
                0x00842df8        0x2 c:/altera/13.0sp1/nios2eds/bin/gnu/h-i686-mingw32/bin/../lib/gcc/nios2-elf/4.1.2/../../../../nios2-elf/lib/mno-hw-mul\libc.a(lib_a-puts.o)
                                  0x4 (size before relaxing)
 *fill*         0x00842dfa        0x2 00
 .rodata.str1.4
                0x00842dfc      0x7a2 c:/altera/13.0sp1/nios2eds/bin/gnu/h-i686-mingw32/bin/../lib/gcc/nios2-elf/4.1.2/../../../../nios2-elf/lib/mno-hw-mul\libc.a(lib_a-strerror.o)
                                0x7a8 (size before relaxing)
 *fill*         0x0084359e        0x2 00
 .rodata.str1.4
                0x008435a0       0x5e c:/altera/13.0sp1/nios2eds/bin/gnu/h-i686-mingw32/bin/../lib/gcc/nios2-elf/4.1.2/../../../../nios2-elf/lib/mno-hw-mul\libc.a(lib_a-vfprintf.o)
                                 0x60 (size before relaxing)
 .rodata        0x008435fe       0x20 c:/altera/13.0sp1/nios2eds/bin/gnu/h-i686-mingw32/bin/../lib/gcc/nios2-elf/4.1.2/../../../../nios2-elf/lib/mno-hw-mul\libc.a(lib_a-vfprintf.o)
 *fill*         0x0084361e        0x2 00
 .rodata.str1.4
                0x00843620       0x10 c:/altera/13.0sp1/nios2eds/bin/gnu/h-i686-mingw32/bin/../lib/gcc/nios2-elf/4.1.2/../../../../nios2-elf/lib/mno-hw-mul\libc.a(lib_a-dtoa.o)
                                 0x14 (size before relaxing)
 .rodata.str1.4
                0x00843630       0x10 c:/altera/13.0sp1/nios2eds/bin/gnu/h-i686-mingw32/bin/../lib/gcc/nios2-elf/4.1.2/../../../../nios2-elf/lib/mno-hw-mul\libc.a(lib_a-locale.o)
                                 0x18 (size before relaxing)
 .rodata        0x00843640       0x30 c:/altera/13.0sp1/nios2eds/bin/gnu/h-i686-mingw32/bin/../lib/gcc/nios2-elf/4.1.2/../../../../nios2-elf/lib/mno-hw-mul\libc.a(lib_a-locale.o)
 .rodata        0x00843670      0x124 c:/altera/13.0sp1/nios2eds/bin/gnu/h-i686-mingw32/bin/../lib/gcc/nios2-elf/4.1.2/../../../../nios2-elf/lib/mno-hw-mul\libc.a(lib_a-mprec.o)
                0x00843670                __mprec_tens
                0x00843738                __mprec_bigtens
                0x00843760                __mprec_tinytens
 .rodata        0x00843794       0x14 ../simple_socket_bsp/\libucosii_bsp.a(alt_main.o)
 .rodata        0x008437a8      0x120 ../simple_socket_bsp/\libucosii_bsp.a(os_core.o)
                0x008437a8                OSUnMapTbl
 .rodata        0x008438c8       0x40 ../simple_socket_bsp/\libucosii_bsp.a(alt_sys_init.o)
 .rodata        0x00843908       0xd8 ../simple_socket_bsp/\libucosii_bsp.a(ipnet.o)
 .rodata        0x008439e0       0xec ../simple_socket_bsp/\libucosii_bsp.a(ipstart.o)
 .rodata        0x00843acc      0x54c ../simple_socket_bsp/\libucosii_bsp.a(igmp_cmn.o)
 .rodata        0x00844018       0xb8 ../simple_socket_bsp/\libucosii_bsp.a(in_utils.o)
 .rodata        0x008440d0       0x34 ../simple_socket_bsp/\libucosii_bsp.a(netmain.o)
 .rodata        0x00844104       0x94 ../simple_socket_bsp/\libucosii_bsp.a(parseip.o)
 .rodata        0x00844198      0x1a8 ../simple_socket_bsp/\libucosii_bsp.a(tk_crnos.o)
 .rodata        0x00844340      0x118 ../simple_socket_bsp/\libucosii_bsp.a(pktalloc.o)
 .rodata        0x00844458       0x2c ../simple_socket_bsp/\libucosii_bsp.a(brdutils.o)
 .rodata        0x00844484      0x26c ../simple_socket_bsp/\libucosii_bsp.a(osportco.o)
 .rodata        0x008446f0       0xa0 ../simple_socket_bsp/\libucosii_bsp.a(targnios.o)
 .rodata        0x00844790       0x90 ../simple_socket_bsp/\libucosii_bsp.a(nptcp.o)
 .rodata        0x00844820        0x8 ../simple_socket_bsp/\libucosii_bsp.a(sockcall.o)
 .rodata        0x00844828       0x50 ../simple_socket_bsp/\libucosii_bsp.a(socket.o)
 .rodata        0x00844878       0x40 ../simple_socket_bsp/\libucosii_bsp.a(socket2.o)
 .rodata        0x008448b8       0x20 ../simple_socket_bsp/\libucosii_bsp.a(tcp_in.o)
 .rodata        0x008448d8       0x40 ../simple_socket_bsp/\libucosii_bsp.a(tcp_out.o)
 .rodata        0x00844918       0x24 ../simple_socket_bsp/\libucosii_bsp.a(tcp_subr.o)
 .rodata        0x0084493c       0x2c ../simple_socket_bsp/\libucosii_bsp.a(tcp_usr.o)
 .rodata        0x00844968        0xc ../simple_socket_bsp/\libucosii_bsp.a(alt_dev.o)
 .rodata        0x00844974        0x4 ../simple_socket_bsp/\libucosii_bsp.a(os_cpu_c.o)
 .rodata        0x00844978      0x1d4 ../simple_socket_bsp/\libucosii_bsp.a(allports.o)
 .rodata        0x00844b4c       0x34 ../simple_socket_bsp/\libucosii_bsp.a(tk_misc.o)
 .rodata        0x00844b80       0x44 ../simple_socket_bsp/\libucosii_bsp.a(et_arp.o)
 .rodata        0x00844bc4      0x1dc ../simple_socket_bsp/\libucosii_bsp.a(ip.o)
 .rodata        0x00844da0      0x158 ../simple_socket_bsp/\libucosii_bsp.a(ip_reasm.o)
 .rodata        0x00844ef8      0x120 ../simple_socket_bsp/\libucosii_bsp.a(ipdemux.o)
 .rodata        0x00845018       0x34 ../simple_socket_bsp/\libucosii_bsp.a(ipport.o)
 .rodata        0x0084504c       0x24 ../simple_socket_bsp/\libucosii_bsp.a(ipraw.o)
 .rodata        0x00845070       0x38 ../simple_socket_bsp/\libucosii_bsp.a(iproute.o)
 .rodata        0x008450a8       0xe8 ../simple_socket_bsp/\libucosii_bsp.a(udp.o)
 .rodata        0x00845190      0x2d0 ../simple_socket_bsp/\libucosii_bsp.a(u_mctest.o)
 .rodata        0x00845460       0x84 ../simple_socket_bsp/\libucosii_bsp.a(udp_open.o)
 .rodata        0x008454e4       0x34 ../simple_socket_bsp/\libucosii_bsp.a(vfsfiles.o)
 .rodata        0x00845518      0x318 ../simple_socket_bsp/\libucosii_bsp.a(icmp.o)
 *(.rodata1)
                0x00845830                . = ALIGN (0x4)
                0x00845830                PROVIDE (__ram_rodata_end, ABSOLUTE (.))
                0x008417b8                PROVIDE (__flash_rodata_start, LOADADDR (.rodata))

.rwdata         0x00845830     0x1f38
                0x00845830                PROVIDE (__ram_rwdata_start, ABSOLUTE (.))
                0x00845830                . = ALIGN (0x4)
 *(.got.plt)
 *(.got)
 *(.data1)
 *(.data .data.* .gnu.linkonce.d.*)
 .data          0x00845830        0x0 ../simple_socket_bsp//obj/HAL/src/crt0.o
 .data          0x00845830        0x0 obj/default/SSS_DE2_115.o
 .data          0x00845830        0x0 obj/default/alt_error_handler.o
 .data          0x00845830        0x0 obj/default/dm9000a.o
 .data          0x00845830       0x18 obj/default/iniche_init.o
                0x00845830                ssstask
 .data          0x00845848        0x0 obj/default/network_utilities.o
 .data          0x00845848        0x0 obj/default/simple_socket_server.o
 .data          0x00845848        0x0 obj/default/tse_my_system.o
 .data          0x00845848        0x0 c:/altera/13.0sp1/nios2eds/bin/gnu/h-i686-mingw32/bin/../lib/gcc/nios2-elf/4.1.2/mno-hw-mul\libgcc.a(_fixunsdfsi.o)
 .data          0x00845848        0x0 c:/altera/13.0sp1/nios2eds/bin/gnu/h-i686-mingw32/bin/../lib/gcc/nios2-elf/4.1.2/mno-hw-mul\libgcc.a(_addsub_df.o)
 .data          0x00845848        0x0 c:/altera/13.0sp1/nios2eds/bin/gnu/h-i686-mingw32/bin/../lib/gcc/nios2-elf/4.1.2/mno-hw-mul\libgcc.a(_mul_df.o)
 .data          0x00845848        0x0 c:/altera/13.0sp1/nios2eds/bin/gnu/h-i686-mingw32/bin/../lib/gcc/nios2-elf/4.1.2/mno-hw-mul\libgcc.a(_ge_df.o)
 .data          0x00845848        0x0 c:/altera/13.0sp1/nios2eds/bin/gnu/h-i686-mingw32/bin/../lib/gcc/nios2-elf/4.1.2/mno-hw-mul\libgcc.a(_df_to_si.o)
 .data          0x00845848        0x0 c:/altera/13.0sp1/nios2eds/bin/gnu/h-i686-mingw32/bin/../lib/gcc/nios2-elf/4.1.2/mno-hw-mul\libgcc.a(_thenan_df.o)
 .data          0x00845848        0x0 c:/altera/13.0sp1/nios2eds/bin/gnu/h-i686-mingw32/bin/../lib/gcc/nios2-elf/4.1.2/mno-hw-mul\libgcc.a(_usi_to_df.o)
 .data          0x00845848        0x0 c:/altera/13.0sp1/nios2eds/bin/gnu/h-i686-mingw32/bin/../lib/gcc/nios2-elf/4.1.2/mno-hw-mul\libgcc.a(lib2-mul.o)
 .data          0x00845848        0x0 c:/altera/13.0sp1/nios2eds/bin/gnu/h-i686-mingw32/bin/../lib/gcc/nios2-elf/4.1.2/mno-hw-mul\libgcc.a(_muldi3.o)
 .data          0x00845848        0x0 c:/altera/13.0sp1/nios2eds/bin/gnu/h-i686-mingw32/bin/../lib/gcc/nios2-elf/4.1.2/mno-hw-mul\libgcc.a(_clzsi2.o)
 .data          0x00845848        0x0 c:/altera/13.0sp1/nios2eds/bin/gnu/h-i686-mingw32/bin/../lib/gcc/nios2-elf/4.1.2/mno-hw-mul\libgcc.a(_pack_df.o)
 .data          0x00845848        0x0 c:/altera/13.0sp1/nios2eds/bin/gnu/h-i686-mingw32/bin/../lib/gcc/nios2-elf/4.1.2/mno-hw-mul\libgcc.a(_unpack_df.o)
 .data          0x00845848        0x0 c:/altera/13.0sp1/nios2eds/bin/gnu/h-i686-mingw32/bin/../lib/gcc/nios2-elf/4.1.2/mno-hw-mul\libgcc.a(_fpcmp_parts_df.o)
 .data          0x00845848        0x0 c:/altera/13.0sp1/nios2eds/bin/gnu/h-i686-mingw32/bin/../lib/gcc/nios2-elf/4.1.2/mno-hw-mul\libgcc.a(_clz.o)
 .data          0x00845848        0x0 c:/altera/13.0sp1/nios2eds/bin/gnu/h-i686-mingw32/bin/../lib/gcc/nios2-elf/4.1.2/../../../../nios2-elf/lib/mno-hw-mul\libc.a(lib_a-ctype_.o)
 .data          0x00845848        0x0 c:/altera/13.0sp1/nios2eds/bin/gnu/h-i686-mingw32/bin/../lib/gcc/nios2-elf/4.1.2/../../../../nios2-elf/lib/mno-hw-mul\libc.a(lib_a-exit.o)
 .data          0x00845848        0x0 c:/altera/13.0sp1/nios2eds/bin/gnu/h-i686-mingw32/bin/../lib/gcc/nios2-elf/4.1.2/../../../../nios2-elf/lib/mno-hw-mul\libc.a(lib_a-fprintf.o)
 .data          0x00845848        0x0 c:/altera/13.0sp1/nios2eds/bin/gnu/h-i686-mingw32/bin/../lib/gcc/nios2-elf/4.1.2/../../../../nios2-elf/lib/mno-hw-mul\libc.a(lib_a-fwrite.o)
 .data          0x00845848        0x0 c:/altera/13.0sp1/nios2eds/bin/gnu/h-i686-mingw32/bin/../lib/gcc/nios2-elf/4.1.2/../../../../nios2-elf/lib/mno-hw-mul\libc.a(lib_a-getc.o)
 .data          0x00845848      0x400 c:/altera/13.0sp1/nios2eds/bin/gnu/h-i686-mingw32/bin/../lib/gcc/nios2-elf/4.1.2/../../../../nios2-elf/lib/mno-hw-mul\libc.a(lib_a-impure.o)
 .data          0x00845c48        0x0 c:/altera/13.0sp1/nios2eds/bin/gnu/h-i686-mingw32/bin/../lib/gcc/nios2-elf/4.1.2/../../../../nios2-elf/lib/mno-hw-mul\libc.a(lib_a-memcpy.o)
 .data          0x00845c48        0x0 c:/altera/13.0sp1/nios2eds/bin/gnu/h-i686-mingw32/bin/../lib/gcc/nios2-elf/4.1.2/../../../../nios2-elf/lib/mno-hw-mul\libc.a(lib_a-memmove.o)
 .data          0x00845c48        0x0 c:/altera/13.0sp1/nios2eds/bin/gnu/h-i686-mingw32/bin/../lib/gcc/nios2-elf/4.1.2/../../../../nios2-elf/lib/mno-hw-mul\libc.a(lib_a-memset.o)
 .data          0x00845c48        0x0 c:/altera/13.0sp1/nios2eds/bin/gnu/h-i686-mingw32/bin/../lib/gcc/nios2-elf/4.1.2/../../../../nios2-elf/lib/mno-hw-mul\libc.a(lib_a-perror.o)
 .data          0x00845c48        0x0 c:/altera/13.0sp1/nios2eds/bin/gnu/h-i686-mingw32/bin/../lib/gcc/nios2-elf/4.1.2/../../../../nios2-elf/lib/mno-hw-mul\libc.a(lib_a-printf.o)
 .data          0x00845c48        0x0 c:/altera/13.0sp1/nios2eds/bin/gnu/h-i686-mingw32/bin/../lib/gcc/nios2-elf/4.1.2/../../../../nios2-elf/lib/mno-hw-mul\libc.a(lib_a-putc.o)
 .data          0x00845c48        0x0 c:/altera/13.0sp1/nios2eds/bin/gnu/h-i686-mingw32/bin/../lib/gcc/nios2-elf/4.1.2/../../../../nios2-elf/lib/mno-hw-mul\libc.a(lib_a-putchar.o)
 .data          0x00845c48        0x0 c:/altera/13.0sp1/nios2eds/bin/gnu/h-i686-mingw32/bin/../lib/gcc/nios2-elf/4.1.2/../../../../nios2-elf/lib/mno-hw-mul\libc.a(lib_a-puts.o)
 .data          0x00845c48        0x0 c:/altera/13.0sp1/nios2eds/bin/gnu/h-i686-mingw32/bin/../lib/gcc/nios2-elf/4.1.2/../../../../nios2-elf/lib/mno-hw-mul\libc.a(lib_a-rget.o)
 .data          0x00845c48        0x0 c:/altera/13.0sp1/nios2eds/bin/gnu/h-i686-mingw32/bin/../lib/gcc/nios2-elf/4.1.2/../../../../nios2-elf/lib/mno-hw-mul\libc.a(lib_a-strchr.o)
 .data          0x00845c48        0x0 c:/altera/13.0sp1/nios2eds/bin/gnu/h-i686-mingw32/bin/../lib/gcc/nios2-elf/4.1.2/../../../../nios2-elf/lib/mno-hw-mul\libc.a(lib_a-strerror.o)
 .data          0x00845c48        0x0 c:/altera/13.0sp1/nios2eds/bin/gnu/h-i686-mingw32/bin/../lib/gcc/nios2-elf/4.1.2/../../../../nios2-elf/lib/mno-hw-mul\libc.a(lib_a-strlen.o)
 .data          0x00845c48        0x0 c:/altera/13.0sp1/nios2eds/bin/gnu/h-i686-mingw32/bin/../lib/gcc/nios2-elf/4.1.2/../../../../nios2-elf/lib/mno-hw-mul\libc.a(lib_a-u_strerr.o)
 .data          0x00845c48        0x0 c:/altera/13.0sp1/nios2eds/bin/gnu/h-i686-mingw32/bin/../lib/gcc/nios2-elf/4.1.2/../../../../nios2-elf/lib/mno-hw-mul\libc.a(lib_a-vfprintf.o)
 .data          0x00845c48        0x0 c:/altera/13.0sp1/nios2eds/bin/gnu/h-i686-mingw32/bin/../lib/gcc/nios2-elf/4.1.2/../../../../nios2-elf/lib/mno-hw-mul\libc.a(lib_a-wbuf.o)
 .data          0x00845c48        0x0 c:/altera/13.0sp1/nios2eds/bin/gnu/h-i686-mingw32/bin/../lib/gcc/nios2-elf/4.1.2/../../../../nios2-elf/lib/mno-hw-mul\libc.a(lib_a-wsetup.o)
 .data          0x00845c48        0x0 c:/altera/13.0sp1/nios2eds/bin/gnu/h-i686-mingw32/bin/../lib/gcc/nios2-elf/4.1.2/../../../../nios2-elf/lib/mno-hw-mul\libc.a(lib_a-__call_atexit.o)
 .data          0x00845c48        0x0 c:/altera/13.0sp1/nios2eds/bin/gnu/h-i686-mingw32/bin/../lib/gcc/nios2-elf/4.1.2/../../../../nios2-elf/lib/mno-hw-mul\libc.a(lib_a-dtoa.o)
 .data          0x00845c48        0x0 c:/altera/13.0sp1/nios2eds/bin/gnu/h-i686-mingw32/bin/../lib/gcc/nios2-elf/4.1.2/../../../../nios2-elf/lib/mno-hw-mul\libc.a(lib_a-fflush.o)
 .data          0x00845c48        0x0 c:/altera/13.0sp1/nios2eds/bin/gnu/h-i686-mingw32/bin/../lib/gcc/nios2-elf/4.1.2/../../../../nios2-elf/lib/mno-hw-mul\libc.a(lib_a-findfp.o)
 .data          0x00845c48        0x0 c:/altera/13.0sp1/nios2eds/bin/gnu/h-i686-mingw32/bin/../lib/gcc/nios2-elf/4.1.2/../../../../nios2-elf/lib/mno-hw-mul\libc.a(lib_a-fputc.o)
 .data          0x00845c48        0x0 c:/altera/13.0sp1/nios2eds/bin/gnu/h-i686-mingw32/bin/../lib/gcc/nios2-elf/4.1.2/../../../../nios2-elf/lib/mno-hw-mul\libc.a(lib_a-fputs.o)
 .data          0x00845c48        0x0 c:/altera/13.0sp1/nios2eds/bin/gnu/h-i686-mingw32/bin/../lib/gcc/nios2-elf/4.1.2/../../../../nios2-elf/lib/mno-hw-mul\libc.a(lib_a-freer.o)
 .data          0x00845c48        0x0 c:/altera/13.0sp1/nios2eds/bin/gnu/h-i686-mingw32/bin/../lib/gcc/nios2-elf/4.1.2/../../../../nios2-elf/lib/mno-hw-mul\libc.a(lib_a-fvwrite.o)
 .data          0x00845c48        0x0 c:/altera/13.0sp1/nios2eds/bin/gnu/h-i686-mingw32/bin/../lib/gcc/nios2-elf/4.1.2/../../../../nios2-elf/lib/mno-hw-mul\libc.a(lib_a-fwalk.o)
 .data          0x00845c48        0xc c:/altera/13.0sp1/nios2eds/bin/gnu/h-i686-mingw32/bin/../lib/gcc/nios2-elf/4.1.2/../../../../nios2-elf/lib/mno-hw-mul\libc.a(lib_a-locale.o)
                0x00845c48                __lc_ctype
 .data          0x00845c54        0x0 c:/altera/13.0sp1/nios2eds/bin/gnu/h-i686-mingw32/bin/../lib/gcc/nios2-elf/4.1.2/../../../../nios2-elf/lib/mno-hw-mul\libc.a(lib_a-makebuf.o)
 .data          0x00845c54      0x408 c:/altera/13.0sp1/nios2eds/bin/gnu/h-i686-mingw32/bin/../lib/gcc/nios2-elf/4.1.2/../../../../nios2-elf/lib/mno-hw-mul\libc.a(lib_a-mallocr.o)
                0x00845c54                __malloc_av_
 .data          0x0084605c        0x0 c:/altera/13.0sp1/nios2eds/bin/gnu/h-i686-mingw32/bin/../lib/gcc/nios2-elf/4.1.2/../../../../nios2-elf/lib/mno-hw-mul\libc.a(lib_a-memchr.o)
 .data          0x0084605c        0x0 c:/altera/13.0sp1/nios2eds/bin/gnu/h-i686-mingw32/bin/../lib/gcc/nios2-elf/4.1.2/../../../../nios2-elf/lib/mno-hw-mul\libc.a(lib_a-mprec.o)
 .data          0x0084605c        0x0 c:/altera/13.0sp1/nios2eds/bin/gnu/h-i686-mingw32/bin/../lib/gcc/nios2-elf/4.1.2/../../../../nios2-elf/lib/mno-hw-mul\libc.a(lib_a-reallocr.o)
 .data          0x0084605c        0x0 c:/altera/13.0sp1/nios2eds/bin/gnu/h-i686-mingw32/bin/../lib/gcc/nios2-elf/4.1.2/../../../../nios2-elf/lib/mno-hw-mul\libc.a(lib_a-refill.o)
 .data          0x0084605c        0x0 c:/altera/13.0sp1/nios2eds/bin/gnu/h-i686-mingw32/bin/../lib/gcc/nios2-elf/4.1.2/../../../../nios2-elf/lib/mno-hw-mul\libc.a(lib_a-s_isinfd.o)
 .data          0x0084605c        0x0 c:/altera/13.0sp1/nios2eds/bin/gnu/h-i686-mingw32/bin/../lib/gcc/nios2-elf/4.1.2/../../../../nios2-elf/lib/mno-hw-mul\libc.a(lib_a-s_isnand.o)
 .data          0x0084605c        0x0 c:/altera/13.0sp1/nios2eds/bin/gnu/h-i686-mingw32/bin/../lib/gcc/nios2-elf/4.1.2/../../../../nios2-elf/lib/mno-hw-mul\libc.a(lib_a-sbrkr.o)
 .data          0x0084605c        0x0 c:/altera/13.0sp1/nios2eds/bin/gnu/h-i686-mingw32/bin/../lib/gcc/nios2-elf/4.1.2/../../../../nios2-elf/lib/mno-hw-mul\libc.a(lib_a-stdio.o)
 .data          0x0084605c        0x0 c:/altera/13.0sp1/nios2eds/bin/gnu/h-i686-mingw32/bin/../lib/gcc/nios2-elf/4.1.2/../../../../nios2-elf/lib/mno-hw-mul\libc.a(lib_a-strcmp.o)
 .data          0x0084605c        0x0 c:/altera/13.0sp1/nios2eds/bin/gnu/h-i686-mingw32/bin/../lib/gcc/nios2-elf/4.1.2/../../../../nios2-elf/lib/mno-hw-mul\libc.a(lib_a-writer.o)
 .data          0x0084605c        0x0 c:/altera/13.0sp1/nios2eds/bin/gnu/h-i686-mingw32/bin/../lib/gcc/nios2-elf/4.1.2/../../../../nios2-elf/lib/mno-hw-mul\libc.a(lib_a-callocr.o)
 .data          0x0084605c        0x0 c:/altera/13.0sp1/nios2eds/bin/gnu/h-i686-mingw32/bin/../lib/gcc/nios2-elf/4.1.2/../../../../nios2-elf/lib/mno-hw-mul\libc.a(lib_a-closer.o)
 .data          0x0084605c        0x0 c:/altera/13.0sp1/nios2eds/bin/gnu/h-i686-mingw32/bin/../lib/gcc/nios2-elf/4.1.2/../../../../nios2-elf/lib/mno-hw-mul\libc.a(lib_a-fclose.o)
 .data          0x0084605c        0x0 c:/altera/13.0sp1/nios2eds/bin/gnu/h-i686-mingw32/bin/../lib/gcc/nios2-elf/4.1.2/../../../../nios2-elf/lib/mno-hw-mul\libc.a(lib_a-fstatr.o)
 .data          0x0084605c        0x0 c:/altera/13.0sp1/nios2eds/bin/gnu/h-i686-mingw32/bin/../lib/gcc/nios2-elf/4.1.2/../../../../nios2-elf/lib/mno-hw-mul\libc.a(lib_a-int_errno.o)
 .data          0x0084605c        0x0 c:/altera/13.0sp1/nios2eds/bin/gnu/h-i686-mingw32/bin/../lib/gcc/nios2-elf/4.1.2/../../../../nios2-elf/lib/mno-hw-mul\libc.a(lib_a-isattyr.o)
 .data          0x0084605c        0x0 c:/altera/13.0sp1/nios2eds/bin/gnu/h-i686-mingw32/bin/../lib/gcc/nios2-elf/4.1.2/../../../../nios2-elf/lib/mno-hw-mul\libc.a(lib_a-lseekr.o)
 .data          0x0084605c        0x0 c:/altera/13.0sp1/nios2eds/bin/gnu/h-i686-mingw32/bin/../lib/gcc/nios2-elf/4.1.2/../../../../nios2-elf/lib/mno-hw-mul\libc.a(lib_a-readr.o)
 .data          0x0084605c        0x0 c:/altera/13.0sp1/nios2eds/bin/gnu/h-i686-mingw32/bin/../lib/gcc/nios2-elf/4.1.2/mno-hw-mul\libgcc.a(_udivdi3.o)
 .data          0x0084605c        0x0 c:/altera/13.0sp1/nios2eds/bin/gnu/h-i686-mingw32/bin/../lib/gcc/nios2-elf/4.1.2/mno-hw-mul\libgcc.a(_umoddi3.o)
 .data          0x0084605c        0x0 c:/altera/13.0sp1/nios2eds/bin/gnu/h-i686-mingw32/bin/../lib/gcc/nios2-elf/4.1.2/mno-hw-mul\libgcc.a(_div_df.o)
 .data          0x0084605c        0x0 c:/altera/13.0sp1/nios2eds/bin/gnu/h-i686-mingw32/bin/../lib/gcc/nios2-elf/4.1.2/mno-hw-mul\libgcc.a(_eq_df.o)
 .data          0x0084605c        0x0 c:/altera/13.0sp1/nios2eds/bin/gnu/h-i686-mingw32/bin/../lib/gcc/nios2-elf/4.1.2/mno-hw-mul\libgcc.a(_ne_df.o)
 .data          0x0084605c        0x0 c:/altera/13.0sp1/nios2eds/bin/gnu/h-i686-mingw32/bin/../lib/gcc/nios2-elf/4.1.2/mno-hw-mul\libgcc.a(_gt_df.o)
 .data          0x0084605c        0x0 c:/altera/13.0sp1/nios2eds/bin/gnu/h-i686-mingw32/bin/../lib/gcc/nios2-elf/4.1.2/mno-hw-mul\libgcc.a(_lt_df.o)
 .data          0x0084605c        0x0 c:/altera/13.0sp1/nios2eds/bin/gnu/h-i686-mingw32/bin/../lib/gcc/nios2-elf/4.1.2/mno-hw-mul\libgcc.a(_si_to_df.o)
 .data          0x0084605c        0x0 c:/altera/13.0sp1/nios2eds/bin/gnu/h-i686-mingw32/bin/../lib/gcc/nios2-elf/4.1.2/mno-hw-mul\libgcc.a(lib2-divmod.o)
 .data          0x0084605c        0x0 ../simple_socket_bsp/\libucosii_bsp.a(alt_exit.o)