Archive member included because of file (symbol)

c:/altera/13.0sp1/nios2eds/bin/gnu/h-i686-mingw32/bin/../lib/gcc/nios2-elf/4.1.2/mno-hw-mul\libgcc.a(_fixunsdfsi.o)
                              obj/default/dm9000a.o (__fixunsdfsi)
c:/altera/13.0sp1/nios2eds/bin/gnu/h-i686-mingw32/bin/../lib/gcc/nios2-elf/4.1.2/mno-hw-mul\libgcc.a(_addsub_df.o)
                              c:/altera/13.0sp1/nios2eds/bin/gnu/h-i686-mingw32/bin/../lib/gcc/nios2-elf/4.1.2/mno-hw-mul\libgcc.a(_fixunsdfsi.o) (__subdf3)
c:/altera/13.0sp1/nios2eds/bin/gnu/h-i686-mingw32/bin/../lib/gcc/nios2-elf/4.1.2/mno-hw-mul\libgcc.a(_mul_df.o)
                              obj/default/dm9000a.o (__muldf3)
c:/altera/13.0sp1/nios2eds/bin/gnu/h-i686-mingw32/bin/../lib/gcc/nios2-elf/4.1.2/mno-hw-mul\libgcc.a(_ge_df.o)
                              c:/altera/13.0sp1/nios2eds/bin/gnu/h-i686-mingw32/bin/../lib/gcc/nios2-elf/4.1.2/mno-hw-mul\libgcc.a(_fixunsdfsi.o) (__gedf2)
c:/altera/13.0sp1/nios2eds/bin/gnu/h-i686-mingw32/bin/../lib/gcc/nios2-elf/4.1.2/mno-hw-mul\libgcc.a(_df_to_si.o)
                              c:/altera/13.0sp1/nios2eds/bin/gnu/h-i686-mingw32/bin/../lib/gcc/nios2-elf/4.1.2/mno-hw-mul\libgcc.a(_fixunsdfsi.o) (__fixdfsi)
c:/altera/13.0sp1/nios2eds/bin/gnu/h-i686-mingw32/bin/../lib/gcc/nios2-elf/4.1.2/mno-hw-mul\libgcc.a(_thenan_df.o)
                              c:/altera/13.0sp1/nios2eds/bin/gnu/h-i686-mingw32/bin/../lib/gcc/nios2-elf/4.1.2/mno-hw-mul\libgcc.a(_addsub_df.o) (__thenan_df)
c:/altera/13.0sp1/nios2eds/bin/gnu/h-i686-mingw32/bin/../lib/gcc/nios2-elf/4.1.2/mno-hw-mul\libgcc.a(_usi_to_df.o)
                              obj/default/dm9000a.o (__floatunsidf)
c:/altera/13.0sp1/nios2eds/bin/gnu/h-i686-mingw32/bin/../lib/gcc/nios2-elf/4.1.2/mno-hw-mul\libgcc.a(lib2-mul.o)
                              obj/default/network_utilities.o (__mulsi3)
c:/altera/13.0sp1/nios2eds/bin/gnu/h-i686-mingw32/bin/../lib/gcc/nios2-elf/4.1.2/mno-hw-mul\libgcc.a(_muldi3.o)
                              c:/altera/13.0sp1/nios2eds/bin/gnu/h-i686-mingw32/bin/../lib/gcc/nios2-elf/4.1.2/mno-hw-mul\libgcc.a(_mul_df.o) (__muldi3)
c:/altera/13.0sp1/nios2eds/bin/gnu/h-i686-mingw32/bin/../lib/gcc/nios2-elf/4.1.2/mno-hw-mul\libgcc.a(_clzsi2.o)
                              c:/altera/13.0sp1/nios2eds/bin/gnu/h-i686-mingw32/bin/../lib/gcc/nios2-elf/4.1.2/mno-hw-mul\libgcc.a(_usi_to_df.o) (__clzsi2)
c:/altera/13.0sp1/nios2eds/bin/gnu/h-i686-mingw32/bin/../lib/gcc/nios2-elf/4.1.2/mno-hw-mul\libgcc.a(_pack_df.o)
                              c:/altera/13.0sp1/nios2eds/bin/gnu/h-i686-mingw32/bin/../lib/gcc/nios2-elf/4.1.2/mno-hw-mul\libgcc.a(_addsub_df.o) (__pack_d)
c:/altera/13.0sp1/nios2eds/bin/gnu/h-i686-mingw32/bin/../lib/gcc/nios2-elf/4.1.2/mno-hw-mul\libgcc.a(_unpack_df.o)
                              c:/altera/13.0sp1/nios2eds/bin/gnu/h-i686-mingw32/bin/../lib/gcc/nios2-elf/4.1.2/mno-hw-mul\libgcc.a(_addsub_df.o) (__unpack_d)
c:/altera/13.0sp1/nios2eds/bin/gnu/h-i686-mingw32/bin/../lib/gcc/nios2-elf/4.1.2/mno-hw-mul\libgcc.a(_fpcmp_parts_df.o)
                              c:/altera/13.0sp1/nios2eds/bin/gnu/h-i686-mingw32/bin/../lib/gcc/nios2-elf/4.1.2/mno-hw-mul\libgcc.a(_ge_df.o) (__fpcmp_parts_d)
c:/altera/13.0sp1/nios2eds/bin/gnu/h-i686-mingw32/bin/../lib/gcc/nios2-elf/4.1.2/mno-hw-mul\libgcc.a(_clz.o)
                              c:/altera/13.0sp1/nios2eds/bin/gnu/h-i686-mingw32/bin/../lib/gcc/nios2-elf/4.1.2/mno-hw-mul\libgcc.a(_clzsi2.o) (__clz_tab)
c:/altera/13.0sp1/nios2eds/bin/gnu/h-i686-mingw32/bin/../lib/gcc/nios2-elf/4.1.2/../../../../nios2-elf/lib/mno-hw-mul\libc.a(lib_a-ctype_.o)
                              obj/default/network_utilities.o (__ctype_ptr)
c:/altera/13.0sp1/nios2eds/bin/gnu/h-i686-mingw32/bin/../lib/gcc/nios2-elf/4.1.2/../../../../nios2-elf/lib/mno-hw-mul\libc.a(lib_a-exit.o)
                              obj/default/iniche_init.o (exit)
c:/altera/13.0sp1/nios2eds/bin/gnu/h-i686-mingw32/bin/../lib/gcc/nios2-elf/4.1.2/../../../../nios2-elf/lib/mno-hw-mul\libc.a(lib_a-fprintf.o)
                              obj/default/alt_error_handler.o (fprintf)
c:/altera/13.0sp1/nios2eds/bin/gnu/h-i686-mingw32/bin/../lib/gcc/nios2-elf/4.1.2/../../../../nios2-elf/lib/mno-hw-mul\libc.a(lib_a-fwrite.o)
                              obj/default/alt_error_handler.o (fwrite)
c:/altera/13.0sp1/nios2eds/bin/gnu/h-i686-mingw32/bin/../lib/gcc/nios2-elf/4.1.2/../../../../nios2-elf/lib/mno-hw-mul\libc.a(lib_a-getc.o)
                              obj/default/network_utilities.o (getc)
c:/altera/13.0sp1/nios2eds/bin/gnu/h-i686-mingw32/bin/../lib/gcc/nios2-elf/4.1.2/../../../../nios2-elf/lib/mno-hw-mul\libc.a(lib_a-impure.o)
                              obj/default/alt_error_handler.o (_impure_ptr)
c:/altera/13.0sp1/nios2eds/bin/gnu/h-i686-mingw32/bin/../lib/gcc/nios2-elf/4.1.2/../../../../nios2-elf/lib/mno-hw-mul\libc.a(lib_a-memcpy.o)
                              obj/default/simple_socket_server.o (memcpy)
[...]
Memory Configuration

Name             Origin             Length             Attributes
sdram_0_BEFORE_EXCEPTION 0x00800000         0x00000020
sdram_0          0x00800020         0x007fffe0
reset            0x01400000         0x00000020
cfi_flash_0      0x01400020         0x003fffe0
sram_0           0x01a00000         0x00080000
epcs_controller  0x01a81800         0x00000800
*default*        0x00000000         0xffffffff

Linker script and memory map

LOAD ../simple_socket_bsp//obj/HAL/src/crt0.o
LOAD obj/default/SSS_DE2_115.o
LOAD obj/default/alt_error_handler.o
LOAD obj/default/dm9000a.o
LOAD obj/default/iniche_init.o
LOAD obj/default/network_utilities.o
LOAD obj/default/simple_socket_server.o
LOAD obj/default/tse_my_system.o
LOAD c:/altera/13.0sp1/nios2eds/bin/gnu/h-i686-mingw32/bin/../lib/gcc/nios2-elf/4.1.2/../../../../nios2-elf/lib/mno-hw-mul\libstdc++.a
LOAD c:/altera/13.0sp1/nios2eds/bin/gnu/h-i686-mingw32/bin/../lib/gcc/nios2-elf/4.1.2/../../../../nios2-elf/lib/mno-hw-mul\libm.a
LOAD c:/altera/13.0sp1/nios2eds/bin/gnu/h-i686-mingw32/bin/../lib/gcc/nios2-elf/4.1.2/mno-hw-mul\libgcc.a
START GROUP
LOAD c:/altera/13.0sp1/nios2eds/bin/gnu/h-i686-mingw32/bin/../lib/gcc/nios2-elf/4.1.2/../../../../nios2-elf/lib/mno-hw-mul\libc.a
LOAD c:/altera/13.0sp1/nios2eds/bin/gnu/h-i686-mingw32/bin/../lib/gcc/nios2-elf/4.1.2/mno-hw-mul\libgcc.a
LOAD ../simple_socket_bsp/\libucosii_bsp.a
END GROUP
LOAD c:/altera/13.0sp1/nios2eds/bin/gnu/h-i686-mingw32/bin/../lib/gcc/nios2-elf/4.1.2/mno-hw-mul\libgcc.a
                0x00800000                __alt_mem_sdram_0 = 0x800000
                0x01400000                __alt_mem_cfi_flash_0 = 0x1400000
                0x01a00000                __alt_mem_sram_0 = 0x1a00000
                0x01a81800                __alt_mem_epcs_controller = 0x1a81800

.entry          0x01400000        0x0
 *(.entry)
 .entry         0x01400000        0x0 ../simple_socket_bsp//obj/HAL/src/crt0.o
                0x01400000                __reset

.exceptions     0x00800020      0x19c
                0x00800020                PROVIDE (__ram_exceptions_start, ABSOLUTE (.))
                0x00800020                . = ALIGN (0x20)
 *(.irq)
 *(.exceptions.entry.label)
 .exceptions.entry.label
                0x00800020        0x0 ../simple_socket_bsp/\libucosii_bsp.a(alt_irq_entry.o)
                0x00800020                alt_irq_entry
 .exceptions.entry.label
                0x00800020        0x0 ../simple_socket_bsp/\libucosii_bsp.a(alt_exception_entry.o)
                0x00800020                alt_exception
 *(.exceptions.entry.user)
 *(.exceptions.entry)
 .exceptions.entry
                0x00800020       0x54 ../simple_socket_bsp/\libucosii_bsp.a(alt_exception_entry.o)
 *(.exceptions.irqtest.user)
 *(.exceptions.irqtest)
 .exceptions.irqtest
                0x00800074       0x10 ../simple_socket_bsp/\libucosii_bsp.a(alt_irq_entry.o)
 *(.exceptions.irqhandler.user)
 *(.exceptions.irqhandler)
 .exceptions.irqhandler
                0x00800084        0x4 ../simple_socket_bsp/\libucosii_bsp.a(alt_irq_entry.o)
 *(.exceptions.irqreturn.user)
 *(.exceptions.irqreturn)
 .exceptions.irqreturn
                0x00800088        0x4 ../simple_socket_bsp/\libucosii_bsp.a(alt_irq_entry.o)
 *(.exceptions.notirq.label)
 .exceptions.notirq.label
                0x0080008c        0x0 ../simple_socket_bsp/\libucosii_bsp.a(alt_irq_entry.o)
 *(.exceptions.notirq.user)
 *(.exceptions.notirq)
 .exceptions.notirq
                0x0080008c        0x8 ../simple_socket_bsp/\libucosii_bsp.a(alt_exception_entry.o)
 *(.exceptions.soft.user)
 *(.exceptions.soft)
 *(.exceptions.unknown.user)
 *(.exceptions.unknown)
 .exceptions.unknown
                0x00800094        0x4 ../simple_socket_bsp/\libucosii_bsp.a(alt_exception_entry.o)
 *(.exceptions.exit.label)
 .exceptions.exit.label
                0x00800098        0x0 ../simple_socket_bsp/\libucosii_bsp.a(alt_irq_entry.o)
 .exceptions.exit.label
                0x00800098        0x0 ../simple_socket_bsp/\libucosii_bsp.a(alt_exception_entry.o)
 *(.exceptions.exit.user)
 *(.exceptions.exit)
 .exceptions.exit
                0x00800098       0x54 ../simple_socket_bsp/\libucosii_bsp.a(alt_exception_entry.o)
 *(.exceptions)
 .exceptions    0x008000ec       0xd0 ../simple_socket_bsp/\libucosii_bsp.a(alt_irq_handler.o)
                0x008000ec                alt_irq_handler
                0x008001bc                PROVIDE (__ram_exceptions_end, ABSOLUTE (.))
                0x00800020                PROVIDE (__flash_exceptions_start, LOADADDR (.exceptions))

.text           0x008001bc    0x41578
                0x008001bc                PROVIDE (stext, ABSOLUTE (.))
 *(.interp)
 *(.hash)
 *(.dynsym)
 *(.dynstr)
 *(.gnu.version)
 *(.gnu.version_d)
 *(.gnu.version_r)
 *(.rel.init)
 *(.rela.init)
 *(.rel.text .rel.text.* .rel.gnu.linkonce.t.*)
 *(.rela.text .rela.text.* .rela.gnu.linkonce.t.*)
 *(.rel.fini)
 *(.rela.fini)
 *(.rel.rodata .rel.rodata.* .rel.gnu.linkonce.r.*)
 *(.rela.rodata .rela.rodata.* .rela.gnu.linkonce.r.*)
 *(.rel.data .rel.data.* .rel.gnu.linkonce.d.*)
 *(.rela.data .rela.data.* .rela.gnu.linkonce.d.*)
 *(.rel.tdata .rel.tdata.* .rel.gnu.linkonce.td.*)
 *(.rela.tdata .rela.tdata.* .rela.gnu.linkonce.td.*)
 *(.rel.tbss .rel.tbss.* .rel.gnu.linkonce.tb.*)
 *(.rela.tbss .rela.tbss.* .rela.gnu.linkonce.tb.*)
 *(.rel.ctors)
 *(.rela.ctors)
 *(.rel.dtors)
 *(.rela.dtors)
 *(.rel.got)
 *(.rela.got)
 *(.rel.sdata .rel.sdata.* .rel.gnu.linkonce.s.*)
 *(.rela.sdata .rela.sdata.* .rela.gnu.linkonce.s.*)
 *(.rel.sbss .rel.sbss.* .rel.gnu.linkonce.sb.*)
 *(.rela.sbss .rela.sbss.* .rela.gnu.linkonce.sb.*)
 *(.rel.sdata2 .rel.sdata2.* .rel.gnu.linkonce.s2.*)
 *(.rela.sdata2 .rela.sdata2.* .rela.gnu.linkonce.s2.*)
 *(.rel.sbss2 .rel.sbss2.* .rel.gnu.linkonce.sb2.*)
 *(.rela.sbss2 .rela.sbss2.* .rela.gnu.linkonce.sb2.*)
 *(.rel.bss .rel.bss.* .rel.gnu.linkonce.b.*)
 *(.rela.bss .rela.bss.* .rela.gnu.linkonce.b.*)
 *(.rel.plt)
 *(.rela.plt)
 *(.rel.dyn)
 *(.init)
 *(.plt)
 *(.text .stub .text.* .gnu.linkonce.t.*)
 .text          0x008001bc       0x38 ../simple_socket_bsp//obj/HAL/src/crt0.o
                0x008001bc                _start
 .text          0x008001f4      0x2ec obj/default/SSS_DE2_115.o
                0x008001f4                get_DE2_115_mac_addr
                0x0080039c                FindLastFlashSectorOffset
 .text          0x008004e0      0xba8 obj/default/alt_error_handler.o
                0x008004e0                alt_uCOSIIErrorHandler
                0x00800b04                alt_NetworkErrorHandler
                0x00800d9c                alt_SSSErrorHandler
 .text          0x00801088      0xe48 obj/default/dm9000a.o
                0x00801088                dm9000a_iow
                0x008010dc                dm9000a_ior
                0x00801128                phy_write
                0x008011c4                dm9000a_reset
                0x00801388                TransmitPacket
                0x008014a4                prep_dm9000a
                0x008016c0                dm9000a_init
                0x00801b10                dm9Ka_isr_wrap
                0x00801b50                dm9ka_init
                0x00801c48                dm9ka_close
                0x00801d58                dm9ka_stats
                0x00801db4                dm9ka_pkt_send
 .text          0x00801ed0      0x31c obj/default/iniche_init.o
                0x00801ed0                SSSInitialTask
                0x008020f0                main
 .text          0x008021ec      0x8a0 obj/default/network_utilities.o
                0x008021ec                get_mac_addr
                0x00802244                get_ip_addr
                0x00802410                get_serial_number
                0x008025f0                generate_and_store_mac_addr
                0x008027bc                generate_mac_addr
                0x008028f8                get_board_mac_addr
 .text          0x00802a8c      0x934 obj/default/simple_socket_server.o
                0x00802a8c                SSSCreateOSDataStructs
                0x00802b34                sss_reset_connection
                0x00802ba4                sss_send_menu
                0x00802d34                sss_handle_accept
                0x00802df4                sss_exec_command
                0x00802f68                sss_handle_receive
                0x00803154                SSSSimpleSocketServerTask
 .text          0x008033c0        0x0 obj/default/tse_my_system.o
 .text          0x008033c0       0xa4 c:/altera/13.0sp1/nios2eds/bin/gnu/h-i686-mingw32/bin/../lib/gcc/nios2-elf/4.1.2/mno-hw-mul\libgcc.a(_fixunsdfsi.o)
                0x008033c0                __fixunsdfsi
 .text          0x00803464      0x504 c:/altera/13.0sp1/nios2eds/bin/gnu/h-i686-mingw32/bin/../lib/gcc/nios2-elf/4.1.2/mno-hw-mul\libgcc.a(_addsub_df.o)
                0x00803874                __subdf3
                0x008038f4                __adddf3
 .text          0x00803968      0x3c4 c:/altera/13.0sp1/nios2eds/bin/gnu/h-i686-mingw32/bin/../lib/gcc/nios2-elf/4.1.2/mno-hw-mul\libgcc.a(_mul_df.o)
                0x00803968                __muldf3
 .text          0x00803d2c       0x88 c:/altera/13.0sp1/nios2eds/bin/gnu/h-i686-mingw32/bin/../lib/gcc/nios2-elf/4.1.2/mno-hw-mul\libgcc.a(_ge_df.o)
                0x00803d2c                __gedf2
 .text          0x00803db4       0xd8 c:/altera/13.0sp1/nios2eds/bin/gnu/h-i686-mingw32/bin/../lib/gcc/nios2-elf/4.1.2/mno-hw-mul\libgcc.a(_df_to_si.o)
                0x00803db4                __fixdfsi
 .text          0x00803e8c        0x0 c:/altera/13.0sp1/nios2eds/bin/gnu/h-i686-mingw32/bin/../lib/gcc/nios2-elf/4.1.2/mno-hw-mul\libgcc.a(_thenan_df.o)
 .text          0x00803e8c      0x194 c:/altera/13.0sp1/nios2eds/bin/gnu/h-i686-mingw32/bin/../lib/gcc/nios2-elf/4.1.2/mno-hw-mul\libgcc.a(_usi_to_df.o)
                0x00803e8c                __floatunsidf
 .text          0x00804020       0x38 c:/altera/13.0sp1/nios2eds/bin/gnu/h-i686-mingw32/bin/../lib/gcc/nios2-elf/4.1.2/mno-hw-mul\libgcc.a(lib2-mul.o)
                0x00804020                __mulsi3
 .text          0x00804058      0x124 c:/altera/13.0sp1/nios2eds/bin/gnu/h-i686-mingw32/bin/../lib/gcc/nios2-elf/4.1.2/mno-hw-mul\libgcc.a(_muldi3.o)
                0x00804058                __muldi3
 .text          0x0080417c       0x80 c:/altera/13.0sp1/nios2eds/bin/gnu/h-i686-mingw32/bin/../lib/gcc/nios2-elf/4.1.2/mno-hw-mul\libgcc.a(_clzsi2.o)
                0x0080417c                __clzsi2
 .text          0x008041fc      0x314 c:/altera/13.0sp1/nios2eds/bin/gnu/h-i686-mingw32/bin/../lib/gcc/nios2-elf/4.1.2/mno-hw-mul\libgcc.a(_pack_df.o)
                0x008041fc                __pack_d
 .text          0x00804510      0x138 c:/altera/13.0sp1/nios2eds/bin/gnu/h-i686-mingw32/bin/../lib/gcc/nios2-elf/4.1.2/mno-hw-mul\libgcc.a(_unpack_df.o)
                0x00804510                __unpack_d
 .text          0x00804648       0xc8 c:/altera/13.0sp1/nios2eds/bin/gnu/h-i686-mingw32/bin/../lib/gcc/nios2-elf/4.1.2/mno-hw-mul\libgcc.a(_fpcmp_parts_df.o)
                0x00804648                __fpcmp_parts_d
 .text          0x00804710        0x0 c:/altera/13.0sp1/nios2eds/bin/gnu/h-i686-mingw32/bin/../lib/gcc/nios2-elf/4.1.2/mno-hw-mul\libgcc.a(_clz.o)
 .text          0x00804710        0x0 c:/altera/13.0sp1/nios2eds/bin/gnu/h-i686-mingw32/bin/../lib/gcc/nios2-elf/4.1.2/../../../../nios2-elf/lib/mno-hw-mul\libc.a(lib_a-ctype_.o)
 .text          0x00804710       0x38 c:/altera/13.0sp1/nios2eds/bin/gnu/h-i686-mingw32/bin/../lib/gcc/nios2-elf/4.1.2/../../../../nios2-elf/lib/mno-hw-mul\libc.a(lib_a-exit.o)
                0x00804710                exit
 .text          0x00804748       0x60 c:/altera/13.0sp1/nios2eds/bin/gnu/h-i686-mingw32/bin/../lib/gcc/nios2-elf/4.1.2/../../../../nios2-elf/lib/mno-hw-mul\libc.a(lib_a-fprintf.o)
                0x00804748                fprintf
                0x00804774                _fprintf_r
 .text          0x008047a8       0xec c:/altera/13.0sp1/nios2eds/bin/gnu/h-i686-mingw32/bin/../lib/gcc/nios2-elf/4.1.2/../../../../nios2-elf/lib/mno-hw-mul\libc.a(lib_a-fwrite.o)
                0x008047a8                _fwrite_r
                0x00804854                fwrite
 .text          0x00804894      0x128 c:/altera/13.0sp1/nios2eds/bin/gnu/h-i686-mingw32/bin/../lib/gcc/nios2-elf/4.1.2/../../../../nios2-elf/lib/mno-hw-mul\libc.a(lib_a-getc.o)
                0x00804894                getc
                0x0080492c                _getc_r
 .text          0x008049bc        0x0 c:/altera/13.0sp1/nios2eds/bin/gnu/h-i686-mingw32/bin/../lib/gcc/nios2-elf/4.1.2/../../../../nios2-elf/lib/mno-hw-mul\libc.a(lib_a-impure.o)
 .text          0x008049bc       0xa0 c:/altera/13.0sp1/nios2eds/bin/gnu/h-i686-mingw32/bin/../lib/gcc/nios2-elf/4.1.2/../../../../nios2-elf/lib/mno-hw-mul\libc.a(lib_a-memcpy.o)
                0x008049bc                memcpy
 .text          0x00804a5c       0xe0 c:/altera/13.0sp1/nios2eds/bin/gnu/h-i686-mingw32/bin/../lib/gcc/nios2-elf/4.1.2/../../../../nios2-elf/lib/mno-hw-mul\libc.a(lib_a-memmove.o)
                0x00804a5c                memmove
 .text          0x00804b3c       0x98 c:/altera/13.0sp1/nios2eds/bin/gnu/h-i686-mingw32/bin/../lib/gcc/nios2-elf/4.1.2/../../../../nios2-elf/lib/mno-hw-mul\libc.a(lib_a-memset.o)
                0x00804b3c                memset
 .text          0x00804bd4       0x80 c:/altera/13.0sp1/nios2eds/bin/gnu/h-i686-mingw32/bin/../lib/gcc/nios2-elf/4.1.2/../../../../nios2-elf/lib/mno-hw-mul\libc.a(lib_a-perror.o)
                0x00804bd4                _perror_r
                0x00804c40                perror
 .text          0x00804c54       0x78 c:/altera/13.0sp1/nios2eds/bin/gnu/h-i686-mingw32/bin/../lib/gcc/nios2-elf/4.1.2/../../../../nios2-elf/lib/mno-hw-mul\libc.a(lib_a-printf.o)
                0x00804c54                printf
                0x00804c98                _printf_r
 .text          0x00804ccc      0x1ec c:/altera/13.0sp1/nios2eds/bin/gnu/h-i686-mingw32/bin/../lib/gcc/nios2-elf/4.1.2/../../../../nios2-elf/lib/mno-hw-mul\libc.a(lib_a-putc.o)
                0x00804ccc                putc
                0x00804dd0                _putc_r
 .text          0x00804eb8       0x24 c:/altera/13.0sp1/nios2eds/bin/gnu/h-i686-mingw32/bin/../lib/gcc/nios2-elf/4.1.2/../../../../nios2-elf/lib/mno-hw-mul\libc.a(lib_a-putchar.o)
                0x00804eb8                putchar
                0x00804ed4                _putchar_r
 .text          0x00804edc       0xb4 c:/altera/13.0sp1/nios2eds/bin/gnu/h-i686-mingw32/bin/../lib/gcc/nios2-elf/4.1.2/../../../../nios2-elf/lib/mno-hw-mul\libc.a(lib_a-puts.o)
                0x00804edc                _puts_r
                0x00804f7c                puts
 .text          0x00804f90       0x60 c:/altera/13.0sp1/nios2eds/bin/gnu/h-i686-mingw32/bin/../lib/gcc/nios2-elf/4.1.2/../../../../nios2-elf/lib/mno-hw-mul\libc.a(lib_a-rget.o)
                0x00804f90                __srget_r
                0x00804fdc                __srget
 .text          0x00804ff0       0xe0 c:/altera/13.0sp1/nios2eds/bin/gnu/h-i686-mingw32/bin/../lib/gcc/nios2-elf/4.1.2/../../../../nios2-elf/lib/mno-hw-mul\libc.a(lib_a-strchr.o)
                0x00804ff0                strchr
 .text          0x008050d0      0x674 c:/altera/13.0sp1/nios2eds/bin/gnu/h-i686-mingw32/bin/../lib/gcc/nios2-elf/4.1.2/../../../../nios2-elf/lib/mno-hw-mul\libc.a(lib_a-strerror.o)
                0x008050d0                strerror
 .text          0x00805744       0x74 c:/altera/13.0sp1/nios2eds/bin/gnu/h-i686-mingw32/bin/../lib/gcc/nios2-elf/4.1.2/../../../../nios2-elf/lib/mno-hw-mul\libc.a(lib_a-strlen.o)
                0x00805744                strlen
 .text          0x008057b8        0x8 c:/altera/13.0sp1/nios2eds/bin/gnu/h-i686-mingw32/bin/../lib/gcc/nios2-elf/4.1.2/../../../../nios2-elf/lib/mno-hw-mul\libc.a(lib_a-u_strerr.o)
                0x008057b8                _user_strerror
 .text          0x008057c0     0x1f40 c:/altera/13.0sp1/nios2eds/bin/gnu/h-i686-mingw32/bin/../lib/gcc/nios2-elf/4.1.2/../../../../nios2-elf/lib/mno-hw-mul\libc.a(lib_a-vfprintf.o)
                0x00805818                ___vfprintf_internal_r
                0x008076dc                __vfprintf_internal
 .text          0x00807700      0x14c c:/altera/13.0sp1/nios2eds/bin/gnu/h-i686-mingw32/bin/../lib/gcc/nios2-elf/4.1.2/../../../../nios2-elf/lib/mno-hw-mul\libc.a(lib_a-wbuf.o)
                0x00807700                __swbuf_r
                0x00807830                __swbuf
 .text          0x0080784c      0x13c c:/altera/13.0sp1/nios2eds/bin/gnu/h-i686-mingw32/bin/../lib/gcc/nios2-elf/4.1.2/../../../../nios2-elf/lib/mno-hw-mul\libc.a(lib_a-wsetup.o)
                0x0080784c                __swsetup_r
 .text          0x00807988      0x1b4 c:/altera/13.0sp1/nios2eds/bin/gnu/h-i686-mingw32/bin/../lib/gcc/nios2-elf/4.1.2/../../../../nios2-elf/lib/mno-hw-mul\libc.a(lib_a-__call_atexit.o)
                0x0080798c                __call_exitprocs
 .text          0x00807b3c     0x17f8 c:/altera/13.0sp1/nios2eds/bin/gnu/h-i686-mingw32/bin/../lib/gcc/nios2-elf/4.1.2/../../../../nios2-elf/lib/mno-hw-mul\libc.a(lib_a-dtoa.o)
                0x00807d80                _dtoa_r
 .text          0x00809334      0x230 c:/altera/13.0sp1/nios2eds/bin/gnu/h-i686-mingw32/bin/../lib/gcc/nios2-elf/4.1.2/../../../../nios2-elf/lib/mno-hw-mul\libc.a(lib_a-fflush.o)
                0x00809334                _fflush_r
                0x00809530                fflush
 .text          0x00809564      0x2f4 c:/altera/13.0sp1/nios2eds/bin/gnu/h-i686-mingw32/bin/../lib/gcc/nios2-elf/4.1.2/../../../../nios2-elf/lib/mno-hw-mul\libc.a(lib_a-findfp.o)
                0x008095bc                __sfp_lock_acquire
                0x008095c0                __sfp_lock_release
                0x008095c4                __sinit_lock_acquire
                0x008095c8                __sinit_lock_release
                0x008095cc                __sinit
                0x00809680                __fp_unlock_all
                0x00809698                __fp_lock_all
                0x008096b0                _cleanup_r
                0x008096bc                _cleanup
                0x008096cc                __sfmoreglue
                0x00809768                __sfp
 .text          0x00809858       0xbc c:/altera/13.0sp1/nios2eds/bin/gnu/h-i686-mingw32/bin/../lib/gcc/nios2-elf/4.1.2/../../../../nios2-elf/lib/mno-hw-mul\libc.a(lib_a-fputc.o)
                0x00809858                fputc
                0x008098bc                _fputc_r
 .text          0x00809914       0x90 c:/altera/13.0sp1/nios2eds/bin/gnu/h-i686-mingw32/bin/../lib/gcc/nios2-elf/4.1.2/../../../../nios2-elf/lib/mno-hw-mul\libc.a(lib_a-fputs.o)
                0x00809914                _fputs_r
                0x00809988                fputs
 .text          0x008099a4      0x440 c:/altera/13.0sp1/nios2eds/bin/gnu/h-i686-mingw32/bin/../lib/gcc/nios2-elf/4.1.2/../../../../nios2-elf/lib/mno-hw-mul\libc.a(lib_a-freer.o)
                0x008099a4                _malloc_trim_r
                0x00809ad0                _free_r
 .text          0x00809de4      0x49c c:/altera/13.0sp1/nios2eds/bin/gnu/h-i686-mingw32/bin/../lib/gcc/nios2-elf/4.1.2/../../../../nios2-elf/lib/mno-hw-mul\libc.a(lib_a-fvwrite.o)
                0x00809de4                __sfvwrite_r
 .text          0x0080a280      0x180 c:/altera/13.0sp1/nios2eds/bin/gnu/h-i686-mingw32/bin/../lib/gcc/nios2-elf/4.1.2/../../../../nios2-elf/lib/mno-hw-mul\libc.a(lib_a-fwalk.o)
                0x0080a280                _fwalk_reent
                0x0080a348                _fwalk
 .text          0x0080a400       0xc4 c:/altera/13.0sp1/nios2eds/bin/gnu/h-i686-mingw32/bin/../lib/gcc/nios2-elf/4.1.2/../../../../nios2-elf/lib/mno-hw-mul\libc.a(lib_a-locale.o)
                0x0080a400                __locale_charset
                0x0080a408                _localeconv_r
                0x0080a414                localeconv
                0x0080a424                _setlocale_r
                0x0080a4a8                setlocale
 .text          0x0080a4c4      0x194 c:/altera/13.0sp1/nios2eds/bin/gnu/h-i686-mingw32/bin/../lib/gcc/nios2-elf/4.1.2/../../../../nios2-elf/lib/mno-hw-mul\libc.a(lib_a-makebuf.o)
                0x0080a4c4                __smakebuf_r
 .text          0x0080a658      0x740 c:/altera/13.0sp1/nios2eds/bin/gnu/h-i686-mingw32/bin/../lib/gcc/nios2-elf/4.1.2/../../../../nios2-elf/lib/mno-hw-mul\libc.a(lib_a-mallocr.o)
                0x0080a658                _malloc_r
 .text          0x0080ad98       0xe4 c:/altera/13.0sp1/nios2eds/bin/gnu/h-i686-mingw32/bin/../lib/gcc/nios2-elf/4.1.2/../../../../nios2-elf/lib/mno-hw-mul\libc.a(lib_a-memchr.o)
                0x0080ad98                memchr
 .text          0x0080ae7c     0x108c c:/altera/13.0sp1/nios2eds/bin/gnu/h-i686-mingw32/bin/../lib/gcc/nios2-elf/4.1.2/../../../../nios2-elf/lib/mno-hw-mul\libc.a(lib_a-mprec.o)
                0x0080ae7c                _Bfree
                0x0080aea4                __hi0bits
                0x0080af14                __lo0bits
                0x0080afd8                __mcmp
                0x0080b038                __ulp
                0x0080b0b8                __b2d
                0x0080b1d8                __ratio
                0x0080b288                _mprec_log10
                0x0080b31c                __copybits
                0x0080b374                __any_on
                0x0080b3fc                _Balloc
                0x0080b4b8                __d2b
                0x0080b634                __mdiff
                0x0080b7c0                __lshift
                0x0080b90c                __multiply
                0x0080bb60                __i2b
                0x0080bb9c                __multadd
                0x0080bcc8                __pow5mult
                0x0080bde8                __s2b
 .text          0x0080bf08      0x5f4 c:/altera/13.0sp1/nios2eds/bin/gnu/h-i686-mingw32/bin/../lib/gcc/nios2-elf/4.1.2/../../../../nios2-elf/lib/mno-hw-mul\libc.a(lib_a-reallocr.o)
                0x0080bf08                _realloc_r
 .text          0x0080c4fc      0x1e0 c:/altera/13.0sp1/nios2eds/bin/gnu/h-i686-mingw32/bin/../lib/gcc/nios2-elf/4.1.2/../../../../nios2-elf/lib/mno-hw-mul\libc.a(lib_a-refill.o)
                0x0080c4fc                __srefill_r
 .text          0x0080c6dc       0x40 c:/altera/13.0sp1/nios2eds/bin/gnu/h-i686-mingw32/bin/../lib/gcc/nios2-elf/4.1.2/../../../../nios2-elf/lib/mno-hw-mul\libc.a(lib_a-s_isinfd.o)
                0x0080c6dc                __isinfd
 .text          0x0080c71c       0x30 c:/altera/13.0sp1/nios2eds/bin/gnu/h-i686-mingw32/bin/../lib/gcc/nios2-elf/4.1.2/../../../../nios2-elf/lib/mno-hw-mul\libc.a(lib_a-s_isnand.o)
                0x0080c71c                __isnand
 .text          0x0080c74c       0x70 c:/altera/13.0sp1/nios2eds/bin/gnu/h-i686-mingw32/bin/../lib/gcc/nios2-elf/4.1.2/../../../../nios2-elf/lib/mno-hw-mul\libc.a(lib_a-sbrkr.o)
                0x0080c74c                _sbrk_r
 .text          0x0080c7bc      0x14c c:/altera/13.0sp1/nios2eds/bin/gnu/h-i686-mingw32/bin/../lib/gcc/nios2-elf/4.1.2/../../../../nios2-elf/lib/mno-hw-mul\libc.a(lib_a-stdio.o)
                0x0080c7bc                __sclose
                0x0080c7c4                __sseek
                0x0080c82c                __swrite
                0x0080c8a8                __sread
 .text          0x0080c908       0xbc c:/altera/13.0sp1/nios2eds/bin/gnu/h-i686-mingw32/bin/../lib/gcc/nios2-elf/4.1.2/../../../../nios2-elf/lib/mno-hw-mul\libc.a(lib_a-strcmp.o)
                0x0080c908                strcmp
 .text          0x0080c9c4       0x78 c:/altera/13.0sp1/nios2eds/bin/gnu/h-i686-mingw32/bin/../lib/gcc/nios2-elf/4.1.2/../../../../nios2-elf/lib/mno-hw-mul\libc.a(lib_a-writer.o)
                0x0080c9c4                _write_r
 .text          0x0080ca3c       0xc8 c:/altera/13.0sp1/nios2eds/bin/gnu/h-i686-mingw32/bin/../lib/gcc/nios2-elf/4.1.2/../../../../nios2-elf/lib/mno-hw-mul\libc.a(lib_a-callocr.o)
                0x0080ca3c                _calloc_r
 .text          0x0080cb04       0x70 c:/altera/13.0sp1/nios2eds/bin/gnu/h-i686-mingw32/bin/../lib/gcc/nios2-elf/4.1.2/../../../../nios2-elf/lib/mno-hw-mul\libc.a(lib_a-closer.o)
                0x0080cb04                _close_r
 .text          0x0080cb74      0x124 c:/altera/13.0sp1/nios2eds/bin/gnu/h-i686-mingw32/bin/../lib/gcc/nios2-elf/4.1.2/../../../../nios2-elf/lib/mno-hw-mul\libc.a(lib_a-fclose.o)
                0x0080cb74                _fclose_r
                0x0080cc84                fclose
 .text          0x0080cc98       0x74 c:/altera/13.0sp1/nios2eds/bin/gnu/h-i686-mingw32/bin/../lib/gcc/nios2-elf/4.1.2/../../../../nios2-elf/lib/mno-hw-mul\libc.a(lib_a-fstatr.o)
                0x0080cc98                _fstat_r
 .text          0x0080cd0c        0x0 c:/altera/13.0sp1/nios2eds/bin/gnu/h-i686-mingw32/bin/../lib/gcc/nios2-elf/4.1.2/../../../../nios2-elf/lib/mno-hw-mul\libc.a(lib_a-int_errno.o)
 .text          0x0080cd0c       0x70 c:/altera/13.0sp1/nios2eds/bin/gnu/h-i686-mingw32/bin/../lib/gcc/nios2-elf/4.1.2/../../../../nios2-elf/lib/mno-hw-mul\libc.a(lib_a-isattyr.o)
                0x0080cd0c                _isatty_r
 .text          0x0080cd7c       0x78 c:/altera/13.0sp1/nios2eds/bin/gnu/h-i686-mingw32/bin/../lib/gcc/nios2-elf/4.1.2/../../../../nios2-elf/lib/mno-hw-mul\libc.a(lib_a-lseekr.o)
                0x0080cd7c                _lseek_r
 .text          0x0080cdf4       0x78 c:/altera/13.0sp1/nios2eds/bin/gnu/h-i686-mingw32/bin/../lib/gcc/nios2-elf/4.1.2/../../../../nios2-elf/lib/mno-hw-mul\libc.a(lib_a-readr.o)
                0x0080cdf4                _read_r
 .text          0x0080ce6c      0x66c c:/altera/13.0sp1/nios2eds/bin/gnu/h-i686-mingw32/bin/../lib/gcc/nios2-elf/4.1.2/mno-hw-mul\libgcc.a(_udivdi3.o)
                0x0080ce6c                __udivdi3
 .text          0x0080d4d8      0x660 c:/altera/13.0sp1/nios2eds/bin/gnu/h-i686-mingw32/bin/../lib/gcc/nios2-elf/4.1.2/mno-hw-mul\libgcc.a(_umoddi3.o)
                0x0080d4d8                __umoddi3
 .text          0x0080db38      0x258 c:/altera/13.0sp1/nios2eds/bin/gnu/h-i686-mingw32/bin/../lib/gcc/nios2-elf/4.1.2/mno-hw-mul\libgcc.a(_div_df.o)
                0x0080db38                __divdf3
 .text          0x0080dd90       0x88 c:/altera/13.0sp1/nios2eds/bin/gnu/h-i686-mingw32/bin/../lib/gcc/nios2-elf/4.1.2/mno-hw-mul\libgcc.a(_eq_df.o)
                0x0080dd90                __eqdf2
 .text          0x0080de18       0x88 c:/altera/13.0sp1/nios2eds/bin/gnu/h-i686-mingw32/bin/../lib/gcc/nios2-elf/4.1.2/mno-hw-mul\libgcc.a(_ne_df.o)
                0x0080de18                __nedf2
 .text          0x0080dea0       0x88 c:/altera/13.0sp1/nios2eds/bin/gnu/h-i686-mingw32/bin/../lib/gcc/nios2-elf/4.1.2/mno-hw-mul\libgcc.a(_gt_df.o)
                0x0080dea0                __gtdf2
 .text          0x0080df28       0x88 c:/altera/13.0sp1/nios2eds/bin/gnu/h-i686-mingw32/bin/../lib/gcc/nios2-elf/4.1.2/mno-hw-mul\libgcc.a(_lt_df.o)
                0x0080df28                __ltdf2
 .text          0x0080dfb0       0xf8 c:/altera/13.0sp1/nios2eds/bin/gnu/h-i686-mingw32/bin/../lib/gcc/nios2-elf/4.1.2/mno-hw-mul\libgcc.a(_si_to_df.o)
                0x0080dfb0                __floatsidf
 .text          0x0080e0a8      0x14c c:/altera/13.0sp1/nios2eds/bin/gnu/h-i686-mingw32/bin/../lib/gcc/nios2-elf/4.1.2/mno-hw-mul\libgcc.a(lib2-divmod.o)
                0x0080e124                __divsi3
                0x0080e184                __modsi3
                0x0080e1e4                __udivsi3
                0x0080e1ec                __umodsi3
 .text          0x0080e1f4       0x6c ../simple_socket_bsp/\libucosii_bsp.a(alt_exit.o)
                0x0080e234                _exit
 .text          0x0080e260       0xd0 ../simple_socket_bsp/\libucosii_bsp.a(alt_flash_dev.o)
                0x0080e260                alt_flash_open_dev
                0x0080e2dc                alt_flash_close_dev
 .text          0x0080e330      0x138 ../simple_socket_bsp/\libucosii_bsp.a(alt_fstat.o)
                0x0080e330                fstat
 .text          0x0080e468      0x1c0 ../simple_socket_bsp/\libucosii_bsp.a(alt_irq_register.o)
                0x0080e468                alt_irq_register
 .text          0x0080e628        0x0 ../simple_socket_bsp/\libucosii_bsp.a(alt_irq_vars.o)
 .text          0x0080e628      0x124 ../simple_socket_bsp/\libucosii_bsp.a(alt_isatty.o)
                0x0080e628                isatty
 .text          0x0080e74c      0x154 ../simple_socket_bsp/\libucosii_bsp.a(alt_lseek.o)
                0x0080e74c                lseek
 .text          0x0080e8a0       0xb8 ../simple_socket_bsp/\libucosii_bsp.a(alt_main.o)
                0x0080e8a0                alt_main
 .text          0x0080e958       0xbc ../simple_socket_bsp/\libucosii_bsp.a(alt_sbrk.o)
                0x0080e958                sbrk
 .text          0x0080ea14      0x120 ../simple_socket_bsp/\libucosii_bsp.a(alt_usleep.o)
                0x0080ea14                usleep
 .text          0x0080eb34      0x108 ../simple_socket_bsp/\libucosii_bsp.a(alt_env_lock.o)
                0x0080eb34                __env_lock
                0x0080ebe0                __env_unlock
 .text          0x0080ec3c      0x1d8 ../simple_socket_bsp/\libucosii_bsp.a(alt_malloc_lock.o)
                0x0080ec3c                __malloc_lock
                0x0080ed44                __malloc_unlock
 .text          0x0080ee14     0x2128 ../simple_socket_bsp/\libucosii_bsp.a(os_core.o)
                0x0080ee14                OSEventNameGet
                0x0080ef44                OSEventNameSet
                0x0080f088                OSEventPendMulti
                0x0080f73c                OSInit
                0x0080f790                OSIntEnter
                0x0080f80c                OSIntExit
                0x0080f90c                OSSchedLock
                0x0080f998                OSSchedUnlock
                0x0080fa7c                OSStart
                0x0080faec                OSStatInit
                0x0080fb98                OSTimeTick
                0x0080fdd8                OSVersion
                0x0080fdf8                OS_Dummy
                0x0080fe14                OS_EventTaskRdy
                0x0080ffa8                OS_EventTaskWait
                0x008100b8                OS_EventTaskWaitMulti
                0x0081020c                OS_EventTaskRemove
                0x008102c4                OS_EventTaskRemoveMulti
                0x008103c8                OS_EventWaitListInit
                0x00810794                OS_MemClr
                0x008107e8                OS_MemCopy
                0x00810854                OS_Sched
                0x00810998                OS_StrCopy
                0x00810a18                OS_StrLen
                0x00810a70                OS_TaskIdle
                0x00810acc                OS_TaskStat
                0x00810b94                OS_TaskStatStkChk
                0x00810c5c                OS_TCBInit
 .text          0x00810f3c      0x18c ../simple_socket_bsp/\libucosii_bsp.a(os_dbg.o)
                0x00810f3c                OSDebugInit
 .text          0x008110c8     0x193c ../simple_socket_bsp/\libucosii_bsp.a(os_flag.o)
                0x008110c8                OSFlagAccept
                0x008113fc                OSFlagCreate
                0x00811538                OSFlagDel
                0x008117e0                OSFlagNameGet
                0x00811924                OSFlagNameSet
                0x00811a78                OSFlagPend
                0x008120bc                OSFlagPendGetFlagsRdy
                0x00812124                OSFlagPost
                0x008124cc                OSFlagQuery
                0x00812764                OS_FlagInit
                0x00812958                OS_FlagUnlink
 .text          0x00812a04      0x80c ../simple_socket_bsp/\libucosii_bsp.a(os_mem.o)
                0x00812a04                OSMemCreate
                0x00812c20                OSMemGet
                0x00812d24                OSMemNameGet
                0x00812e30                OSMemNameSet
                0x00812f50                OSMemPut
                0x00813040                OSMemQuery
                0x0081313c                OS_MemInit
 .text          0x00813210     0x1334 ../simple_socket_bsp/\libucosii_bsp.a(os_q.o)
                0x00813210                OSQAccept
                0x00813364                OSQCreate
                0x00813578                OSQDel
                0x00813878                OSQFlush
                0x00813940                OSQPend
                0x00813c60                OSQPendAbort
                0x00813ddc                OSQPost
                0x00813f5c                OSQPostFront
                0x008140e4                OSQPostOpt
                0x00814318                OSQQuery
                0x00814498                OS_QInit
 .text          0x00814544      0xbc8 ../simple_socket_bsp/\libucosii_bsp.a(os_sem.o)
                0x00814544                OSSemAccept
                0x00814604                OSSemCreate
                0x00814718                OSSemDel
                0x008149b8                OSSemPend
                0x00814c34                OSSemPendAbort
                0x00814db0                OSSemPost
                0x00814ed8                OSSemQuery
                0x00815008                OSSemSet
 .text          0x0081510c     0x1a40 ../simple_socket_bsp/\libucosii_bsp.a(os_task.o)
                0x0081510c                OSTaskChangePrio
                0x00815680                OSTaskCreate
                0x00815854                OSTaskCreateExt
                0x00815a54                OSTaskDel
                0x00815e60                OSTaskDelReq
                0x00815fd0                OSTaskNameGet
                0x00816188                OSTaskNameSet
                0x0081634c                OSTaskResume
                0x00816564                OSTaskStkChk
                0x00816760                OSTaskSuspend
                0x0081698c                OSTaskQuery
                0x00816ad0                OS_TaskStkClr
 .text          0x00816b4c      0x67c ../simple_socket_bsp/\libucosii_bsp.a(os_time.o)
                0x00816b4c                OSTimeDly
                0x00816c98                OSTimeDlyHMSM
                0x00816ef0                OSTimeDlyResume
                0x00817100                OSTimeGet
                0x00817164                OSTimeSet
 .text          0x008171c8       0xe0 ../simple_socket_bsp/\libucosii_bsp.a(alt_sys_init.o)
                0x008171c8                alt_irq_init
                0x008171fc                alt_sys_init
 .text          0x008172a8      0x8c8 ../simple_socket_bsp/\libucosii_bsp.a(altera_avalon_cfi_flash.o)
                0x008172a8                alt_flash_cfi_init
                0x0081737c                alt_flash_cfi_write
                0x0081763c                alt_flash_cfi_get_info
                0x008176cc                alt_flash_cfi_read
                0x00817734                alt_write_value_to_flash
                0x00817898                alt_flash_program_block
 .text          0x00817b70     0x14b4 ../simple_socket_bsp/\libucosii_bsp.a(altera_avalon_cfi_flash_table.o)
                0x00817b70                alt_read_query_entry_8bit
                0x00817bb0                alt_read_query_entry_16bit
                0x00817bf4                alt_read_query_entry_32bit
                0x00817c3c                alt_write_flash_command_8bit_device_8bit_mode
                0x00817c78                alt_write_flash_command_16bit_device_8bit_mode
                0x00817cf4                alt_write_flash_command_32bit_device_8bit_mode
                0x00817d3c                alt_write_flash_command_16bit_device_16bit_mode
                0x00817d80                alt_write_flash_command_32bit_device_16bit_mode
                0x00817dc8                alt_write_flash_command_32bit_device_32bit_mode
                0x00817e10                alt_write_native_8bit
                0x00817e44                alt_write_native_16bit
                0x00817e78                alt_write_native_32bit
                0x00817ea8                alt_set_flash_width_func
                0x00818088                alt_set_flash_algorithm_func
                0x008181b0                alt_read_cfi_table
                0x0081879c                alt_read_cfi_width
                0x00818f48                alt_check_primary_table
 .text          0x00819024      0x9e4 ../simple_socket_bsp/\libucosii_bsp.a(altera_avalon_epcs_flash_controller.o)
                0x00819024                alt_epcs_flash_init
                0x00819440                alt_epcs_flash_write
                0x008196c0                alt_epcs_flash_get_info
                0x00819750                alt_epcs_flash_erase_block
                0x00819854                alt_epcs_flash_write_block
                0x00819970                alt_epcs_flash_read
 .text          0x00819a08      0x148 ../simple_socket_bsp/\libucosii_bsp.a(altera_avalon_jtag_uart_fd.o)
                0x00819a08                altera_avalon_jtag_uart_read_fd
                0x00819a60                altera_avalon_jtag_uart_write_fd
                0x00819ab8                altera_avalon_jtag_uart_close_fd
                0x00819b00                altera_avalon_jtag_uart_ioctl_fd
 .text          0x00819b50      0x584 ../simple_socket_bsp/\libucosii_bsp.a(altera_avalon_jtag_uart_init.o)
                0x00819b50                altera_avalon_jtag_uart_init
                0x0081a060                altera_avalon_jtag_uart_close
 .text          0x0081a0d4       0xf4 ../simple_socket_bsp/\libucosii_bsp.a(altera_avalon_jtag_uart_ioctl.o)
                0x0081a0d4                altera_avalon_jtag_uart_ioctl
 .text          0x0081a1c8      0x2c0 ../simple_socket_bsp/\libucosii_bsp.a(altera_avalon_jtag_uart_read.o)
                0x0081a1c8                altera_avalon_jtag_uart_read
 .text          0x0081a488      0x2dc ../simple_socket_bsp/\libucosii_bsp.a(altera_avalon_jtag_uart_write.o)
                0x0081a488                altera_avalon_jtag_uart_write
 .text          0x0081a764      0x100 ../simple_socket_bsp/\libucosii_bsp.a(altera_avalon_timer_sc.o)
                0x0081a7d4                alt_avalon_timer_sc_init
 .text          0x0081a864      0x6d4 ../simple_socket_bsp/\libucosii_bsp.a(epcs_commands.o)
                0x0081a864                epcs_read_status_register
                0x0081a8c4                epcs_sector_erase
                0x0081aa2c                epcs_read_buffer
                0x0081ab78                epcs_write_enable
                0x0081abc8                epcs_write_status_register
                0x0081ac2c                epcs_write_buffer
                0x0081ad9c                epcs_read_electronic_signature
                0x0081ae08                epcs_read_device_id
                0x0081ae88                epcs_enter_4_bytes_mode
                0x0081aee0                epcs_exit_4_bytes_mode
 .text          0x0081af38       0x54 ../simple_socket_bsp/\libucosii_bsp.a(alt_iniche_close.o)
                0x0081af38                close
 .text          0x0081af8c      0x124 ../simple_socket_bsp/\libucosii_bsp.a(alt_iniche_dev.o)
                0x0081af8c                iniche_devices_init
 .text          0x0081b0b0       0x78 ../simple_socket_bsp/\libucosii_bsp.a(alt_iniche_read.o)
                0x0081b0b0                read
 .text          0x0081b128       0x70 ../simple_socket_bsp/\libucosii_bsp.a(alt_iniche_write.o)
                0x0081b128                write
 .text          0x0081b198      0xedc ../simple_socket_bsp/\libucosii_bsp.a(ipnet.o)
                0x0081b198                Netinit
                0x0081b7e4                fixup_subnet_mask
                0x0081b944                netclose
                0x0081ba2c                pktdemux
                0x0081be00                c_older
                0x0081bed0                ip2mac
 .text          0x0081c074      0x4bc ../simple_socket_bsp/\libucosii_bsp.a(ipstart.o)
                0x0081c074                ip_startup
                0x0081c364                exit_hook
                0x0081c3d0                ip_exit
                0x0081c4a0                if_netnumber
 .text          0x0081c530     0x10e8 ../simple_socket_bsp/\libucosii_bsp.a(igmp_cmn.o)
                0x0081c530                igmp_init
                0x0081c620                igmp_input
                0x0081c718                igmp_fasttimo
                0x0081c94c                igmp_send
                0x0081cbf4                igmp_joingroup
                0x0081ce60                igmp_leavegroup
                0x0081cedc                igmp_validate
                0x0081d238                igmp_print_stats
 .text          0x0081d618      0xbd8 ../simple_socket_bsp/\libucosii_bsp.a(bsdsock.o)
                0x0081d618                bsd_accept
                0x0081d750                bsd_getpeername
                0x0081d87c                bsd_getsockname
                0x0081d9a8                bsd_i_sockoptlen
                0x0081db60                bsd_getsockopt
                0x0081dc80                bsd_ioctl
                0x0081dd84                bsd_inet_ntoa
                0x0081ddb4                bsd_recvfrom
                0x0081df14                bsd_select
                0x0081e104                bsd_setsockopt
 .text          0x0081e1f0      0x118 ../simple_socket_bsp/\libucosii_bsp.a(cksum.o)
                0x0081e1f0                ccksum
                0x0081e2a0                cksum
 .text          0x0081e308      0xa9c ../simple_socket_bsp/\libucosii_bsp.a(in_utils.o)
                0x0081e308                do_trap
                0x0081e334                nextarg
                0x0081e3b0                hexdump
                0x0081e4f8                print_ipad
                0x0081e56c                print_uptime
                0x0081e698                panic
                0x0081e6dc                print_eth
                0x0081e840                uslash
                0x0081e8c0                ns_printf
                0x0081ea44                std_out
                0x0081ea88                con_page
                0x0081eb78                parse_args
 .text          0x0081eda4      0x1cc ../simple_socket_bsp/\libucosii_bsp.a(netmain.o)
                0x0081eda4                netmain
                0x0081eea0                tk_netmain
                0x0081ef28                tk_nettick
 .text          0x0081ef70      0x81c ../simple_socket_bsp/\libucosii_bsp.a(parseip.o)
                0x0081ef70                parse_ipad
                0x0081f28c                inet_addr
                0x0081f2f4                hextoa
                0x0081f364                inet_pton
                0x0081f410                inet_ntop
                0x0081f49c                print46_addr
                0x0081f4fc                inet46_addr
                0x0081f5c0                inet_setport
                0x0081f634                convert_ip
 .text          0x0081f78c      0x62c ../simple_socket_bsp/\libucosii_bsp.a(tk_crnos.o)
                0x0081f78c                TK_OSTimeDly
                0x0081f7b8                TK_OSTaskResume
                0x0081f828                tcp_sleep
                0x0081f9f0                tcp_wakeup
                0x0081fb10                TK_OSTaskQuery
                0x0081fb84                tk_yield
                0x0081fbb0                tk_stats
 .text          0x0081fdb8      0x79c ../simple_socket_bsp/\libucosii_bsp.a(pktalloc.o)
                0x0081fdb8                pk_init
                0x00820048                pk_alloc
                0x00820124                pk_validate
                0x008203dc                pk_free
                0x00820488                pk_get_max_intrsafe_buf_len
                0x008204a8                dump_buf_estats
 .text          0x00820554      0x288 ../simple_socket_bsp/\libucosii_bsp.a(q.o)
                0x00820554                getq
                0x0082061c                putq
                0x008206cc                qdel
 .text          0x008207dc      0x194 ../simple_socket_bsp/\libucosii_bsp.a(asm_cksum.o)
                0x008207dc                asm_cksum
 .text          0x00820970      0x2e4 ../simple_socket_bsp/\libucosii_bsp.a(brdutils.o)
                0x00820970                dtrap
                0x008209a0                kbhit
                0x00820a4c                getch
                0x00820aac                clock_init
                0x00820ae8                clock_c
                0x00820b04                cticks_hook
                0x00820bb4                irq_Mask
                0x00820c10                irq_Unmask
 .text          0x00820c54      0x488 ../simple_socket_bsp/\libucosii_bsp.a(osportco.o)
                0x00820c54                LOCK_NET_RESOURCE
                0x00820d14                UNLOCK_NET_RESOURCE
                0x00820d9c                TK_NEWTASK
                0x00820fb0                wait_app_sem
                0x00821064                post_app_sem
 .text          0x008210dc      0x58c ../simple_socket_bsp/\libucosii_bsp.a(targnios.o)
                0x008210dc                alt_iniche_init
                0x0082131c                pre_task_setup
                0x00821390                post_task_setup
                0x008213b0                prep_armintcp
                0x008213e8                calloc2
                0x0082141c                npalloc
                0x00821510                npfree
                0x008215c8                ncpalloc
                0x0082161c                ncpfree
 .text          0x00821668     0x19b8 ../simple_socket_bsp/\libucosii_bsp.a(nptcp.o)
                0x00821668                pffindtype
                0x00821708                pffindproto
                0x008217d8                m_getnbuf
                0x00821980                m_free
                0x00821ab4                m_freem
                0x00821af8                m_copy
                0x00821e1c                m_adj
                0x00821fec                mbuf_len
                0x00822044                dtom
                0x008220ec                remque
                0x0082215c                insque
                0x008221d8                nptcp_init
                0x008222fc                tcp_rcv
                0x008224e8                ip_output
                0x00822ae0                in_broadcast
                0x00822b20                np_stripoptions
                0x00822c08                so_icmpdu
                0x00822f60                tcp_tick
 .text          0x00823020      0xa2c ../simple_socket_bsp/\libucosii_bsp.a(rawsock.o)
                0x00823020                rawip_lookup
                0x00823090                rawip_soinput
                0x00823264                rawip_usrreq
 .text          0x00823a4c     0x17fc ../simple_socket_bsp/\libucosii_bsp.a(sockcall.o)
                0x00823a4c                DOMAIN_CHECK
                0x00823a98                t_socket
                0x00823b28                t_bind
                0x00823ca4                t_listen
                0x00823d88                t_accept
                0x00824020                t_connect
                0x008242c8                t_getpeername
                0x0082430c                t_getsockname
                0x0082454c                t_setsockopt
                0x00824728                t_getsockopt
                0x008248cc                t_recv
                0x008249bc                t_recvfrom
                0x00824b0c                t_sendto
                0x00824d38                t_send
                0x00824f60                t_shutdown
                0x00825044                t_socketclose
                0x008251ac                t_errno
 .text          0x00825248     0x23ec ../simple_socket_bsp/\libucosii_bsp.a(socket.o)
                0x00825248                socreate
                0x00825414                sobind
                0x00825470                solisten
                0x00825560                sofree
                0x00825690                soclose
                0x008259fc                soabort
                0x00825a4c                soaccept
                0x00825ae8                soconnect
                0x00825bbc                sodisconnect
                0x00825c5c                sosend
                0x00826264                soreceive
                0x00826a48                soshutdown
                0x00826af0                sorflush
                0x00826bf0                sosetopt
                0x008270b0                sogetopt
                0x008275f0                sohasoutofband
 .text          0x00827634     0x1318 ../simple_socket_bsp/\libucosii_bsp.a(socket2.o)
                0x00827634                soisconnecting
                0x008276a0                soisconnected
                0x0082779c                soisdisconnecting
                0x00827828                soisdisconnected
                0x008278e4                sonewconn
                0x00827b00                soqinsque
                0x00827bac                soqremque
                0x00827ccc                socantsendmore
                0x00827d1c                socantrcvmore
                0x00827d6c                sbselqueue
                0x00827da4                sbwait
                0x00827e0c                sbwakeup
                0x00827ea8                soreserve
                0x00827f28                sbreserve
                0x00827f88                sbrelease
                0x00827fd0                sbappend
                0x00828078                sbappendrecord
                0x00828158                sbappendaddr
                0x00828360                sbcompress
                0x00828548                sbflush
                0x008285d8                sbdrop
                0x008287a8                sbdropend
                0x008288b8                sbdroprecord
 .text          0x0082894c      0x91c ../simple_socket_bsp/\libucosii_bsp.a(soselect.o)
                0x0082894c                t_select
                0x00828b6c                sock_selscan
                0x00828ccc                sock_select
                0x00828ee0                in_pcbnotify
                0x00828fac                tcp_notify
                0x00829014                ifd_clr
                0x00829104                ifd_set
                0x00829178                ifd_isset
                0x008291f8                ifd_get
 .text          0x00829268     0x3028 ../simple_socket_bsp/\libucosii_bsp.a(tcp_in.o)
                0x00829268                tcp_reass
                0x00829670                tcp_input
                0x0082bbcc                tcp_dooptions
                0x0082bd5c                tcp_pulloutofband
                0x0082be88                tcp_xmit_timer
                0x0082c12c                ip4_tcpmss
                0x0082c174                tcp_mss
 .text          0x0082c290     0x1370 ../simple_socket_bsp/\libucosii_bsp.a(tcp_out.o)
                0x0082c290                tcp_output
                0x0082d41c                tcp_setpersist
 .text          0x0082d600      0x9e8 ../simple_socket_bsp/\libucosii_bsp.a(tcp_subr.o)
                0x0082d600                tcp_init
                0x0082d658                tcp_template
                0x0082d770                tcp_respond
                0x0082dbf8                tcp_newtcpcb
                0x0082dd10                tcp_drop
                0x0082ddbc                tcp_close
                0x0082dea4                tcp_quench
                0x0082def0                tcp_putseq
                0x0082df70                tcp_getseq
 .text          0x0082dfe8      0x798 ../simple_socket_bsp/\libucosii_bsp.a(tcp_timr.o)
                0x0082dfe8                tcp_slowtimo
                0x0082e288                tcp_canceltimers
                0x0082e2e4                tcp_timers
 .text          0x0082e780      0x9ec ../simple_socket_bsp/\libucosii_bsp.a(tcp_usr.o)
                0x0082e780                tcp_usrreq
                0x0082ee84                tcp_attach
                0x0082efb8                tcp_disconnect
                0x0082f08c                tcp_usrclosed
 .text          0x0082f16c       0x4c ../simple_socket_bsp/\libucosii_bsp.a(tcpport.o)
                0x0082f16c                tcpinit
 .text          0x0082f1b8      0xd20 ../simple_socket_bsp/\libucosii_bsp.a(udpsock.o)
                0x0082f1b8                udp_lookup
                0x0082f228                udp_soinput
                0x0082f3e0                udp_usrreq
                0x0082f664                udp4_sockbind
                0x0082f9a0                udp4_socksend
                0x0082fd7c                udp4_sockaddr
 .text          0x0082fed8      0x154 ../simple_socket_bsp/\libucosii_bsp.a(alt_alarm_start.o)
                0x0082fed8                alt_alarm_start
 .text          0x0083002c      0x15c ../simple_socket_bsp/\libucosii_bsp.a(alt_busy_sleep.o)
                0x0083002c                alt_busy_sleep
 .text          0x00830188      0x160 ../simple_socket_bsp/\libucosii_bsp.a(alt_close.o)
                0x00830188                alt_close
 .text          0x008302e8       0x24 ../simple_socket_bsp/\libucosii_bsp.a(alt_dcache_flush.o)
                0x008302e8                alt_dcache_flush
 .text          0x0083030c       0x2c ../simple_socket_bsp/\libucosii_bsp.a(alt_dev.o)
 .text          0x00830338      0x114 ../simple_socket_bsp/\libucosii_bsp.a(alt_dev_llist_insert.o)
                0x00830338                alt_dev_llist_insert
 .text          0x0083044c        0x0 ../simple_socket_bsp/\libucosii_bsp.a(alt_errno.o)
 .text          0x0083044c       0x94 ../simple_socket_bsp/\libucosii_bsp.a(alt_find_dev.o)
                0x0083044c                alt_find_dev
 .text          0x008304e0      0x1d4 ../simple_socket_bsp/\libucosii_bsp.a(alt_iic.o)
                0x008304e0                alt_ic_isr_register
                0x00830530                alt_ic_irq_enable
                0x008305cc                alt_ic_irq_disable
                0x0083066c                alt_ic_irq_enabled
 .text          0x008306b4       0xf8 ../simple_socket_bsp/\libucosii_bsp.a(alt_iic_isr_register.o)
                0x008306b4                alt_iic_isr_register
 .text          0x008307ac      0x150 ../simple_socket_bsp/\libucosii_bsp.a(alt_io_redirect.o)
                0x00830884                alt_io_redirect
 .text          0x008308fc        0x0 ../simple_socket_bsp/\libucosii_bsp.a(alt_irq_entry.o)
 .text          0x008308fc        0x0 ../simple_socket_bsp/\libucosii_bsp.a(alt_irq_handler.o)
 .text          0x008308fc      0x2e4 ../simple_socket_bsp/\libucosii_bsp.a(alt_open.o)
                0x008309f4                open
 .text          0x00830be0      0x184 ../simple_socket_bsp/\libucosii_bsp.a(alt_read.o)
                0x00830be0                alt_read
 .text          0x00830d64       0x78 ../simple_socket_bsp/\libucosii_bsp.a(alt_release_fd.o)
                0x00830d64                alt_release_fd
 .text          0x00830ddc       0x38 ../simple_socket_bsp/\libucosii_bsp.a(alt_remap_cached.o)
                0x00830ddc                alt_remap_cached
 .text          0x00830e14       0x40 ../simple_socket_bsp/\libucosii_bsp.a(alt_remap_uncached.o)
                0x00830e14                alt_remap_uncached
 .text          0x00830e54      0x1a8 ../simple_socket_bsp/\libucosii_bsp.a(alt_tick.o)
                0x00830e54                alt_alarm_stop
                0x00830eec                alt_tick
 .text          0x00830ffc      0x184 ../simple_socket_bsp/\libucosii_bsp.a(alt_write.o)
                0x00830ffc                alt_write
 .text          0x00831180       0x20 ../simple_socket_bsp/\libucosii_bsp.a(altera_nios2_qsys_irq.o)
                0x00831180                altera_nios2_qsys_irq_init
 .text          0x008311a0       0xd0 ../simple_socket_bsp/\libucosii_bsp.a(os_cpu_a.o)
                0x008311a0                OSCtxSw
                0x008311a0                OSIntCtxSw
                0x0083122c                OSStartHighRdy
                0x0083124c                OSStartTsk
 .text          0x00831270      0x424 ../simple_socket_bsp/\libucosii_bsp.a(os_cpu_c.o)
                0x00831270                OSTaskStkInit
                0x00831580                OSTaskCreateHook
                0x008315a0                OSTaskDelHook
                0x008315c0                OSTaskSwHook
                0x008315dc                OSTaskStatHook
                0x008315f8                OSTimeTickHook
                0x00831620                OSInitHookBegin
                0x0083163c                OSInitHookEnd
                0x00831658                OSTaskIdleHook
                0x00831674                OSTCBInitHook
 .text          0x00831694      0x464 ../simple_socket_bsp/\libucosii_bsp.a(altera_avalon_cfi_flash_amd.o)
                0x00831694                alt_program_amd
                0x008316fc                alt_erase_block_amd
 .text          0x00831af8      0x464 ../simple_socket_bsp/\libucosii_bsp.a(altera_avalon_cfi_flash_intel.o)
                0x00831af8                alt_program_intel
                0x00831b7c                alt_erase_block_intel
 .text          0x00831f5c      0x238 ../simple_socket_bsp/\libucosii_bsp.a(altera_avalon_spi.o)
                0x00831f5c                alt_avalon_spi_command
 .text          0x00832194      0x440 ../simple_socket_bsp/\libucosii_bsp.a(allports.o)
                0x00832194                netmain_init
                0x0083228c                icmp_port_du
                0x00832314                station_state
                0x00832478                sysuptime
                0x0083250c                packet_check
                0x00832558                mcastlist
                0x0083257c                prep_modules
 .text          0x008325d4      0x604 ../simple_socket_bsp/\libucosii_bsp.a(timeouts.o)
                0x008325d4                inet_timer
                0x00832910                in_timerset
                0x00832b20                in_timerkill
 .text          0x00832bd8       0xa4 ../simple_socket_bsp/\libucosii_bsp.a(tk_misc.o)
                0x00832bd8                create_apptasks
                0x00832bfc                task_stats
 .text          0x00832c7c       0xb0 ../simple_socket_bsp/\libucosii_bsp.a(alt_iniche_fcntl.o)
                0x00832c7c                fcntl
 .text          0x00832d2c     0x15b0 ../simple_socket_bsp/\libucosii_bsp.a(et_arp.o)
                0x00832d2c                etainit
                0x00832d80                et_send
                0x00832efc                arp_free_pending
                0x00832f84                arp_send_pending
                0x00832ff8                send_arp
                0x00833490                find_oldest_arp
                0x0083368c                make_arp_entry
                0x008337a0                arpReply
                0x00833a34                arprcv
                0x00833c94                send_via_arp
                0x00833e64                cb_arpent_tmo
                0x00834010                grat_arp
 .text          0x008342dc      0x298 ../simple_socket_bsp/\libucosii_bsp.a(iface.o)
                0x008342dc                if_getbynum
                0x00834360                isbcast
                0x00834440                reg_type
                0x008344dc                if_killsocks
 .text          0x00834574     0x22c8 ../simple_socket_bsp/\libucosii_bsp.a(ip.o)
                0x00834574                ip_init
                0x00834684                ip_bldhead
                0x00834828                ip_write_internal
                0x00834fa8                ip_write
                0x008351f0                ip_write2
                0x008355a0                ip_raw_write
                0x00835678                ip_fragment_lc
                0x00835b00                ip_fragment
                0x00836134                ip_mymach
                0x008361e0                ip_dump
                0x00836498                iproute
                0x00836704                ip_copypkt
 .text          0x0083683c     0x1e08 ../simple_socket_bsp/\libucosii_bsp.a(ip_reasm.o)
                0x0083683c                ip_reasm_match_frag_with_ire
                0x0083690c                ip_reasm_determine_type_of_frag
                0x008369f8                ip_reasm_check_mem_useage
                0x00836a90                ip_reasm_incr_mem_useage
                0x00836b38                ip_reasm_decr_mem_useage
                0x00836bd8                ip_reasm_process_first_fragment
                0x00836eb8                ip_reassm
                0x00836f58                ip_reasm_compute_overlap
                0x008374e8                ip_reasm_process_subsequent_fragments
                0x00837a7c                ip_reasm_find_ire
                0x00837ae0                ip_reasm_copy_queued_fragments_into_reassy_buffer
                0x00837e3c                ip_reasm_process_timer_tick
                0x00837f5c                ip_reasm_delete_ire
                0x00838124                ip_reasm_mark_compact_rfq
                0x0083826c                ipr_stats
                0x008385f0                ip_reasm_send_icmp_timex
 .text          0x00838644      0xe3c ../simple_socket_bsp/\libucosii_bsp.a(ipdemux.o)
                0x00838644                ip_rcv
                0x00838a44                ip_rcv_phase2
                0x00839050                ip_demux
 .text          0x00839480      0x2f0 ../simple_socket_bsp/\libucosii_bsp.a(ipmc.o)
                0x00839480                in_addmulti
                0x008395e8                in_delmulti
                0x00839700                lookup_mcast
 .text          0x00839770       0xe4 ../simple_socket_bsp/\libucosii_bsp.a(ipport.o)
                0x00839770                prep_ifaces
                0x00839804                netexit
                0x0083982c                evtmap_setup
 .text          0x00839854      0x550 ../simple_socket_bsp/\libucosii_bsp.a(ipraw.o)
                0x00839854                ip_raw_open
                0x00839944                ip_raw_close
                0x00839a04                ip_raw_input
                0x00839c3c                ip_raw_alloc
                0x00839d08                ip_raw_free
                0x00839d48                ip_raw_maxalloc
 .text          0x00839da4      0x704 ../simple_socket_bsp/\libucosii_bsp.a(iproute.o)
                0x00839da4                rt_lookup
                0x00839f34                add_route
                0x0083a360                del_route
 .text          0x0083a4a8      0xe3c ../simple_socket_bsp/\libucosii_bsp.a(udp.o)
                0x0083a4a8                udpdemux
                0x0083ad00                udp_send
                0x0083afb8                udpswap
                0x0083b0e8                udp_socket
                0x0083b1b8                udp_alloc
                0x0083b278                udp_maxalloc
                0x0083b2a4                udp_free
 .text          0x0083b2e4      0x2e8 ../simple_socket_bsp/\libucosii_bsp.a(igmp.o)
                0x0083b2e4                igmpv1_input
 .text          0x0083b5cc      0x7c0 ../simple_socket_bsp/\libucosii_bsp.a(igmp2.o)
                0x0083b5cc                igmpv2_input
                0x0083b72c                igmpv2_process_report
                0x0083b878                igmpv2_process_query
                0x0083bac4                igmpv2_chk_set_timer
                0x0083bc1c                igmpv2_chk4_rtr_alert_opt
 .text          0x0083bd8c      0x8fc ../simple_socket_bsp/\libucosii_bsp.a(ipopt.o)
                0x0083bd8c                IPADDR_TO_NETP
                0x0083bed4                ip_setmoptions
                0x0083c4c4                ip_getmoptions
                0x0083c604                ip_freemoptions
 .text          0x0083c688      0x6e8 ../simple_socket_bsp/\libucosii_bsp.a(u_mctest.o)
                0x0083c688                u_mctest_init
                0x0083c6b8                u_mctest_run
 .text          0x0083cd70      0x41c ../simple_socket_bsp/\libucosii_bsp.a(memdev.o)
                0x0083cd70                init_memdev
                0x0083cde8                md_fopen
                0x0083ce10                md_fclose
                0x0083ce30                md_fread
                0x0083cfb0                md_fwrite
                0x0083d040                md_fseek
                0x0083d06c                md_ftell
                0x0083d090                md_fgetc
                0x0083d168                md_unlink
 .text          0x0083d18c      0x1cc ../simple_socket_bsp/\libucosii_bsp.a(tcpcksum.o)
                0x0083d18c                tcp_cksum
 .text          0x0083d358      0x31c ../simple_socket_bsp/\libucosii_bsp.a(udp_open.o)
                0x0083d358                udp_open
                0x0083d590                udp_close
 .text          0x0083d674      0x900 ../simple_socket_bsp/\libucosii_bsp.a(in_pcb.o)
                0x0083d674                in_pcballoc
                0x0083d708                in_pcbdetach
                0x0083d75c                in_pcbbind
                0x0083d9b0                in_pcbconnect
                0x0083dbc0                in_pcbdisconnect
                0x0083dc20                in_setsockaddr
                0x0083dc9c                in_setpeeraddr
                0x0083dd18                in_pcblookup
 .text          0x0083df74     0x1a74 ../simple_socket_bsp/\libucosii_bsp.a(vfsfiles.o)
                0x0083df74                set_vfopen_error
                0x0083df9c                get_vfopen_error
                0x0083dfbc                vf_alloc_and_link_vop
                0x0083e038                vf_alloc_buffer
                0x0083e110                vf_free_buffer
                0x0083e160                vfopen_locked
                0x0083e4c8                vfopen
                0x0083e518                vfclose_locked
                0x0083e6c0                vfclose
                0x0083e700                vfflush
                0x0083e748                vfgets
                0x0083e82c                vfeof
                0x0083e884                vunlink_flag_open_files
                0x0083e8e0                vunlink
                0x0083eb00                vfread
                0x0083ecac                vfwrite_locked
                0x0083f094                vfwrite
                0x0083f0f4                vfseek
                0x0083f270                vftell
                0x0083f3a4                vgetc_locked
                0x0083f4c4                vgetc
                0x0083f50c                vfslookup_locked
                0x0083f644                vfslookup
                0x0083f68c                strippath
                0x0083f874                isvfile_locked
                0x0083f8d8                isvfile
                0x0083f920                vferror
                0x0083f98c                vclearerr
 .text          0x0083f9e8       0x24 ../simple_socket_bsp/\libucosii_bsp.a(vfsport.o)
                0x0083f9e8                prep_vfs
 .text          0x0083fa0c        0x0 ../simple_socket_bsp/\libucosii_bsp.a(alt_exception_entry.o)
 .text          0x0083fa0c      0x1b8 ../simple_socket_bsp/\libucosii_bsp.a(alt_fcntl.o)
                0x0083fa0c                alt_fcntl
 .text          0x0083fbc4      0x120 ../simple_socket_bsp/\libucosii_bsp.a(alt_find_file.o)
                0x0083fbc4                alt_find_file
 .text          0x0083fce4      0x104 ../simple_socket_bsp/\libucosii_bsp.a(alt_get_fd.o)
                0x0083fce4                alt_get_fd
 .text          0x0083fde8     0x130c ../simple_socket_bsp/\libucosii_bsp.a(icmp.o)
                0x0083fde8                icmprcv
                0x00840a1c                icmp_destun
                0x00840d6c                icmp_timex
                0x008410a0                icmp_du
 .text          0x008410f4       0x18 c:/altera/13.0sp1/nios2eds/bin/gnu/h-i686-mingw32/bin/../lib/gcc/nios2-elf/4.1.2/../../../../nios2-elf/lib/mno-hw-mul\libc.a(lib_a-atoi.o)
                0x008410f4                _atoi_r
                0x00841100                atoi
 .text          0x0084110c       0x1c c:/altera/13.0sp1/nios2eds/bin/gnu/h-i686-mingw32/bin/../lib/gcc/nios2-elf/4.1.2/../../../../nios2-elf/lib/mno-hw-mul\libc.a(lib_a-calloc.o)
                0x0084110c                calloc
 .text          0x00841128       0x28 c:/altera/13.0sp1/nios2eds/bin/gnu/h-i686-mingw32/bin/../lib/gcc/nios2-elf/4.1.2/../../../../nios2-elf/lib/mno-hw-mul\libc.a(lib_a-malloc.o)
                0x00841128                free
                0x0084113c                malloc
 .text          0x00841150       0x74 c:/altera/13.0sp1/nios2eds/bin/gnu/h-i686-mingw32/bin/../lib/gcc/nios2-elf/4.1.2/../../../../nios2-elf/lib/mno-hw-mul\libc.a(lib_a-memcmp.o)
                0x00841150                memcmp
 .text          0x008411c4       0xd4 c:/altera/13.0sp1/nios2eds/bin/gnu/h-i686-mingw32/bin/../lib/gcc/nios2-elf/4.1.2/../../../../nios2-elf/lib/mno-hw-mul\libc.a(lib_a-sprintf.o)
                0x008411c4                sprintf
                0x00841238                _sprintf_r
 .text          0x00841298       0x8c c:/altera/13.0sp1/nios2eds/bin/gnu/h-i686-mingw32/bin/../lib/gcc/nios2-elf/4.1.2/../../../../nios2-elf/lib/mno-hw-mul\libc.a(lib_a-strcpy.o)
                0x00841298                strcpy
 .text          0x00841324       0xf0 c:/altera/13.0sp1/nios2eds/bin/gnu/h-i686-mingw32/bin/../lib/gcc/nios2-elf/4.1.2/../../../../nios2-elf/lib/mno-hw-mul\libc.a(lib_a-strncmp.o)
                0x00841324                strncmp
 .text          0x00841414      0x274 c:/altera/13.0sp1/nios2eds/bin/gnu/h-i686-mingw32/bin/../lib/gcc/nios2-elf/4.1.2/../../../../nios2-elf/lib/mno-hw-mul\libc.a(lib_a-strtol.o)
                0x00841414                _strtol_r
                0x00841664                strtol
 .text          0x00841688       0x34 c:/altera/13.0sp1/nios2eds/bin/gnu/h-i686-mingw32/bin/../lib/gcc/nios2-elf/4.1.2/../../../../nios2-elf/lib/mno-hw-mul\libc.a(lib_a-vprintf.o)
                0x00841688                _vprintf_r
                0x0084169c                vprintf
 .text          0x008416bc       0x74 c:/altera/13.0sp1/nios2eds/bin/gnu/h-i686-mingw32/bin/../lib/gcc/nios2-elf/4.1.2/../../../../nios2-elf/lib/mno-hw-mul\libc.a(lib_a-vsprintf.o)
                0x008416bc                _vsprintf_r
                0x0084170c                vsprintf
 *(.gnu.warning.*)
 *(.fini)
                0x00841730                PROVIDE (__etext, ABSOLUTE (.))
                0x00841730                PROVIDE (_etext, ABSOLUTE (.))
                0x00841730                PROVIDE (etext, ABSOLUTE (.))
 *(.eh_frame_hdr)
                0x00841730                . = ALIGN (0x4)
                0x00841730                PROVIDE (__preinit_array_start, ABSOLUTE (.))
 *(.preinit_array)
                0x00841730                PROVIDE (__preinit_array_end, ABSOLUTE (.))
                0x00841730                PROVIDE (__init_array_start, ABSOLUTE (.))
 *(.init_array)
                0x00841730                PROVIDE (__init_array_end, ABSOLUTE (.))
                0x00841730                PROVIDE (__fini_array_start, ABSOLUTE (.))
 *(.fini_array)
                0x00841730                PROVIDE (__fini_array_end, ABSOLUTE (.))
 *(.eh_frame)
 *(.gcc_except_table)
 *(.dynamic)
                0x00841730                PROVIDE (__CTOR_LIST__, ABSOLUTE (.))
 *(.ctors)
 *(SORT(.ctors.*))
 .ctors.65535   0x00841730        0x4 c:/altera/13.0sp1/nios2eds/bin/gnu/h-i686-mingw32/bin/../lib/gcc/nios2-elf/4.1.2/../../../../nios2-elf/lib/mno-hw-mul\libc.a(lib_a-__call_atexit.o)
                0x00841734                PROVIDE (__CTOR_END__, ABSOLUTE (.))
                0x00841734                PROVIDE (__DTOR_LIST__, ABSOLUTE (.))
 *(.dtors)
 *(SORT(.dtors.*))
                0x00841734                PROVIDE (__DTOR_END__, ABSOLUTE (.))
 *(.jcr)
                0x00841734                . = ALIGN (0x4)

.rodata         0x00841734     0x409c
                0x00841734                PROVIDE (__ram_rodata_start, ABSOLUTE (.))
                0x00841734                . = ALIGN (0x4)
 *(.rodata .rodata.* .gnu.linkonce.r.*)
 .rodata        0x00841734       0xa8 obj/default/SSS_DE2_115.o
 .rodata        0x008417dc      0xba4 obj/default/alt_error_handler.o
 .rodata        0x00842380       0x64 obj/default/dm9000a.o
 .rodata        0x008423e4       0xdc obj/default/iniche_init.o
 .rodata        0x008424c0      0x258 obj/default/network_utilities.o
 .rodata        0x00842718      0x2e0 obj/default/simple_socket_server.o
 .rodata        0x008429f8       0x14 c:/altera/13.0sp1/nios2eds/bin/gnu/h-i686-mingw32/bin/../lib/gcc/nios2-elf/4.1.2/mno-hw-mul\libgcc.a(_thenan_df.o)
                0x008429f8                __thenan_df
 .rodata        0x00842a0c      0x100 c:/altera/13.0sp1/nios2eds/bin/gnu/h-i686-mingw32/bin/../lib/gcc/nios2-elf/4.1.2/mno-hw-mul\libgcc.a(_clz.o)
                0x00842a0c                __clz_tab
 .rodata        0x00842b0c      0x281 c:/altera/13.0sp1/nios2eds/bin/gnu/h-i686-mingw32/bin/../lib/gcc/nios2-elf/4.1.2/../../../../nios2-elf/lib/mno-hw-mul\libc.a(lib_a-ctype_.o)
                0x00842b0c                _ctype_
 *fill*         0x00842d8d        0x3 00
 .rodata.str1.4
                0x00842d90        0x2 c:/altera/13.0sp1/nios2eds/bin/gnu/h-i686-mingw32/bin/../lib/gcc/nios2-elf/4.1.2/../../../../nios2-elf/lib/mno-hw-mul\libc.a(lib_a-impure.o)
                                  0x4 (size before relaxing)
 *fill*         0x00842d92        0x2 00
 .rodata.str1.4
                0x00842d94        0x3 c:/altera/13.0sp1/nios2eds/bin/gnu/h-i686-mingw32/bin/../lib/gcc/nios2-elf/4.1.2/../../../../nios2-elf/lib/mno-hw-mul\libc.a(lib_a-perror.o)
                                  0x4 (size before relaxing)
 *fill*         0x00842d97        0x1 00
 .rodata.str1.4
                0x00842d98        0x2 c:/altera/13.0sp1/nios2eds/bin/gnu/h-i686-mingw32/bin/../lib/gcc/nios2-elf/4.1.2/../../../../nios2-elf/lib/mno-hw-mul\libc.a(lib_a-puts.o)
                                  0x4 (size before relaxing)
 *fill*         0x00842d9a        0x2 00
 .rodata.str1.4
                0x00842d9c      0x7a2 c:/altera/13.0sp1/nios2eds/bin/gnu/h-i686-mingw32/bin/../lib/gcc/nios2-elf/4.1.2/../../../../nios2-elf/lib/mno-hw-mul\libc.a(lib_a-strerror.o)
                                0x7a8 (size before relaxing)
 *fill*         0x0084353e        0x2 00
 .rodata.str1.4
                0x00843540       0x5e c:/altera/13.0sp1/nios2eds/bin/gnu/h-i686-mingw32/bin/../lib/gcc/nios2-elf/4.1.2/../../../../nios2-elf/lib/mno-hw-mul\libc.a(lib_a-vfprintf.o)
                                 0x60 (size before relaxing)
 .rodata        0x0084359e       0x20 c:/altera/13.0sp1/nios2eds/bin/gnu/h-i686-mingw32/bin/../lib/gcc/nios2-elf/4.1.2/../../../../nios2-elf/lib/mno-hw-mul\libc.a(lib_a-vfprintf.o)
 *fill*         0x008435be        0x2 00
 .rodata.str1.4
                0x008435c0       0x10 c:/altera/13.0sp1/nios2eds/bin/gnu/h-i686-mingw32/bin/../lib/gcc/nios2-elf/4.1.2/../../../../nios2-elf/lib/mno-hw-mul\libc.a(lib_a-dtoa.o)
                                 0x14 (size before relaxing)
 .rodata.str1.4
                0x008435d0       0x10 c:/altera/13.0sp1/nios2eds/bin/gnu/h-i686-mingw32/bin/../lib/gcc/nios2-elf/4.1.2/../../../../nios2-elf/lib/mno-hw-mul\libc.a(lib_a-locale.o)
                                 0x18 (size before relaxing)
 .rodata        0x008435e0       0x30 c:/altera/13.0sp1/nios2eds/bin/gnu/h-i686-mingw32/bin/../lib/gcc/nios2-elf/4.1.2/../../../../nios2-elf/lib/mno-hw-mul\libc.a(lib_a-locale.o)
 .rodata        0x00843610      0x124 c:/altera/13.0sp1/nios2eds/bin/gnu/h-i686-mingw32/bin/../lib/gcc/nios2-elf/4.1.2/../../../../nios2-elf/lib/mno-hw-mul\libc.a(lib_a-mprec.o)
                0x00843610                __mprec_tens
                0x008436d8                __mprec_bigtens
                0x00843700                __mprec_tinytens
 .rodata        0x00843734       0x14 ../simple_socket_bsp/\libucosii_bsp.a(alt_main.o)
 .rodata        0x00843748      0x120 ../simple_socket_bsp/\libucosii_bsp.a(os_core.o)
                0x00843748                OSUnMapTbl
 .rodata        0x00843868       0x40 ../simple_socket_bsp/\libucosii_bsp.a(alt_sys_init.o)
 .rodata        0x008438a8       0xd8 ../simple_socket_bsp/\libucosii_bsp.a(ipnet.o)
 .rodata        0x00843980       0xec ../simple_socket_bsp/\libucosii_bsp.a(ipstart.o)
 .rodata        0x00843a6c      0x54c ../simple_socket_bsp/\libucosii_bsp.a(igmp_cmn.o)
 .rodata        0x00843fb8       0xb8 ../simple_socket_bsp/\libucosii_bsp.a(in_utils.o)
 .rodata        0x00844070       0x34 ../simple_socket_bsp/\libucosii_bsp.a(netmain.o)
 .rodata        0x008440a4       0x94 ../simple_socket_bsp/\libucosii_bsp.a(parseip.o)
 .rodata        0x00844138      0x1a8 ../simple_socket_bsp/\libucosii_bsp.a(tk_crnos.o)
 .rodata        0x008442e0      0x118 ../simple_socket_bsp/\libucosii_bsp.a(pktalloc.o)
 .rodata        0x008443f8       0x2c ../simple_socket_bsp/\libucosii_bsp.a(brdutils.o)
 .rodata        0x00844424      0x26c ../simple_socket_bsp/\libucosii_bsp.a(osportco.o)
 .rodata        0x00844690       0xa0 ../simple_socket_bsp/\libucosii_bsp.a(targnios.o)
 .rodata        0x00844730       0x90 ../simple_socket_bsp/\libucosii_bsp.a(nptcp.o)
 .rodata        0x008447c0        0x8 ../simple_socket_bsp/\libucosii_bsp.a(sockcall.o)
 .rodata        0x008447c8       0x50 ../simple_socket_bsp/\libucosii_bsp.a(socket.o)
 .rodata        0x00844818       0x40 ../simple_socket_bsp/\libucosii_bsp.a(socket2.o)
 .rodata        0x00844858       0x20 ../simple_socket_bsp/\libucosii_bsp.a(tcp_in.o)
 .rodata        0x00844878       0x40 ../simple_socket_bsp/\libucosii_bsp.a(tcp_out.o)
 .rodata        0x008448b8       0x24 ../simple_socket_bsp/\libucosii_bsp.a(tcp_subr.o)
 .rodata        0x008448dc       0x2c ../simple_socket_bsp/\libucosii_bsp.a(tcp_usr.o)
 .rodata        0x00844908        0xc ../simple_socket_bsp/\libucosii_bsp.a(alt_dev.o)
 .rodata        0x00844914        0x4 ../simple_socket_bsp/\libucosii_bsp.a(os_cpu_c.o)
 .rodata        0x00844918      0x1d4 ../simple_socket_bsp/\libucosii_bsp.a(allports.o)
 .rodata        0x00844aec       0x34 ../simple_socket_bsp/\libucosii_bsp.a(tk_misc.o)
 .rodata        0x00844b20       0x44 ../simple_socket_bsp/\libucosii_bsp.a(et_arp.o)
 .rodata        0x00844b64      0x1dc ../simple_socket_bsp/\libucosii_bsp.a(ip.o)
 .rodata        0x00844d40      0x158 ../simple_socket_bsp/\libucosii_bsp.a(ip_reasm.o)
 .rodata        0x00844e98      0x120 ../simple_socket_bsp/\libucosii_bsp.a(ipdemux.o)
 .rodata        0x00844fb8       0x34 ../simple_socket_bsp/\libucosii_bsp.a(ipport.o)
 .rodata        0x00844fec       0x24 ../simple_socket_bsp/\libucosii_bsp.a(ipraw.o)
 .rodata        0x00845010       0x38 ../simple_socket_bsp/\libucosii_bsp.a(iproute.o)
 .rodata        0x00845048       0xe8 ../simple_socket_bsp/\libucosii_bsp.a(udp.o)
 .rodata        0x00845130      0x2d0 ../simple_socket_bsp/\libucosii_bsp.a(u_mctest.o)
 .rodata        0x00845400       0x84 ../simple_socket_bsp/\libucosii_bsp.a(udp_open.o)
 .rodata        0x00845484       0x34 ../simple_socket_bsp/\libucosii_bsp.a(vfsfiles.o)
 .rodata        0x008454b8      0x318 ../simple_socket_bsp/\libucosii_bsp.a(icmp.o)
 *(.rodata1)
                0x008457d0                . = ALIGN (0x4)
                0x008457d0                PROVIDE (__ram_rodata_end, ABSOLUTE (.))
                0x00841734                PROVIDE (__flash_rodata_start, LOADADDR (.rodata))

.rwdata         0x008457d0     0x1f38
                0x008457d0                PROVIDE (__ram_rwdata_start, ABSOLUTE (.))
                0x008457d0                . = ALIGN (0x4)
 *(.got.plt)
 *(.got)
 *(.data1)
 *(.data .data.* .gnu.linkonce.d.*)
 .data          0x008457d0        0x0 ../simple_socket_bsp//obj/HAL/src/crt0.o
 .data          0x008457d0        0x0 obj/default/SSS_DE2_115.o
 .data          0x008457d0        0x0 obj/default/alt_error_handler.o
 .data          0x008457d0        0x0 obj/default/dm9000a.o
 .data          0x008457d0       0x18 obj/default/iniche_init.o
                0x008457d0                ssstask
 .data          0x008457e8        0x0 obj/default/network_utilities.o
 .data          0x008457e8        0x0 obj/default/simple_socket_server.o
 .data          0x008457e8        0x0 obj/default/tse_my_system.o
 .data          0x008457e8        0x0 c:/altera/13.0sp1/nios2eds/bin/gnu/h-i686-mingw32/bin/../lib/gcc/nios2-elf/4.1.2/mno-hw-mul\libgcc.a(_fixunsdfsi.o)
 .data          0x008457e8        0x0 c:/altera/13.0sp1/nios2eds/bin/gnu/h-i686-mingw32/bin/../lib/gcc/nios2-elf/4.1.2/mno-hw-mul\libgcc.a(_addsub_df.o)
 .data          0x008457e8        0x0 c:/altera/13.0sp1/nios2eds/bin/gnu/h-i686-mingw32/bin/../lib/gcc/nios2-elf/4.1.2/mno-hw-mul\libgcc.a(_mul_df.o)
 .data          0x008457e8        0x0 c:/altera/13.0sp1/nios2eds/bin/gnu/h-i686-mingw32/bin/../lib/gcc/nios2-elf/4.1.2/mno-hw-mul\libgcc.a(_ge_df.o)
 .data          0x008457e8        0x0 c:/altera/13.0sp1/nios2eds/bin/gnu/h-i686-mingw32/bin/../lib/gcc/nios2-elf/4.1.2/mno-hw-mul\libgcc.a(_df_to_si.o)
 .data          0x008457e8        0x0 c:/altera/13.0sp1/nios2eds/bin/gnu/h-i686-mingw32/bin/../lib/gcc/nios2-elf/4.1.2/mno-hw-mul\libgcc.a(_thenan_df.o)
 .data          0x008457e8        0x0 c:/altera/13.0sp1/nios2eds/bin/gnu/h-i686-mingw32/bin/../lib/gcc/nios2-elf/4.1.2/mno-hw-mul\libgcc.a(_usi_to_df.o)
 .data          0x008457e8        0x0 c:/altera/13.0sp1/nios2eds/bin/gnu/h-i686-mingw32/bin/../lib/gcc/nios2-elf/4.1.2/mno-hw-mul\libgcc.a(lib2-mul.o)
 .data          0x008457e8        0x0 c:/altera/13.0sp1/nios2eds/bin/gnu/h-i686-mingw32/bin/../lib/gcc/nios2-elf/4.1.2/mno-hw-mul\libgcc.a(_muldi3.o)
 .data          0x008457e8        0x0 c:/altera/13.0sp1/nios2eds/bin/gnu/h-i686-mingw32/bin/../lib/gcc/nios2-elf/4.1.2/mno-hw-mul\libgcc.a(_clzsi2.o)
 .data          0x008457e8        0x0 c:/altera/13.0sp1/nios2eds/bin/gnu/h-i686-mingw32/bin/../lib/gcc/nios2-elf/4.1.2/mno-hw-mul\libgcc.a(_pack_df.o)
 .data          0x008457e8        0x0 c:/altera/13.0sp1/nios2eds/bin/gnu/h-i686-mingw32/bin/../lib/gcc/nios2-elf/4.1.2/mno-hw-mul\libgcc.a(_unpack_df.o)
 .data          0x008457e8        0x0 c:/altera/13.0sp1/nios2eds/bin/gnu/h-i686-mingw32/bin/../lib/gcc/nios2-elf/4.1.2/mno-hw-mul\libgcc.a(_fpcmp_parts_df.o)
 .data          0x008457e8        0x0 c:/altera/13.0sp1/nios2eds/bin/gnu/h-i686-mingw32/bin/../lib/gcc/nios2-elf/4.1.2/mno-hw-mul\libgcc.a(_clz.o)
 .data          0x008457e8        0x0 c:/altera/13.0sp1/nios2eds/bin/gnu/h-i686-mingw32/bin/../lib/gcc/nios2-elf/4.1.2/../../../../nios2-elf/lib/mno-hw-mul\libc.a(lib_a-ctype_.o)
 .data          0x008457e8        0x0 c:/altera/13.0sp1/nios2eds/bin/gnu/h-i686-mingw32/bin/../lib/gcc/nios2-elf/4.1.2/../../../../nios2-elf/lib/mno-hw-mul\libc.a(lib_a-exit.o)
 .data          0x008457e8        0x0 c:/altera/13.0sp1/nios2eds/bin/gnu/h-i686-mingw32/bin/../lib/gcc/nios2-elf/4.1.2/../../../../nios2-elf/lib/mno-hw-mul\libc.a(lib_a-fprintf.o)
 .data          0x008457e8        0x0 c:/altera/13.0sp1/nios2eds/bin/gnu/h-i686-mingw32/bin/../lib/gcc/nios2-elf/4.1.2/../../../../nios2-elf/lib/mno-hw-mul\libc.a(lib_a-fwrite.o)
 .data          0x008457e8        0x0 c:/altera/13.0sp1/nios2eds/bin/gnu/h-i686-mingw32/bin/../lib/gcc/nios2-elf/4.1.2/../../../../nios2-elf/lib/mno-hw-mul\libc.a(lib_a-getc.o)
 .data          0x008457e8      0x400 c:/altera/13.0sp1/nios2eds/bin/gnu/h-i686-mingw32/bin/../lib/gcc/nios2-elf/4.1.2/../../../../nios2-elf/lib/mno-hw-mul\libc.a(lib_a-impure.o)
 .data          0x00845be8        0x0 c:/altera/13.0sp1/nios2eds/bin/gnu/h-i686-mingw32/bin/../lib/gcc/nios2-elf/4.1.2/../../../../nios2-elf/lib/mno-hw-mul\libc.a(lib_a-memcpy.o)
 .data          0x00845be8        0x0 c:/altera/13.0sp1/nios2eds/bin/gnu/h-i686-mingw32/bin/../lib/gcc/nios2-elf/4.1.2/../../../../nios2-elf/lib/mno-hw-mul\libc.a(lib_a-memmove.o)
 .data          0x00845be8        0x0 c:/altera/13.0sp1/nios2eds/bin/gnu/h-i686-mingw32/bin/../lib/gcc/nios2-elf/4.1.2/../../../../nios2-elf/lib/mno-hw-mul\libc.a(lib_a-memset.o)
 .data          0x00845be8        0x0 c:/altera/13.0sp1/nios2eds/bin/gnu/h-i686-mingw32/bin/../lib/gcc/nios2-elf/4.1.2/../../../../nios2-elf/lib/mno-hw-mul\libc.a(lib_a-perror.o)
 .data          0x00845be8        0x0 c:/altera/13.0sp1/nios2eds/bin/gnu/h-i686-mingw32/bin/../lib/gcc/nios2-elf/4.1.2/../../../../nios2-elf/lib/mno-hw-mul\libc.a(lib_a-printf.o)
 .data          0x00845be8        0x0 c:/altera/13.0sp1/nios2eds/bin/gnu/h-i686-mingw32/bin/../lib/gcc/nios2-elf/4.1.2/../../../../nios2-elf/lib/mno-hw-mul\libc.a(lib_a-putc.o)
 .data          0x00845be8        0x0 c:/altera/13.0sp1/nios2eds/bin/gnu/h-i686-mingw32/bin/../lib/gcc/nios2-elf/4.1.2/../../../../nios2-elf/lib/mno-hw-mul\libc.a(lib_a-putchar.o)
 .data          0x00845be8        0x0 c:/altera/13.0sp1/nios2eds/bin/gnu/h-i686-mingw32/bin/../lib/gcc/nios2-elf/4.1.2/../../../../nios2-elf/lib/mno-hw-mul\libc.a(lib_a-puts.o)
 .data          0x00845be8        0x0 c:/altera/13.0sp1/nios2eds/bin/gnu/h-i686-mingw32/bin/../lib/gcc/nios2-elf/4.1.2/../../../../nios2-elf/lib/mno-hw-mul\libc.a(lib_a-rget.o)
 .data          0x00845be8        0x0 c:/altera/13.0sp1/nios2eds/bin/gnu/h-i686-mingw32/bin/../lib/gcc/nios2-elf/4.1.2/../../../../nios2-elf/lib/mno-hw-mul\libc.a(lib_a-strchr.o)
 .data          0x00845be8        0x0 c:/altera/13.0sp1/nios2eds/bin/gnu/h-i686-mingw32/bin/../lib/gcc/nios2-elf/4.1.2/../../../../nios2-elf/lib/mno-hw-mul\libc.a(lib_a-strerror.o)
 .data          0x00845be8        0x0 c:/altera/13.0sp1/nios2eds/bin/gnu/h-i686-mingw32/bin/../lib/gcc/nios2-elf/4.1.2/../../../../nios2-elf/lib/mno-hw-mul\libc.a(lib_a-strlen.o)
 .data          0x00845be8        0x0 c:/altera/13.0sp1/nios2eds/bin/gnu/h-i686-mingw32/bin/../lib/gcc/nios2-elf/4.1.2/../../../../nios2-elf/lib/mno-hw-mul\libc.a(lib_a-u_strerr.o)
 .data          0x00845be8        0x0 c:/altera/13.0sp1/nios2eds/bin/gnu/h-i686-mingw32/bin/../lib/gcc/nios2-elf/4.1.2/../../../../nios2-elf/lib/mno-hw-mul\libc.a(lib_a-vfprintf.o)
 .data          0x00845be8        0x0 c:/altera/13.0sp1/nios2eds/bin/gnu/h-i686-mingw32/bin/../lib/gcc/nios2-elf/4.1.2/../../../../nios2-elf/lib/mno-hw-mul\libc.a(lib_a-wbuf.o)
 .data          0x00845be8        0x0 c:/altera/13.0sp1/nios2eds/bin/gnu/h-i686-mingw32/bin/../lib/gcc/nios2-elf/4.1.2/../../../../nios2-elf/lib/mno-hw-mul\libc.a(lib_a-wsetup.o)
 .data          0x00845be8        0x0 c:/altera/13.0sp1/nios2eds/bin/gnu/h-i686-mingw32/bin/../lib/gcc/nios2-elf/4.1.2/../../../../nios2-elf/lib/mno-hw-mul\libc.a(lib_a-__call_atexit.o)
 .data          0x00845be8        0x0 c:/altera/13.0sp1/nios2eds/bin/gnu/h-i686-mingw32/bin/../lib/gcc/nios2-elf/4.1.2/../../../../nios2-elf/lib/mno-hw-mul\libc.a(lib_a-dtoa.o)
 .data          0x00845be8        0x0 c:/altera/13.0sp1/nios2eds/bin/gnu/h-i686-mingw32/bin/../lib/gcc/nios2-elf/4.1.2/../../../../nios2-elf/lib/mno-hw-mul\libc.a(lib_a-fflush.o)
 .data          0x00845be8        0x0 c:/altera/13.0sp1/nios2eds/bin/gnu/h-i686-mingw32/bin/../lib/gcc/nios2-elf/4.1.2/../../../../nios2-elf/lib/mno-hw-mul\libc.a(lib_a-findfp.o)
 .data          0x00845be8        0x0 c:/altera/13.0sp1/nios2eds/bin/gnu/h-i686-mingw32/bin/../lib/gcc/nios2-elf/4.1.2/../../../../nios2-elf/lib/mno-hw-mul\libc.a(lib_a-fputc.o)
 .data          0x00845be8        0x0 c:/altera/13.0sp1/nios2eds/bin/gnu/h-i686-mingw32/bin/../lib/gcc/nios2-elf/4.1.2/../../../../nios2-elf/lib/mno-hw-mul\libc.a(lib_a-fputs.o)
 .data          0x00845be8        0x0 c:/altera/13.0sp1/nios2eds/bin/gnu/h-i686-mingw32/bin/../lib/gcc/nios2-elf/4.1.2/../../../../nios2-elf/lib/mno-hw-mul\libc.a(lib_a-freer.o)
 .data          0x00845be8        0x0 c:/altera/13.0sp1/nios2eds/bin/gnu/h-i686-mingw32/bin/../lib/gcc/nios2-elf/4.1.2/../../../../nios2-elf/lib/mno-hw-mul\libc.a(lib_a-fvwrite.o)
 .data          0x00845be8        0x0 c:/altera/13.0sp1/nios2eds/bin/gnu/h-i686-mingw32/bin/../lib/gcc/nios2-elf/4.1.2/../../../../nios2-elf/lib/mno-hw-mul\libc.a(lib_a-fwalk.o)
 .data          0x00845be8        0xc c:/altera/13.0sp1/nios2eds/bin/gnu/h-i686-mingw32/bin/../lib/gcc/nios2-elf/4.1.2/../../../../nios2-elf/lib/mno-hw-mul\libc.a(lib_a-locale.o)
                0x00845be8                __lc_ctype
 .data          0x00845bf4        0x0 c:/altera/13.0sp1/nios2eds/bin/gnu/h-i686-mingw32/bin/../lib/gcc/nios2-elf/4.1.2/../../../../nios2-elf/lib/mno-hw-mul\libc.a(lib_a-makebuf.o)
 .data          0x00845bf4      0x408 c:/altera/13.0sp1/nios2eds/bin/gnu/h-i686-mingw32/bin/../lib/gcc/nios2-elf/4.1.2/../../../../nios2-elf/lib/mno-hw-mul\libc.a(lib_a-mallocr.o)
                0x00845bf4                __malloc_av_
 .data          0x00845ffc        0x0 c:/altera/13.0sp1/nios2eds/bin/gnu/h-i686-mingw32/bin/../lib/gcc/nios2-elf/4.1.2/../../../../nios2-elf/lib/mno-hw-mul\libc.a(lib_a-memchr.o)
 .data          0x00845ffc        0x0 c:/altera/13.0sp1/nios2eds/bin/gnu/h-i686-mingw32/bin/../lib/gcc/nios2-elf/4.1.2/../../../../nios2-elf/lib/mno-hw-mul\libc.a(lib_a-mprec.o)
 .data          0x00845ffc        0x0 c:/altera/13.0sp1/nios2eds/bin/gnu/h-i686-mingw32/bin/../lib/gcc/nios2-elf/4.1.2/../../../../nios2-elf/lib/mno-hw-mul\libc.a(lib_a-reallocr.o)
 .data          0x00845ffc        0x0 c:/altera/13.0sp1/nios2eds/bin/gnu/h-i686-mingw32/bin/../lib/gcc/nios2-elf/4.1.2/../../../../nios2-elf/lib/mno-hw-mul\libc.a(lib_a-refill.o)
 .data          0x00845ffc        0x0 c:/altera/13.0sp1/nios2eds/bin/gnu/h-i686-mingw32/bin/../lib/gcc/nios2-elf/4.1.2/../../../../nios2-elf/lib/mno-hw-mul\libc.a(lib_a-s_isinfd.o)
 .data          0x00845ffc        0x0 c:/altera/13.0sp1/nios2eds/bin/gnu/h-i686-mingw32/bin/../lib/gcc/nios2-elf/4.1.2/../../../../nios2-elf/lib/mno-hw-mul\libc.a(lib_a-s_isnand.o)
 .data          0x00845ffc        0x0 c:/altera/13.0sp1/nios2eds/bin/gnu/h-i686-mingw32/bin/../lib/gcc/nios2-elf/4.1.2/../../../../nios2-elf/lib/mno-hw-mul\libc.a(lib_a-sbrkr.o)
 .data          0x00845ffc        0x0 c:/altera/13.0sp1/nios2eds/bin/gnu/h-i686-mingw32/bin/../lib/gcc/nios2-elf/4.1.2/../../../../nios2-elf/lib/mno-hw-mul\libc.a(lib_a-stdio.o)
 .data          0x00845ffc        0x0 c:/altera/13.0sp1/nios2eds/bin/gnu/h-i686-mingw32/bin/../lib/gcc/nios2-elf/4.1.2/../../../../nios2-elf/lib/mno-hw-mul\libc.a(lib_a-strcmp.o)
 .data          0x00845ffc        0x0 c:/altera/13.0sp1/nios2eds/bin/gnu/h-i686-mingw32/bin/../lib/gcc/nios2-elf/4.1.2/../../../../nios2-elf/lib/mno-hw-mul\libc.a(lib_a-writer.o)
 .data          0x00845ffc        0x0 c:/altera/13.0sp1/nios2eds/bin/gnu/h-i686-mingw32/bin/../lib/gcc/nios2-elf/4.1.2/../../../../nios2-elf/lib/mno-hw-mul\libc.a(lib_a-callocr.o)
 .data          0x00845ffc        0x0 c:/altera/13.0sp1/nios2eds/bin/gnu/h-i686-mingw32/bin/../lib/gcc/nios2-elf/4.1.2/../../../../nios2-elf/lib/mno-hw-mul\libc.a(lib_a-closer.o)
 .data          0x00845ffc        0x0 c:/altera/13.0sp1/nios2eds/bin/gnu/h-i686-mingw32/bin/../lib/gcc/nios2-elf/4.1.2/../../../../nios2-elf/lib/mno-hw-mul\libc.a(lib_a-fclose.o)
 .data          0x00845ffc        0x0 c:/altera/13.0sp1/nios2eds/bin/gnu/h-i686-mingw32/bin/../lib/gcc/nios2-elf/4.1.2/../../../../nios2-elf/lib/mno-hw-mul\libc.a(lib_a-fstatr.o)
 .data          0x00845ffc        0x0 c:/altera/13.0sp1/nios2eds/bin/gnu/h-i686-mingw32/bin/../lib/gcc/nios2-elf/4.1.2/../../../../nios2-elf/lib/mno-hw-mul\libc.a(lib_a-int_errno.o)
 .data          0x00845ffc        0x0 c:/altera/13.0sp1/nios2eds/bin/gnu/h-i686-mingw32/bin/../lib/gcc/nios2-elf/4.1.2/../../../../nios2-elf/lib/mno-hw-mul\libc.a(lib_a-isattyr.o)
 .data          0x00845ffc        0x0 c:/altera/13.0sp1/nios2eds/bin/gnu/h-i686-mingw32/bin/../lib/gcc/nios2-elf/4.1.2/../../../../nios2-elf/lib/mno-hw-mul\libc.a(lib_a-lseekr.o)
 .data          0x00845ffc        0x0 c:/altera/13.0sp1/nios2eds/bin/gnu/h-i686-mingw32/bin/../lib/gcc/nios2-elf/4.1.2/../../../../nios2-elf/lib/mno-hw-mul\libc.a(lib_a-readr.o)
 .data          0x00845ffc        0x0 c:/altera/13.0sp1/nios2eds/bin/gnu/h-i686-mingw32/bin/../lib/gcc/nios2-elf/4.1.2/mno-hw-mul\libgcc.a(_udivdi3.o)
 .data          0x00845ffc        0x0 c:/altera/13.0sp1/nios2eds/bin/gnu/h-i686-mingw32/bin/../lib/gcc/nios2-elf/4.1.2/mno-hw-mul\libgcc.a(_umoddi3.o)
 .data          0x00845ffc        0x0 c:/altera/13.0sp1/nios2eds/bin/gnu/h-i686-mingw32/bin/../lib/gcc/nios2-elf/4.1.2/mno-hw-mul\libgcc.a(_div_df.o)
 .data          0x00845ffc        0x0 c:/altera/13.0sp1/nios2eds/bin/gnu/h-i686-mingw32/bin/../lib/gcc/nios2-elf/4.1.2/mno-hw-mul\libgcc.a(_eq_df.o)
 .data          0x00845ffc        0x0 c:/altera/13.0sp1/nios2eds/bin/gnu/h-i686-mingw32/bin/../lib/gcc/nios2-elf/4.1.2/mno-hw-mul\libgcc.a(_ne_df.o)
 .data          0x00845ffc        0x0 c:/altera/13.0sp1/nios2eds/bin/gnu/h-i686-mingw32/bin/../lib/gcc/nios2-elf/4.1.2/mno-hw-mul\libgcc.a(_gt_df.o)
 .data          0x00845ffc        0x0 c:/altera/13.0sp1/nios2eds/bin/gnu/h-i686-mingw32/bin/../lib/gcc/nios2-elf/4.1.2/mno-hw-mul\libgcc.a(_lt_df.o)
 .data          0x00845ffc        0x0 c:/altera/13.0sp1/nios2eds/bin/gnu/h-i686-mingw32/bin/../lib/gcc/nios2-elf/4.1.2/mno-hw-mul\libgcc.a(_si_to_df.o)
 .data          0x00845ffc        0x0 c:/altera/13.0sp1/nios2eds/bin/gnu/h-i686-mingw32/bin/../lib/gcc/nios2-elf/4.1.2/mno-hw-mul\libgcc.a(lib2-divmod.o)
 .data          0x00845ffc        0x0 ../simple_socket_bsp/\libucosii_bsp.a(alt_exit.o)