Archive member included because of file (symbol)

../teste_led_bsp/\libhal_bsp.a(alt_main.o)
                              ../teste_led_bsp//obj/HAL/src/crt0.o (alt_main)
../teste_led_bsp/\libhal_bsp.a(alt_printf.o)
                              obj/default/main.o (alt_printf)
../teste_led_bsp/\libhal_bsp.a(alt_putchar.o)
                              ../teste_led_bsp/\libhal_bsp.a(alt_printf.o) (alt_putchar)
../teste_led_bsp/\libhal_bsp.a(alt_sys_init.o)
                              ../teste_led_bsp/\libhal_bsp.a(alt_putchar.o) (jtag_uart)
../teste_led_bsp/\libhal_bsp.a(altera_avalon_jtag_uart_write.o)
                              ../teste_led_bsp/\libhal_bsp.a(alt_putchar.o) (altera_avalon_jtag_uart_write)
../teste_led_bsp/\libhal_bsp.a(altera_nios2_qsys_irq.o)
                              ../teste_led_bsp/\libhal_bsp.a(alt_sys_init.o) (altera_nios2_qsys_irq_init)

Memory Configuration

Name             Origin             Length             Attributes
reset            0x00000000         0x00000020
memory           0x00000020         0x00001fe0
*default*        0x00000000         0xffffffff

Linker script and memory map

LOAD ../teste_led_bsp//obj/HAL/src/crt0.o
                0x0000000c                exit = _exit
LOAD obj/default/main.o
LOAD c:/altera/13.0/nios2eds/bin/gnu/h-i686-mingw32/bin/../lib/gcc/nios2-elf/4.1.2/../../../../nios2-elf/lib/mno-hw-mul\libstdc++.a
LOAD c:/altera/13.0/nios2eds/bin/gnu/h-i686-mingw32/bin/../lib/gcc/nios2-elf/4.1.2/../../../../nios2-elf/lib/mno-hw-mul\libm.a
LOAD c:/altera/13.0/nios2eds/bin/gnu/h-i686-mingw32/bin/../lib/gcc/nios2-elf/4.1.2/mno-hw-mul\libgcc.a
START GROUP
LOAD c:/altera/13.0/nios2eds/bin/gnu/h-i686-mingw32/bin/../lib/gcc/nios2-elf/4.1.2/../../../../nios2-elf/lib/mno-hw-mul\libsmallc.a
LOAD c:/altera/13.0/nios2eds/bin/gnu/h-i686-mingw32/bin/../lib/gcc/nios2-elf/4.1.2/mno-hw-mul\libgcc.a
LOAD ../teste_led_bsp/\libhal_bsp.a
END GROUP
LOAD c:/altera/13.0/nios2eds/bin/gnu/h-i686-mingw32/bin/../lib/gcc/nios2-elf/4.1.2/mno-hw-mul\libgcc.a
                0x00000000                __alt_mem_memory = 0x0

.entry          0x00000000       0x20
 *(.entry)
 .entry         0x00000000       0x20 ../teste_led_bsp//obj/HAL/src/crt0.o
                0x00000000                __reset
                0x0000000c                _exit

.exceptions     0x00000020        0x0
                0x00000020                PROVIDE (__ram_exceptions_start, ABSOLUTE (.))
                0x00000020                . = ALIGN (0x20)
 *(.irq)
 *(.exceptions.entry.label)
 *(.exceptions.entry.user)
 *(.exceptions.entry)
 *(.exceptions.irqtest.user)
 *(.exceptions.irqtest)
 *(.exceptions.irqhandler.user)
 *(.exceptions.irqhandler)
 *(.exceptions.irqreturn.user)
 *(.exceptions.irqreturn)
 *(.exceptions.notirq.label)
 *(.exceptions.notirq.user)
 *(.exceptions.notirq)
 *(.exceptions.soft.user)
 *(.exceptions.soft)
 *(.exceptions.unknown.user)
 *(.exceptions.unknown)
 *(.exceptions.exit.label)
 *(.exceptions.exit.user)
 *(.exceptions.exit)
 *(.exceptions)
                0x00000020                PROVIDE (__ram_exceptions_end, ABSOLUTE (.))
                0x00000020                PROVIDE (__flash_exceptions_start, LOADADDR (.exceptions))

.text           0x00000020      0x4dc
                0x00000020                PROVIDE (stext, ABSOLUTE (.))
 *(.interp)
 *(.hash)
 *(.dynsym)
 *(.dynstr)
 *(.gnu.version)
 *(.gnu.version_d)
 *(.gnu.version_r)
 *(.rel.init)
 *(.rela.init)
 *(.rel.text .rel.text.* .rel.gnu.linkonce.t.*)
 *(.rela.text .rela.text.* .rela.gnu.linkonce.t.*)
 *(.rel.fini)
 *(.rela.fini)
 *(.rel.rodata .rel.rodata.* .rel.gnu.linkonce.r.*)
 *(.rela.rodata .rela.rodata.* .rela.gnu.linkonce.r.*)
 *(.rel.data .rel.data.* .rel.gnu.linkonce.d.*)
 *(.rela.data .rela.data.* .rela.gnu.linkonce.d.*)
 *(.rel.tdata .rel.tdata.* .rel.gnu.linkonce.td.*)
 *(.rela.tdata .rela.tdata.* .rela.gnu.linkonce.td.*)
 *(.rel.tbss .rel.tbss.* .rel.gnu.linkonce.tb.*)
 *(.rela.tbss .rela.tbss.* .rela.gnu.linkonce.tb.*)
 *(.rel.ctors)
 *(.rela.ctors)
 *(.rel.dtors)
 *(.rela.dtors)
 *(.rel.got)
 *(.rela.got)
 *(.rel.sdata .rel.sdata.* .rel.gnu.linkonce.s.*)
 *(.rela.sdata .rela.sdata.* .rela.gnu.linkonce.s.*)
 *(.rel.sbss .rel.sbss.* .rel.gnu.linkonce.sb.*)
 *(.rela.sbss .rela.sbss.* .rela.gnu.linkonce.sb.*)
 *(.rel.sdata2 .rel.sdata2.* .rel.gnu.linkonce.s2.*)
 *(.rela.sdata2 .rela.sdata2.* .rela.gnu.linkonce.s2.*)
 *(.rel.sbss2 .rel.sbss2.* .rel.gnu.linkonce.sb2.*)
 *(.rela.sbss2 .rela.sbss2.* .rela.gnu.linkonce.sb2.*)
 *(.rel.bss .rel.bss.* .rel.gnu.linkonce.b.*)
 *(.rela.bss .rela.bss.* .rela.gnu.linkonce.b.*)
 *(.rel.plt)
 *(.rela.plt)
 *(.rel.dyn)
 *(.init)
 *(.plt)
 *(.text .stub .text.* .gnu.linkonce.t.*)
 .text          0x00000020       0x38 ../teste_led_bsp//obj/HAL/src/crt0.o
                0x00000020                _start
 .text          0x00000058       0x84 obj/default/main.o
                0x00000058                main
 .text          0x000000dc       0x40 ../teste_led_bsp/\libhal_bsp.a(alt_main.o)
                0x000000dc                alt_main
 .text          0x0000011c      0x258 ../teste_led_bsp/\libhal_bsp.a(alt_printf.o)
                0x0000011c                alt_printf
 .text          0x00000374       0x74 ../teste_led_bsp/\libhal_bsp.a(alt_putchar.o)
                0x00000374                alt_putchar
 .text          0x000003e8       0x50 ../teste_led_bsp/\libhal_bsp.a(alt_sys_init.o)
                0x000003e8                alt_irq_init
                0x0000041c                alt_sys_init
 .text          0x00000438       0xa4 ../teste_led_bsp/\libhal_bsp.a(altera_avalon_jtag_uart_write.o)
                0x00000438                altera_avalon_jtag_uart_write
 .text          0x000004dc       0x20 ../teste_led_bsp/\libhal_bsp.a(altera_nios2_qsys_irq.o)
                0x000004dc                altera_nios2_qsys_irq_init
 *(.gnu.warning.*)
 *(.fini)
                0x000004fc                PROVIDE (__etext, ABSOLUTE (.))
                0x000004fc                PROVIDE (_etext, ABSOLUTE (.))
                0x000004fc                PROVIDE (etext, ABSOLUTE (.))
 *(.eh_frame_hdr)
                0x000004fc                . = ALIGN (0x4)
                0x000004fc                PROVIDE (__preinit_array_start, ABSOLUTE (.))
 *(.preinit_array)
                0x000004fc                PROVIDE (__preinit_array_end, ABSOLUTE (.))
                0x000004fc                PROVIDE (__init_array_start, ABSOLUTE (.))
 *(.init_array)
                0x000004fc                PROVIDE (__init_array_end, ABSOLUTE (.))
                0x000004fc                PROVIDE (__fini_array_start, ABSOLUTE (.))
 *(.fini_array)
                0x000004fc                PROVIDE (__fini_array_end, ABSOLUTE (.))
 *(.eh_frame)
 *(.gcc_except_table)
 *(.dynamic)
                0x000004fc                PROVIDE (__CTOR_LIST__, ABSOLUTE (.))
 *(.ctors)
 *(SORT(.ctors.*))
                0x000004fc                PROVIDE (__CTOR_END__, ABSOLUTE (.))
                0x000004fc                PROVIDE (__DTOR_LIST__, ABSOLUTE (.))
 *(.dtors)
 *(SORT(.dtors.*))
                0x000004fc                PROVIDE (__DTOR_END__, ABSOLUTE (.))
 *(.jcr)
                0x000004fc                . = ALIGN (0x4)

.rodata         0x000004fc        0x4
                0x000004fc                PROVIDE (__ram_rodata_start, ABSOLUTE (.))
                0x000004fc                . = ALIGN (0x4)
 *(.rodata .rodata.* .gnu.linkonce.r.*)
 .rodata        0x000004fc        0x4 obj/default/main.o
 *(.rodata1)
                0x00000500                . = ALIGN (0x4)
                0x00000500                PROVIDE (__ram_rodata_end, ABSOLUTE (.))
                0x000004fc                PROVIDE (__flash_rodata_start, LOADADDR (.rodata))

.rwdata         0x00000500        0x4
                0x00000500                PROVIDE (__ram_rwdata_start, ABSOLUTE (.))
                0x00000500                . = ALIGN (0x4)
 *(.got.plt)
 *(.got)
 *(.data1)
 *(.data .data.* .gnu.linkonce.d.*)
 .data          0x00000500        0x0 ../teste_led_bsp//obj/HAL/src/crt0.o
 .data          0x00000500        0x0 obj/default/main.o
 .data          0x00000500        0x0 ../teste_led_bsp/\libhal_bsp.a(alt_main.o)
 .data          0x00000500        0x0 ../teste_led_bsp/\libhal_bsp.a(alt_printf.o)
 .data          0x00000500        0x0 ../teste_led_bsp/\libhal_bsp.a(alt_putchar.o)
 .data          0x00000500        0x0 ../teste_led_bsp/\libhal_bsp.a(alt_sys_init.o)
 .data          0x00000500        0x0 ../teste_led_bsp/\libhal_bsp.a(altera_avalon_jtag_uart_write.o)
 .data          0x00000500        0x0 ../teste_led_bsp/\libhal_bsp.a(altera_nios2_qsys_irq.o)
                0x00008500                _gp = ABSOLUTE ((. + 0x8000))
                0x00008500                PROVIDE (gp, _gp)
 *(.rwdata .rwdata.*)
 *(.sdata .sdata.* .gnu.linkonce.s.*)
 .sdata         0x00000500        0x4 ../teste_led_bsp/\libhal_bsp.a(alt_sys_init.o)
                0x00000500                jtag_uart
 *(.sdata2 .sdata2.* .gnu.linkonce.s2.*)
                0x00000504                . = ALIGN (0x4)
                0x00000504                _edata = ABSOLUTE (.)
                0x00000504                PROVIDE (edata, ABSOLUTE (.))
                0x00000504                PROVIDE (__ram_rwdata_end, ABSOLUTE (.))
                0x00000500                PROVIDE (__flash_rwdata_start, LOADADDR (.rwdata))

.bss            0x00000504        0xc
                0x00000504                __bss_start = ABSOLUTE (.)
                0x00000504                PROVIDE (__sbss_start, ABSOLUTE (.))
                0x00000504                PROVIDE (___sbss_start, ABSOLUTE (.))
 *(.dynsbss)
 *(.sbss .sbss.* .gnu.linkonce.sb.*)
 .sbss          0x00000504        0xc ../teste_led_bsp/\libhal_bsp.a(alt_main.o)
                0x00000504                alt_argc
                0x00000508                alt_argv
                0x0000050c                alt_envp
 *(.sbss2 .sbss2.* .gnu.linkonce.sb2.*)
 *(.scommon)
                0x00000510                PROVIDE (__sbss_end, ABSOLUTE (.))
                0x00000510                PROVIDE (___sbss_end, ABSOLUTE (.))
 *(.dynbss)
 *(.bss .bss.* .gnu.linkonce.b.*)
 .bss           0x00000510        0x0 ../teste_led_bsp//obj/HAL/src/crt0.o
 .bss           0x00000510        0x0 obj/default/main.o
 .bss           0x00000510        0x0 ../teste_led_bsp/\libhal_bsp.a(alt_main.o)
 .bss           0x00000510        0x0 ../teste_led_bsp/\libhal_bsp.a(alt_printf.o)
 .bss           0x00000510        0x0 ../teste_led_bsp/\libhal_bsp.a(alt_putchar.o)
 .bss           0x00000510        0x0 ../teste_led_bsp/\libhal_bsp.a(alt_sys_init.o)
 .bss           0x00000510        0x0 ../teste_led_bsp/\libhal_bsp.a(altera_avalon_jtag_uart_write.o)
 .bss           0x00000510        0x0 ../teste_led_bsp/\libhal_bsp.a(altera_nios2_qsys_irq.o)
 *(COMMON)
                0x00000510                . = ALIGN (0x4)
                0x00000510                __bss_end = ABSOLUTE (.)

.memory         0x00000510        0x0
                0x00000510                PROVIDE (_alt_partition_memory_start, ABSOLUTE (.))
 *(.memory. memory.*)
                0x00000510                . = ALIGN (0x4)
                0x00000510                PROVIDE (_alt_partition_memory_end, ABSOLUTE (.))
                0x00000510                _end = ABSOLUTE (.)
                0x00000510                end = ABSOLUTE (.)
                0x00000510                __alt_stack_base = ABSOLUTE (.)
                0x00000510                PROVIDE (_alt_partition_memory_load_addr, LOADADDR (.memory))

.stab
 *(.stab)

.stabstr
 *(.stabstr)

.stab.excl
 *(.stab.excl)

.stab.exclstr
 *(.stab.exclstr)

.stab.index
 *(.stab.index)

.stab.indexstr
 *(.stab.indexstr)

.comment        0x00000000       0x23
 *(.comment)
 .comment       0x00000000       0x23 obj/default/main.o
                                 0x24 (size before relaxing)
 .comment       0x00000000       0x24 ../teste_led_bsp/\libhal_bsp.a(alt_main.o)
 .comment       0x00000000       0x24 ../teste_led_bsp/\libhal_bsp.a(alt_printf.o)
 .comment       0x00000000       0x24 ../teste_led_bsp/\libhal_bsp.a(alt_putchar.o)
 .comment       0x00000000       0x24 ../teste_led_bsp/\libhal_bsp.a(alt_sys_init.o)
 .comment       0x00000000       0x24 ../teste_led_bsp/\libhal_bsp.a(altera_avalon_jtag_uart_write.o)
 .comment       0x00000000       0x24 ../teste_led_bsp/\libhal_bsp.a(altera_nios2_qsys_irq.o)

.debug
 *(.debug)

.line
 *(.line)

.debug_srcinfo
 *(.debug_srcinfo)

.debug_sfnames
 *(.debug_sfnames)

.debug_aranges  0x00000000      0x108
 *(.debug_aranges)
 .debug_aranges
                0x00000000       0x28 ../teste_led_bsp//obj/HAL/src/crt0.o
 .debug_aranges
                0x00000028       0x20 obj/default/main.o
 .debug_aranges
                0x00000048       0x20 ../teste_led_bsp/\libhal_bsp.a(alt_main.o)
 .debug_aranges
                0x00000068       0x20 ../teste_led_bsp/\libhal_bsp.a(alt_printf.o)
 .debug_aranges
                0x00000088       0x20 ../teste_led_bsp/\libhal_bsp.a(alt_putchar.o)
 .debug_aranges
                0x000000a8       0x20 ../teste_led_bsp/\libhal_bsp.a(alt_sys_init.o)
 .debug_aranges
                0x000000c8       0x20 ../teste_led_bsp/\libhal_bsp.a(altera_avalon_jtag_uart_write.o)
 .debug_aranges
                0x000000e8       0x20 ../teste_led_bsp/\libhal_bsp.a(altera_nios2_qsys_irq.o)

.debug_pubnames
                0x00000000      0x14b
 *(.debug_pubnames)
 .debug_pubnames
                0x00000000       0x1b obj/default/main.o
 .debug_pubnames
                0x0000001b       0x46 ../teste_led_bsp/\libhal_bsp.a(alt_main.o)
 .debug_pubnames
                0x00000061       0x21 ../teste_led_bsp/\libhal_bsp.a(alt_printf.o)
 .debug_pubnames
                0x00000082       0x22 ../teste_led_bsp/\libhal_bsp.a(alt_putchar.o)
 .debug_pubnames
                0x000000a4       0x42 ../teste_led_bsp/\libhal_bsp.a(alt_sys_init.o)
 .debug_pubnames
                0x000000e6       0x34 ../teste_led_bsp/\libhal_bsp.a(altera_avalon_jtag_uart_write.o)
 .debug_pubnames
                0x0000011a       0x31 ../teste_led_bsp/\libhal_bsp.a(altera_nios2_qsys_irq.o)

.debug_info     0x00000000      0xefb
 *(.debug_info .gnu.linkonce.wi.*)
 .debug_info    0x00000000       0x90 ../teste_led_bsp//obj/HAL/src/crt0.o
 .debug_info    0x00000090      0x184 obj/default/main.o
 .debug_info    0x00000214      0x224 ../teste_led_bsp/\libhal_bsp.a(alt_main.o)
 .debug_info    0x00000438      0x1bd ../teste_led_bsp/\libhal_bsp.a(alt_printf.o)
 .debug_info    0x000005f5      0x1b6 ../teste_led_bsp/\libhal_bsp.a(alt_putchar.o)
 .debug_info    0x000007ab      0x2dd ../teste_led_bsp/\libhal_bsp.a(alt_sys_init.o)
 .debug_info    0x00000a88      0x2fb ../teste_led_bsp/\libhal_bsp.a(altera_avalon_jtag_uart_write.o)
 .debug_info    0x00000d83      0x178 ../teste_led_bsp/\libhal_bsp.a(altera_nios2_qsys_irq.o)

.debug_abbrev   0x00000000      0x3fe
 *(.debug_abbrev)
 .debug_abbrev  0x00000000       0x12 ../teste_led_bsp//obj/HAL/src/crt0.o
 .debug_abbrev  0x00000012       0x64 obj/default/main.o
 .debug_abbrev  0x00000076       0xa6 ../teste_led_bsp/\libhal_bsp.a(alt_main.o)
 .debug_abbrev  0x0000011c       0x91 ../teste_led_bsp/\libhal_bsp.a(alt_printf.o)
 .debug_abbrev  0x000001ad       0x7b ../teste_led_bsp/\libhal_bsp.a(alt_putchar.o)
 .debug_abbrev  0x00000228       0xe3 ../teste_led_bsp/\libhal_bsp.a(alt_sys_init.o)
 .debug_abbrev  0x0000030b       0xb4 ../teste_led_bsp/\libhal_bsp.a(altera_avalon_jtag_uart_write.o)
 .debug_abbrev  0x000003bf       0x3f ../teste_led_bsp/\libhal_bsp.a(altera_nios2_qsys_irq.o)

.debug_line     0x00000000      0xf75
 *(.debug_line)
 .debug_line    0x00000000       0x63 ../teste_led_bsp//obj/HAL/src/crt0.o
 .debug_line    0x00000063      0x177 obj/default/main.o
 .debug_line    0x000001da      0x2a4 ../teste_led_bsp/\libhal_bsp.a(alt_main.o)
 .debug_line    0x0000047e      0x1d7 ../teste_led_bsp/\libhal_bsp.a(alt_printf.o)
 .debug_line    0x00000655      0x1dc ../teste_led_bsp/\libhal_bsp.a(alt_putchar.o)
 .debug_line    0x00000831      0x27e ../teste_led_bsp/\libhal_bsp.a(alt_sys_init.o)
 .debug_line    0x00000aaf      0x2fe ../teste_led_bsp/\libhal_bsp.a(altera_avalon_jtag_uart_write.o)
 .debug_line    0x00000dad      0x1c8 ../teste_led_bsp/\libhal_bsp.a(altera_nios2_qsys_irq.o)

.debug_frame    0x00000000      0x150
 *(.debug_frame)
 .debug_frame   0x00000000       0x2c obj/default/main.o
 .debug_frame   0x0000002c       0x2c ../teste_led_bsp/\libhal_bsp.a(alt_main.o)
 .debug_frame   0x00000058       0x2c ../teste_led_bsp/\libhal_bsp.a(alt_printf.o)
 .debug_frame   0x00000084       0x2c ../teste_led_bsp/\libhal_bsp.a(alt_putchar.o)
 .debug_frame   0x000000b0       0x48 ../teste_led_bsp/\libhal_bsp.a(alt_sys_init.o)
 .debug_frame   0x000000f8       0x2c ../teste_led_bsp/\libhal_bsp.a(altera_avalon_jtag_uart_write.o)
 .debug_frame   0x00000124       0x2c ../teste_led_bsp/\libhal_bsp.a(altera_nios2_qsys_irq.o)

.debug_str      0x00000000       0x5a
 *(.debug_str)
 .debug_str     0x00000000       0x12 ../teste_led_bsp/\libhal_bsp.a(alt_main.o)
 .debug_str     0x00000012       0x12 ../teste_led_bsp/\libhal_bsp.a(alt_putchar.o)
 .debug_str     0x00000024       0x12 ../teste_led_bsp/\libhal_bsp.a(alt_sys_init.o)
 .debug_str     0x00000036       0x12 ../teste_led_bsp/\libhal_bsp.a(altera_avalon_jtag_uart_write.o)
 .debug_str     0x00000048       0x12 ../teste_led_bsp/\libhal_bsp.a(altera_nios2_qsys_irq.o)

.debug_loc      0x00000000      0x158
 *(.debug_loc)
 .debug_loc     0x00000000       0x2b obj/default/main.o
 .debug_loc     0x0000002b       0x2b ../teste_led_bsp/\libhal_bsp.a(alt_main.o)
 .debug_loc     0x00000056       0x2b ../teste_led_bsp/\libhal_bsp.a(alt_printf.o)
 .debug_loc     0x00000081       0x2b ../teste_led_bsp/\libhal_bsp.a(alt_putchar.o)
 .debug_loc     0x000000ac       0x56 ../teste_led_bsp/\libhal_bsp.a(alt_sys_init.o)
 .debug_loc     0x00000102       0x2b ../teste_led_bsp/\libhal_bsp.a(altera_avalon_jtag_uart_write.o)
 .debug_loc     0x0000012d       0x2b ../teste_led_bsp/\libhal_bsp.a(altera_nios2_qsys_irq.o)

.debug_macinfo
 *(.debug_macinfo)

.debug_weaknames
 *(.debug_weaknames)

.debug_funcnames
 *(.debug_funcnames)

.debug_typenames
 *(.debug_typenames)

.debug_varnames
 *(.debug_varnames)

.debug_alt_sim_info
                0x00000000       0x10
 *(.debug_alt_sim_info)
 .debug_alt_sim_info
                0x00000000       0x10 ../teste_led_bsp//obj/HAL/src/crt0.o
                0x00002000                __alt_data_end = 0x2000
                0x00002000                PROVIDE (__alt_stack_pointer, __alt_data_end)
                0x00000510                PROVIDE (__alt_stack_limit, __alt_stack_base)
                0x00000510                PROVIDE (__alt_heap_start, end)
                0x00002000                PROVIDE (__alt_heap_limit, 0x2000)
OUTPUT(teste_led.elf elf32-littlenios2)

.debug_ranges   0x00000000       0x20
 .debug_ranges  0x00000000       0x20 ../teste_led_bsp//obj/HAL/src/crt0.o
