Archive member included because of file (symbol)

../jtag_uart_to_counter_bsp/\libhal_bsp.a(alt_getchar.o)
                              obj/default/main.o (alt_getchar)
../jtag_uart_to_counter_bsp/\libhal_bsp.a(alt_load.o)
                              ../jtag_uart_to_counter_bsp//obj/HAL/src/crt0.o (alt_load)
../jtag_uart_to_counter_bsp/\libhal_bsp.a(alt_main.o)
                              ../jtag_uart_to_counter_bsp//obj/HAL/src/crt0.o (alt_main)
../jtag_uart_to_counter_bsp/\libhal_bsp.a(alt_putchar.o)
                              obj/default/main.o (alt_putchar)
../jtag_uart_to_counter_bsp/\libhal_bsp.a(alt_sys_init.o)
                              ../jtag_uart_to_counter_bsp/\libhal_bsp.a(alt_main.o) (alt_sys_init)
../jtag_uart_to_counter_bsp/\libhal_bsp.a(altera_avalon_jtag_uart_read.o)
                              ../jtag_uart_to_counter_bsp/\libhal_bsp.a(alt_getchar.o) (altera_avalon_jtag_uart_read)
../jtag_uart_to_counter_bsp/\libhal_bsp.a(altera_avalon_jtag_uart_write.o)
                              ../jtag_uart_to_counter_bsp/\libhal_bsp.a(alt_putchar.o) (altera_avalon_jtag_uart_write)
../jtag_uart_to_counter_bsp/\libhal_bsp.a(alt_dcache_flush_all.o)
                              ../jtag_uart_to_counter_bsp/\libhal_bsp.a(alt_load.o) (alt_dcache_flush_all)
../jtag_uart_to_counter_bsp/\libhal_bsp.a(alt_dev.o)
                              ../jtag_uart_to_counter_bsp/\libhal_bsp.a(alt_getchar.o) (alt_fd_list)
../jtag_uart_to_counter_bsp/\libhal_bsp.a(alt_icache_flush_all.o)
                              ../jtag_uart_to_counter_bsp/\libhal_bsp.a(alt_load.o) (alt_icache_flush_all)
../jtag_uart_to_counter_bsp/\libhal_bsp.a(altera_nios2_qsys_irq.o)
                              ../jtag_uart_to_counter_bsp/\libhal_bsp.a(alt_sys_init.o) (altera_nios2_qsys_irq_init)

Memory Configuration

Name             Origin             Length             Attributes
reset            0x00000000         0x00000020
memory           0x00000020         0x00001fe0
*default*        0x00000000         0xffffffff

Linker script and memory map

LOAD ../jtag_uart_to_counter_bsp//obj/HAL/src/crt0.o
                0x0000000c                exit = _exit
LOAD obj/default/main.o
LOAD c:/altera/13.0/nios2eds/bin/gnu/h-i686-mingw32/bin/../lib/gcc/nios2-elf/4.1.2/../../../../nios2-elf/lib/mno-hw-mul\libstdc++.a
LOAD c:/altera/13.0/nios2eds/bin/gnu/h-i686-mingw32/bin/../lib/gcc/nios2-elf/4.1.2/../../../../nios2-elf/lib/mno-hw-mul\libm.a
LOAD c:/altera/13.0/nios2eds/bin/gnu/h-i686-mingw32/bin/../lib/gcc/nios2-elf/4.1.2/mno-hw-mul\libgcc.a
START GROUP
LOAD c:/altera/13.0/nios2eds/bin/gnu/h-i686-mingw32/bin/../lib/gcc/nios2-elf/4.1.2/../../../../nios2-elf/lib/mno-hw-mul\libsmallc.a
LOAD c:/altera/13.0/nios2eds/bin/gnu/h-i686-mingw32/bin/../lib/gcc/nios2-elf/4.1.2/mno-hw-mul\libgcc.a
LOAD ../jtag_uart_to_counter_bsp/\libhal_bsp.a
END GROUP
LOAD c:/altera/13.0/nios2eds/bin/gnu/h-i686-mingw32/bin/../lib/gcc/nios2-elf/4.1.2/mno-hw-mul\libgcc.a
                0x00000000                __alt_mem_memory = 0x0

.entry          0x00000000       0x20
 *(.entry)
 .entry         0x00000000       0x20 ../jtag_uart_to_counter_bsp//obj/HAL/src/crt0.o
                0x00000000                __reset
                0x0000000c                _exit

.exceptions     0x00000020        0x0
                0x00000020                PROVIDE (__ram_exceptions_start, ABSOLUTE (.))
                0x00000020                . = ALIGN (0x20)
 *(.irq)
 *(.exceptions.entry.label)
 *(.exceptions.entry.user)
 *(.exceptions.entry)
 *(.exceptions.irqtest.user)
 *(.exceptions.irqtest)
 *(.exceptions.irqhandler.user)
 *(.exceptions.irqhandler)
 *(.exceptions.irqreturn.user)
 *(.exceptions.irqreturn)
 *(.exceptions.notirq.label)
 *(.exceptions.notirq.user)
 *(.exceptions.notirq)
 *(.exceptions.soft.user)
 *(.exceptions.soft)
 *(.exceptions.unknown.user)
 *(.exceptions.unknown)
 *(.exceptions.exit.label)
 *(.exceptions.exit.user)
 *(.exceptions.exit)
 *(.exceptions)
                0x00000020                PROVIDE (__ram_exceptions_end, ABSOLUTE (.))
                0x00000020                PROVIDE (__flash_exceptions_start, LOADADDR (.exceptions))

.text           0x00000020      0x278
                0x00000020                PROVIDE (stext, ABSOLUTE (.))
 *(.interp)
 *(.hash)
 *(.dynsym)
 *(.dynstr)
 *(.gnu.version)
 *(.gnu.version_d)
 *(.gnu.version_r)
 *(.rel.init)
 *(.rela.init)
 *(.rel.text .rel.text.* .rel.gnu.linkonce.t.*)
 *(.rela.text .rela.text.* .rela.gnu.linkonce.t.*)
 *(.rel.fini)
 *(.rela.fini)
 *(.rel.rodata .rel.rodata.* .rel.gnu.linkonce.r.*)
 *(.rela.rodata .rela.rodata.* .rela.gnu.linkonce.r.*)
 *(.rel.data .rel.data.* .rel.gnu.linkonce.d.*)
 *(.rela.data .rela.data.* .rela.gnu.linkonce.d.*)
 *(.rel.tdata .rel.tdata.* .rel.gnu.linkonce.td.*)
 *(.rela.tdata .rela.tdata.* .rela.gnu.linkonce.td.*)
 *(.rel.tbss .rel.tbss.* .rel.gnu.linkonce.tb.*)
 *(.rela.tbss .rela.tbss.* .rela.gnu.linkonce.tb.*)
 *(.rel.ctors)
 *(.rela.ctors)
 *(.rel.dtors)
 *(.rela.dtors)
 *(.rel.got)
 *(.rela.got)
 *(.rel.sdata .rel.sdata.* .rel.gnu.linkonce.s.*)
 *(.rela.sdata .rela.sdata.* .rela.gnu.linkonce.s.*)
 *(.rel.sbss .rel.sbss.* .rel.gnu.linkonce.sb.*)
 *(.rela.sbss .rela.sbss.* .rela.gnu.linkonce.sb.*)
 *(.rel.sdata2 .rel.sdata2.* .rel.gnu.linkonce.s2.*)
 *(.rela.sdata2 .rela.sdata2.* .rela.gnu.linkonce.s2.*)
 *(.rel.sbss2 .rel.sbss2.* .rel.gnu.linkonce.sb2.*)
 *(.rela.sbss2 .rela.sbss2.* .rela.gnu.linkonce.sb2.*)
 *(.rel.bss .rel.bss.* .rel.gnu.linkonce.b.*)
 *(.rela.bss .rela.bss.* .rela.gnu.linkonce.b.*)
 *(.rel.plt)
 *(.rela.plt)
 *(.rel.dyn)
 *(.init)
 *(.plt)
 *(.text .stub .text.* .gnu.linkonce.t.*)
 .text          0x00000020       0x3c ../jtag_uart_to_counter_bsp//obj/HAL/src/crt0.o
                0x00000020                _start
 .text          0x0000005c       0x20 obj/default/main.o
                0x0000005c                main
 .text          0x0000007c       0x44 ../jtag_uart_to_counter_bsp/\libhal_bsp.a(alt_getchar.o)
                0x0000007c                alt_getchar
 .text          0x000000c0       0x8c ../jtag_uart_to_counter_bsp/\libhal_bsp.a(alt_load.o)
                0x000000e0                alt_load
 .text          0x0000014c       0x2c ../jtag_uart_to_counter_bsp/\libhal_bsp.a(alt_main.o)
                0x0000014c                alt_main
 .text          0x00000178       0x50 ../jtag_uart_to_counter_bsp/\libhal_bsp.a(alt_putchar.o)
                0x00000178                alt_putchar
 .text          0x000001c8       0x24 ../jtag_uart_to_counter_bsp/\libhal_bsp.a(alt_sys_init.o)
                0x000001c8                alt_sys_init
                0x000001cc                alt_irq_init
 .text          0x000001ec       0x60 ../jtag_uart_to_counter_bsp/\libhal_bsp.a(altera_avalon_jtag_uart_read.o)
                0x000001ec                altera_avalon_jtag_uart_read
 .text          0x0000024c       0x34 ../jtag_uart_to_counter_bsp/\libhal_bsp.a(altera_avalon_jtag_uart_write.o)
                0x0000024c                altera_avalon_jtag_uart_write
 .text          0x00000280        0x4 ../jtag_uart_to_counter_bsp/\libhal_bsp.a(alt_dcache_flush_all.o)
                0x00000280                alt_dcache_flush_all
 .text          0x00000284        0x8 ../jtag_uart_to_counter_bsp/\libhal_bsp.a(alt_dev.o)
 .text          0x0000028c        0x4 ../jtag_uart_to_counter_bsp/\libhal_bsp.a(alt_icache_flush_all.o)
                0x0000028c                alt_icache_flush_all
 .text          0x00000290        0x8 ../jtag_uart_to_counter_bsp/\libhal_bsp.a(altera_nios2_qsys_irq.o)
                0x00000290                altera_nios2_qsys_irq_init
 *(.gnu.warning.*)
 *(.fini)
                0x00000298                PROVIDE (__etext, ABSOLUTE (.))
                0x00000298                PROVIDE (_etext, ABSOLUTE (.))
                0x00000298                PROVIDE (etext, ABSOLUTE (.))
 *(.eh_frame_hdr)
                0x00000298                . = ALIGN (0x4)
                0x00000298                PROVIDE (__preinit_array_start, ABSOLUTE (.))
 *(.preinit_array)
                0x00000298                PROVIDE (__preinit_array_end, ABSOLUTE (.))
                0x00000298                PROVIDE (__init_array_start, ABSOLUTE (.))
 *(.init_array)
                0x00000298                PROVIDE (__init_array_end, ABSOLUTE (.))
                0x00000298                PROVIDE (__fini_array_start, ABSOLUTE (.))
 *(.fini_array)
                0x00000298                PROVIDE (__fini_array_end, ABSOLUTE (.))
 *(.eh_frame)
 *(.gcc_except_table)
 *(.dynamic)
                0x00000298                PROVIDE (__CTOR_LIST__, ABSOLUTE (.))
 *(.ctors)
 *(SORT(.ctors.*))
                0x00000298                PROVIDE (__CTOR_END__, ABSOLUTE (.))
                0x00000298                PROVIDE (__DTOR_LIST__, ABSOLUTE (.))
 *(.dtors)
 *(SORT(.dtors.*))
                0x00000298                PROVIDE (__DTOR_END__, ABSOLUTE (.))
 *(.jcr)
                0x00000298                . = ALIGN (0x4)

.rodata         0x00000298        0xc
                0x00000298                PROVIDE (__ram_rodata_start, ABSOLUTE (.))
                0x00000298                . = ALIGN (0x4)
 *(.rodata .rodata.* .gnu.linkonce.r.*)
 .rodata.str1.1
                0x00000298        0xa ../jtag_uart_to_counter_bsp/\libhal_bsp.a(alt_dev.o)
 *(.rodata1)
                0x000002a4                . = ALIGN (0x4)
 *fill*         0x000002a2        0x2 00
                0x000002a4                PROVIDE (__ram_rodata_end, ABSOLUTE (.))
                0x00000298                PROVIDE (__flash_rodata_start, LOADADDR (.rodata))

.rwdata         0x000002a4       0x70 load address 0x00000314
                0x000002a4                PROVIDE (__ram_rwdata_start, ABSOLUTE (.))
                0x000002a4                . = ALIGN (0x4)
 *(.got.plt)
 *(.got)
 *(.data1)
 *(.data .data.* .gnu.linkonce.d.*)
 .data          0x000002a4        0x0 ../jtag_uart_to_counter_bsp//obj/HAL/src/crt0.o
 .data          0x000002a4        0x0 obj/default/main.o
 .data          0x000002a4        0x0 ../jtag_uart_to_counter_bsp/\libhal_bsp.a(alt_getchar.o)
 .data          0x000002a4        0x0 ../jtag_uart_to_counter_bsp/\libhal_bsp.a(alt_load.o)
 .data          0x000002a4        0x0 ../jtag_uart_to_counter_bsp/\libhal_bsp.a(alt_main.o)
 .data          0x000002a4        0x0 ../jtag_uart_to_counter_bsp/\libhal_bsp.a(alt_putchar.o)
 .data          0x000002a4        0x0 ../jtag_uart_to_counter_bsp/\libhal_bsp.a(alt_sys_init.o)
 .data          0x000002a4        0x0 ../jtag_uart_to_counter_bsp/\libhal_bsp.a(altera_avalon_jtag_uart_read.o)
 .data          0x000002a4        0x0 ../jtag_uart_to_counter_bsp/\libhal_bsp.a(altera_avalon_jtag_uart_write.o)
 .data          0x000002a4        0x0 ../jtag_uart_to_counter_bsp/\libhal_bsp.a(alt_dcache_flush_all.o)
 .data          0x000002a4       0x58 ../jtag_uart_to_counter_bsp/\libhal_bsp.a(alt_dev.o)
                0x000002a4                alt_dev_null
                0x000002cc                alt_fd_list
 .data          0x000002fc        0x0 ../jtag_uart_to_counter_bsp/\libhal_bsp.a(alt_icache_flush_all.o)
 .data          0x000002fc        0x0 ../jtag_uart_to_counter_bsp/\libhal_bsp.a(altera_nios2_qsys_irq.o)
                0x000082fc                _gp = ABSOLUTE ((. + 0x8000))
                0x000082fc                PROVIDE (gp, _gp)
 *(.rwdata .rwdata.*)
 *(.sdata .sdata.* .gnu.linkonce.s.*)
 .sdata         0x000002fc        0x4 ../jtag_uart_to_counter_bsp/\libhal_bsp.a(alt_sys_init.o)
                0x000002fc                jtag_uart
 .sdata         0x00000300       0x14 ../jtag_uart_to_counter_bsp/\libhal_bsp.a(alt_dev.o)
                0x00000300                alt_fs_list
                0x00000308                alt_dev_list
                0x00000310                alt_max_fd
 *(.sdata2 .sdata2.* .gnu.linkonce.s2.*)
                0x00000314                . = ALIGN (0x4)
                0x00000314                _edata = ABSOLUTE (.)
                0x00000314                PROVIDE (edata, ABSOLUTE (.))
                0x00000314                PROVIDE (__ram_rwdata_end, ABSOLUTE (.))
                0x00000314                PROVIDE (__flash_rwdata_start, LOADADDR (.rwdata))

.bss            0x00000384        0xc
                0x00000384                __bss_start = ABSOLUTE (.)
                0x00000384                PROVIDE (__sbss_start, ABSOLUTE (.))
                0x00000384                PROVIDE (___sbss_start, ABSOLUTE (.))
 *(.dynsbss)
 *(.sbss .sbss.* .gnu.linkonce.sb.*)
 .sbss          0x00000384        0xc ../jtag_uart_to_counter_bsp/\libhal_bsp.a(alt_main.o)
                0x00000384                alt_argc
                0x00000388                alt_argv
                0x0000038c                alt_envp
 *(.sbss2 .sbss2.* .gnu.linkonce.sb2.*)
 *(.scommon)
                0x00000390                PROVIDE (__sbss_end, ABSOLUTE (.))
                0x00000390                PROVIDE (___sbss_end, ABSOLUTE (.))
 *(.dynbss)
 *(.bss .bss.* .gnu.linkonce.b.*)
 .bss           0x00000390        0x0 ../jtag_uart_to_counter_bsp//obj/HAL/src/crt0.o
 .bss           0x00000390        0x0 obj/default/main.o
 .bss           0x00000390        0x0 ../jtag_uart_to_counter_bsp/\libhal_bsp.a(alt_getchar.o)
 .bss           0x00000390        0x0 ../jtag_uart_to_counter_bsp/\libhal_bsp.a(alt_load.o)
 .bss           0x00000390        0x0 ../jtag_uart_to_counter_bsp/\libhal_bsp.a(alt_main.o)
 .bss           0x00000390        0x0 ../jtag_uart_to_counter_bsp/\libhal_bsp.a(alt_putchar.o)
 .bss           0x00000390        0x0 ../jtag_uart_to_counter_bsp/\libhal_bsp.a(alt_sys_init.o)
 .bss           0x00000390        0x0 ../jtag_uart_to_counter_bsp/\libhal_bsp.a(altera_avalon_jtag_uart_read.o)
 .bss           0x00000390        0x0 ../jtag_uart_to_counter_bsp/\libhal_bsp.a(altera_avalon_jtag_uart_write.o)
 .bss           0x00000390        0x0 ../jtag_uart_to_counter_bsp/\libhal_bsp.a(alt_dcache_flush_all.o)
 .bss           0x00000390        0x0 ../jtag_uart_to_counter_bsp/\libhal_bsp.a(alt_dev.o)
 .bss           0x00000390        0x0 ../jtag_uart_to_counter_bsp/\libhal_bsp.a(alt_icache_flush_all.o)
 .bss           0x00000390        0x0 ../jtag_uart_to_counter_bsp/\libhal_bsp.a(altera_nios2_qsys_irq.o)
 *(COMMON)
                0x00000390                . = ALIGN (0x4)
                0x00000390                __bss_end = ABSOLUTE (.)

.memory         0x00000390        0x0
                0x00000390                PROVIDE (_alt_partition_memory_start, ABSOLUTE (.))
 *(.memory. memory.*)
                0x00000390                . = ALIGN (0x4)
                0x00000390                PROVIDE (_alt_partition_memory_end, ABSOLUTE (.))
                0x00000390                _end = ABSOLUTE (.)
                0x00000390                end = ABSOLUTE (.)
                0x00000390                __alt_stack_base = ABSOLUTE (.)
                0x00000390                PROVIDE (_alt_partition_memory_load_addr, LOADADDR (.memory))

.stab
 *(.stab)

.stabstr
 *(.stabstr)

.stab.excl
 *(.stab.excl)

.stab.exclstr
 *(.stab.exclstr)

.stab.index
 *(.stab.index)

.stab.indexstr
 *(.stab.indexstr)

.comment        0x00000000       0x23
 *(.comment)
 .comment       0x00000000       0x23 obj/default/main.o
                                 0x24 (size before relaxing)
 .comment       0x00000000       0x24 ../jtag_uart_to_counter_bsp/\libhal_bsp.a(alt_getchar.o)
 .comment       0x00000000       0x24 ../jtag_uart_to_counter_bsp/\libhal_bsp.a(alt_load.o)
 .comment       0x00000000       0x24 ../jtag_uart_to_counter_bsp/\libhal_bsp.a(alt_main.o)
 .comment       0x00000000       0x24 ../jtag_uart_to_counter_bsp/\libhal_bsp.a(alt_putchar.o)
 .comment       0x00000000       0x24 ../jtag_uart_to_counter_bsp/\libhal_bsp.a(alt_sys_init.o)
 .comment       0x00000000       0x24 ../jtag_uart_to_counter_bsp/\libhal_bsp.a(altera_avalon_jtag_uart_read.o)
 .comment       0x00000000       0x24 ../jtag_uart_to_counter_bsp/\libhal_bsp.a(altera_avalon_jtag_uart_write.o)
 .comment       0x00000000       0x24 ../jtag_uart_to_counter_bsp/\libhal_bsp.a(alt_dcache_flush_all.o)
 .comment       0x00000000       0x24 ../jtag_uart_to_counter_bsp/\libhal_bsp.a(alt_dev.o)
 .comment       0x00000000       0x24 ../jtag_uart_to_counter_bsp/\libhal_bsp.a(alt_icache_flush_all.o)
 .comment       0x00000000       0x24 ../jtag_uart_to_counter_bsp/\libhal_bsp.a(altera_nios2_qsys_irq.o)

.debug
 *(.debug)

.line
 *(.line)

.debug_srcinfo
 *(.debug_srcinfo)

.debug_sfnames
 *(.debug_sfnames)

.debug_aranges  0x00000000      0x1a8
 *(.debug_aranges)
 .debug_aranges
                0x00000000       0x28 ../jtag_uart_to_counter_bsp//obj/HAL/src/crt0.o
 .debug_aranges
                0x00000028       0x20 obj/default/main.o
 .debug_aranges
                0x00000048       0x20 ../jtag_uart_to_counter_bsp/\libhal_bsp.a(alt_getchar.o)
 .debug_aranges
                0x00000068       0x20 ../jtag_uart_to_counter_bsp/\libhal_bsp.a(alt_load.o)
 .debug_aranges
                0x00000088       0x20 ../jtag_uart_to_counter_bsp/\libhal_bsp.a(alt_main.o)
 .debug_aranges
                0x000000a8       0x20 ../jtag_uart_to_counter_bsp/\libhal_bsp.a(alt_putchar.o)
 .debug_aranges
                0x000000c8       0x20 ../jtag_uart_to_counter_bsp/\libhal_bsp.a(alt_sys_init.o)
 .debug_aranges
                0x000000e8       0x20 ../jtag_uart_to_counter_bsp/\libhal_bsp.a(altera_avalon_jtag_uart_read.o)
 .debug_aranges
                0x00000108       0x20 ../jtag_uart_to_counter_bsp/\libhal_bsp.a(altera_avalon_jtag_uart_write.o)
 .debug_aranges
                0x00000128       0x20 ../jtag_uart_to_counter_bsp/\libhal_bsp.a(alt_dcache_flush_all.o)
 .debug_aranges
                0x00000148       0x20 ../jtag_uart_to_counter_bsp/\libhal_bsp.a(alt_dev.o)
 .debug_aranges
                0x00000168       0x20 ../jtag_uart_to_counter_bsp/\libhal_bsp.a(alt_icache_flush_all.o)
 .debug_aranges
                0x00000188       0x20 ../jtag_uart_to_counter_bsp/\libhal_bsp.a(altera_nios2_qsys_irq.o)

.debug_pubnames
                0x00000000      0x257
 *(.debug_pubnames)
 .debug_pubnames
                0x00000000       0x1b obj/default/main.o
 .debug_pubnames
                0x0000001b       0x22 ../jtag_uart_to_counter_bsp/\libhal_bsp.a(alt_getchar.o)
 .debug_pubnames
                0x0000003d       0x1f ../jtag_uart_to_counter_bsp/\libhal_bsp.a(alt_load.o)
 .debug_pubnames
                0x0000005c       0x46 ../jtag_uart_to_counter_bsp/\libhal_bsp.a(alt_main.o)
 .debug_pubnames
                0x000000a2       0x22 ../jtag_uart_to_counter_bsp/\libhal_bsp.a(alt_putchar.o)
 .debug_pubnames
                0x000000c4       0x42 ../jtag_uart_to_counter_bsp/\libhal_bsp.a(alt_sys_init.o)
 .debug_pubnames
                0x00000106       0x33 ../jtag_uart_to_counter_bsp/\libhal_bsp.a(altera_avalon_jtag_uart_read.o)
 .debug_pubnames
                0x00000139       0x34 ../jtag_uart_to_counter_bsp/\libhal_bsp.a(altera_avalon_jtag_uart_write.o)
 .debug_pubnames
                0x0000016d       0x2b ../jtag_uart_to_counter_bsp/\libhal_bsp.a(alt_dcache_flush_all.o)
 .debug_pubnames
                0x00000198       0x63 ../jtag_uart_to_counter_bsp/\libhal_bsp.a(alt_dev.o)
 .debug_pubnames
                0x000001fb       0x2b ../jtag_uart_to_counter_bsp/\libhal_bsp.a(alt_icache_flush_all.o)
 .debug_pubnames
                0x00000226       0x31 ../jtag_uart_to_counter_bsp/\libhal_bsp.a(altera_nios2_qsys_irq.o)

.debug_info     0x00000000     0x124b
 *(.debug_info .gnu.linkonce.wi.*)
 .debug_info    0x00000000       0x9b ../jtag_uart_to_counter_bsp//obj/HAL/src/crt0.o
 .debug_info    0x0000009b       0x5c obj/default/main.o
 .debug_info    0x000000f7      0x300 ../jtag_uart_to_counter_bsp/\libhal_bsp.a(alt_getchar.o)
 .debug_info    0x000003f7      0x12e ../jtag_uart_to_counter_bsp/\libhal_bsp.a(alt_load.o)
 .debug_info    0x00000525      0x125 ../jtag_uart_to_counter_bsp/\libhal_bsp.a(alt_main.o)
 .debug_info    0x0000064a       0xc5 ../jtag_uart_to_counter_bsp/\libhal_bsp.a(alt_putchar.o)
 .debug_info    0x0000070f      0x17d ../jtag_uart_to_counter_bsp/\libhal_bsp.a(alt_sys_init.o)
 .debug_info    0x0000088c      0x1ac ../jtag_uart_to_counter_bsp/\libhal_bsp.a(altera_avalon_jtag_uart_read.o)
 .debug_info    0x00000a38      0x18f ../jtag_uart_to_counter_bsp/\libhal_bsp.a(altera_avalon_jtag_uart_write.o)
 .debug_info    0x00000bc7       0x8d ../jtag_uart_to_counter_bsp/\libhal_bsp.a(alt_dcache_flush_all.o)
 .debug_info    0x00000c54      0x4dd ../jtag_uart_to_counter_bsp/\libhal_bsp.a(alt_dev.o)
 .debug_info    0x00001131       0x8d ../jtag_uart_to_counter_bsp/\libhal_bsp.a(alt_icache_flush_all.o)
 .debug_info    0x000011be       0x8d ../jtag_uart_to_counter_bsp/\libhal_bsp.a(altera_nios2_qsys_irq.o)

.debug_abbrev   0x00000000      0x74d
 *(.debug_abbrev)
 .debug_abbrev  0x00000000       0x12 ../jtag_uart_to_counter_bsp//obj/HAL/src/crt0.o
 .debug_abbrev  0x00000012       0x50 obj/default/main.o
 .debug_abbrev  0x00000062       0xdd ../jtag_uart_to_counter_bsp/\libhal_bsp.a(alt_getchar.o)
 .debug_abbrev  0x0000013f       0x97 ../jtag_uart_to_counter_bsp/\libhal_bsp.a(alt_load.o)
 .debug_abbrev  0x000001d6       0xa6 ../jtag_uart_to_counter_bsp/\libhal_bsp.a(alt_main.o)
 .debug_abbrev  0x0000027c       0x7b ../jtag_uart_to_counter_bsp/\libhal_bsp.a(alt_putchar.o)
 .debug_abbrev  0x000002f7       0xe3 ../jtag_uart_to_counter_bsp/\libhal_bsp.a(alt_sys_init.o)
 .debug_abbrev  0x000003da       0xf0 ../jtag_uart_to_counter_bsp/\libhal_bsp.a(altera_avalon_jtag_uart_read.o)
 .debug_abbrev  0x000004ca       0xf0 ../jtag_uart_to_counter_bsp/\libhal_bsp.a(altera_avalon_jtag_uart_write.o)
 .debug_abbrev  0x000005ba       0x3f ../jtag_uart_to_counter_bsp/\libhal_bsp.a(alt_dcache_flush_all.o)
 .debug_abbrev  0x000005f9       0xd6 ../jtag_uart_to_counter_bsp/\libhal_bsp.a(alt_dev.o)
 .debug_abbrev  0x000006cf       0x3f ../jtag_uart_to_counter_bsp/\libhal_bsp.a(alt_icache_flush_all.o)
 .debug_abbrev  0x0000070e       0x3f ../jtag_uart_to_counter_bsp/\libhal_bsp.a(altera_nios2_qsys_irq.o)

.debug_line     0x00000000     0x1a2f
 *(.debug_line)
 .debug_line    0x00000000       0x66 ../jtag_uart_to_counter_bsp//obj/HAL/src/crt0.o
 .debug_line    0x00000066       0xc7 obj/default/main.o
 .debug_line    0x0000012d      0x252 ../jtag_uart_to_counter_bsp/\libhal_bsp.a(alt_getchar.o)
 .debug_line    0x0000037f      0x211 ../jtag_uart_to_counter_bsp/\libhal_bsp.a(alt_load.o)
 .debug_line    0x00000590      0x2bc ../jtag_uart_to_counter_bsp/\libhal_bsp.a(alt_main.o)
 .debug_line    0x0000084c      0x1ec ../jtag_uart_to_counter_bsp/\libhal_bsp.a(alt_putchar.o)
 .debug_line    0x00000a38      0x280 ../jtag_uart_to_counter_bsp/\libhal_bsp.a(alt_sys_init.o)
 .debug_line    0x00000cb8      0x31d ../jtag_uart_to_counter_bsp/\libhal_bsp.a(altera_avalon_jtag_uart_read.o)
 .debug_line    0x00000fd5      0x2ee ../jtag_uart_to_counter_bsp/\libhal_bsp.a(altera_avalon_jtag_uart_write.o)
 .debug_line    0x000012c3      0x1af ../jtag_uart_to_counter_bsp/\libhal_bsp.a(alt_dcache_flush_all.o)
 .debug_line    0x00001472      0x246 ../jtag_uart_to_counter_bsp/\libhal_bsp.a(alt_dev.o)
 .debug_line    0x000016b8      0x1af ../jtag_uart_to_counter_bsp/\libhal_bsp.a(alt_icache_flush_all.o)
 .debug_line    0x00001867      0x1c8 ../jtag_uart_to_counter_bsp/\libhal_bsp.a(altera_nios2_qsys_irq.o)

.debug_frame    0x00000000      0x1d4
 *(.debug_frame)
 .debug_frame   0x00000000       0x28 obj/default/main.o
 .debug_frame   0x00000028       0x28 ../jtag_uart_to_counter_bsp/\libhal_bsp.a(alt_getchar.o)
 .debug_frame   0x00000050       0x38 ../jtag_uart_to_counter_bsp/\libhal_bsp.a(alt_load.o)
 .debug_frame   0x00000088       0x28 ../jtag_uart_to_counter_bsp/\libhal_bsp.a(alt_main.o)
 .debug_frame   0x000000b0       0x2c ../jtag_uart_to_counter_bsp/\libhal_bsp.a(alt_putchar.o)
 .debug_frame   0x000000dc       0x38 ../jtag_uart_to_counter_bsp/\libhal_bsp.a(alt_sys_init.o)
 .debug_frame   0x00000114       0x20 ../jtag_uart_to_counter_bsp/\libhal_bsp.a(altera_avalon_jtag_uart_read.o)
 .debug_frame   0x00000134       0x20 ../jtag_uart_to_counter_bsp/\libhal_bsp.a(altera_avalon_jtag_uart_write.o)
 .debug_frame   0x00000154       0x20 ../jtag_uart_to_counter_bsp/\libhal_bsp.a(alt_dcache_flush_all.o)
 .debug_frame   0x00000174       0x20 ../jtag_uart_to_counter_bsp/\libhal_bsp.a(alt_dev.o)
 .debug_frame   0x00000194       0x20 ../jtag_uart_to_counter_bsp/\libhal_bsp.a(alt_icache_flush_all.o)
 .debug_frame   0x000001b4       0x20 ../jtag_uart_to_counter_bsp/\libhal_bsp.a(altera_nios2_qsys_irq.o)

.debug_str      0x00000000      0x657
 *(.debug_str)
 .debug_str     0x00000000       0x72 obj/default/main.o
                                 0x83 (size before relaxing)
 .debug_str     0x00000072      0x19c ../jtag_uart_to_counter_bsp/\libhal_bsp.a(alt_getchar.o)
                                0x1f7 (size before relaxing)
 .debug_str     0x0000020e       0xf1 ../jtag_uart_to_counter_bsp/\libhal_bsp.a(alt_load.o)
                                0x1f0 (size before relaxing)
 .debug_str     0x000002ff       0x44 ../jtag_uart_to_counter_bsp/\libhal_bsp.a(alt_main.o)
                                0x174 (size before relaxing)
 .debug_str     0x00000343       0x22 ../jtag_uart_to_counter_bsp/\libhal_bsp.a(alt_putchar.o)
                                0x14b (size before relaxing)
 .debug_str     0x00000365       0x85 ../jtag_uart_to_counter_bsp/\libhal_bsp.a(alt_sys_init.o)
                                0x1e7 (size before relaxing)
 .debug_str     0x000003ea       0x5a ../jtag_uart_to_counter_bsp/\libhal_bsp.a(altera_avalon_jtag_uart_read.o)
                                0x1f6 (size before relaxing)
 .debug_str     0x00000444       0x50 ../jtag_uart_to_counter_bsp/\libhal_bsp.a(altera_avalon_jtag_uart_write.o)
                                0x1ec (size before relaxing)
 .debug_str     0x00000494       0x34 ../jtag_uart_to_counter_bsp/\libhal_bsp.a(alt_dcache_flush_all.o)
                                0x133 (size before relaxing)
 .debug_str     0x000004c8      0x120 ../jtag_uart_to_counter_bsp/\libhal_bsp.a(alt_dev.o)
                                0x2e3 (size before relaxing)
 .debug_str     0x000005e8       0x34 ../jtag_uart_to_counter_bsp/\libhal_bsp.a(alt_icache_flush_all.o)
                                0x133 (size before relaxing)
 .debug_str     0x0000061c       0x3b ../jtag_uart_to_counter_bsp/\libhal_bsp.a(altera_nios2_qsys_irq.o)
                                0x13a (size before relaxing)

.debug_loc      0x00000000      0x142
 *(.debug_loc)
 .debug_loc     0x00000000       0x1f obj/default/main.o
 .debug_loc     0x0000001f       0x1f ../jtag_uart_to_counter_bsp/\libhal_bsp.a(alt_getchar.o)
 .debug_loc     0x0000003e       0x1f ../jtag_uart_to_counter_bsp/\libhal_bsp.a(alt_load.o)
 .debug_loc     0x0000005d       0x1f ../jtag_uart_to_counter_bsp/\libhal_bsp.a(alt_main.o)
 .debug_loc     0x0000007c       0x3d ../jtag_uart_to_counter_bsp/\libhal_bsp.a(alt_putchar.o)
 .debug_loc     0x000000b9       0x32 ../jtag_uart_to_counter_bsp/\libhal_bsp.a(alt_sys_init.o)
 .debug_loc     0x000000eb       0x31 ../jtag_uart_to_counter_bsp/\libhal_bsp.a(altera_avalon_jtag_uart_read.o)
 .debug_loc     0x0000011c       0x26 ../jtag_uart_to_counter_bsp/\libhal_bsp.a(altera_avalon_jtag_uart_write.o)

.debug_macinfo
 *(.debug_macinfo)

.debug_weaknames
 *(.debug_weaknames)

.debug_funcnames
 *(.debug_funcnames)

.debug_typenames
 *(.debug_typenames)

.debug_varnames
 *(.debug_varnames)

.debug_alt_sim_info
                0x00000000       0x10
 *(.debug_alt_sim_info)
 .debug_alt_sim_info
                0x00000000       0x10 ../jtag_uart_to_counter_bsp//obj/HAL/src/crt0.o
                0x00002000                __alt_data_end = 0x2000
                0x00002000                PROVIDE (__alt_stack_pointer, __alt_data_end)
                0x00000390                PROVIDE (__alt_stack_limit, __alt_stack_base)
                0x00000390                PROVIDE (__alt_heap_start, end)
                0x00002000                PROVIDE (__alt_heap_limit, 0x2000)
OUTPUT(jtag_uart_to_counter.elf elf32-littlenios2)

.debug_ranges   0x00000000       0x20
 .debug_ranges  0x00000000       0x20 ../jtag_uart_to_counter_bsp//obj/HAL/src/crt0.o
