Archive member included because of file (symbol)

c:/altera/13.0sp1/nios2eds/bin/gnu/h-i686-mingw32/bin/../lib/gcc/nios2-elf/4.1.2\libgcc.a(_fixunsdfsi.o)
                              obj/default/dm9000a.o (__fixunsdfsi)
c:/altera/13.0sp1/nios2eds/bin/gnu/h-i686-mingw32/bin/../lib/gcc/nios2-elf/4.1.2\libgcc.a(_addsub_df.o)
                              c:/altera/13.0sp1/nios2eds/bin/gnu/h-i686-mingw32/bin/../lib/gcc/nios2-elf/4.1.2\libgcc.a(_fixunsdfsi.o) (__subdf3)
c:/altera/13.0sp1/nios2eds/bin/gnu/h-i686-mingw32/bin/../lib/gcc/nios2-elf/4.1.2\libgcc.a(_mul_df.o)
                              obj/default/dm9000a.o (__muldf3)
c:/altera/13.0sp1/nios2eds/bin/gnu/h-i686-mingw32/bin/../lib/gcc/nios2-elf/4.1.2\libgcc.a(_ge_df.o)
                              c:/altera/13.0sp1/nios2eds/bin/gnu/h-i686-mingw32/bin/../lib/gcc/nios2-elf/4.1.2\libgcc.a(_fixunsdfsi.o) (__gedf2)
c:/altera/13.0sp1/nios2eds/bin/gnu/h-i686-mingw32/bin/../lib/gcc/nios2-elf/4.1.2\libgcc.a(_df_to_si.o)
                              c:/altera/13.0sp1/nios2eds/bin/gnu/h-i686-mingw32/bin/../lib/gcc/nios2-elf/4.1.2\libgcc.a(_fixunsdfsi.o) (__fixdfsi)
c:/altera/13.0sp1/nios2eds/bin/gnu/h-i686-mingw32/bin/../lib/gcc/nios2-elf/4.1.2\libgcc.a(_thenan_df.o)
                              c:/altera/13.0sp1/nios2eds/bin/gnu/h-i686-mingw32/bin/../lib/gcc/nios2-elf/4.1.2\libgcc.a(_addsub_df.o) (__thenan_df)
c:/altera/13.0sp1/nios2eds/bin/gnu/h-i686-mingw32/bin/../lib/gcc/nios2-elf/4.1.2\libgcc.a(_usi_to_df.o)
                              obj/default/dm9000a.o (__floatunsidf)
c:/altera/13.0sp1/nios2eds/bin/gnu/h-i686-mingw32/bin/../lib/gcc/nios2-elf/4.1.2\libgcc.a(_muldi3.o)
                              c:/altera/13.0sp1/nios2eds/bin/gnu/h-i686-mingw32/bin/../lib/gcc/nios2-elf/4.1.2\libgcc.a(_mul_df.o) (__muldi3)
c:/altera/13.0sp1/nios2eds/bin/gnu/h-i686-mingw32/bin/../lib/gcc/nios2-elf/4.1.2\libgcc.a(_clzsi2.o)
                              c:/altera/13.0sp1/nios2eds/bin/gnu/h-i686-mingw32/bin/../lib/gcc/nios2-elf/4.1.2\libgcc.a(_usi_to_df.o) (__clzsi2)
c:/altera/13.0sp1/nios2eds/bin/gnu/h-i686-mingw32/bin/../lib/gcc/nios2-elf/4.1.2\libgcc.a(_pack_df.o)
                              c:/altera/13.0sp1/nios2eds/bin/gnu/h-i686-mingw32/bin/../lib/gcc/nios2-elf/4.1.2\libgcc.a(_addsub_df.o) (__pack_d)
c:/altera/13.0sp1/nios2eds/bin/gnu/h-i686-mingw32/bin/../lib/gcc/nios2-elf/4.1.2\libgcc.a(_unpack_df.o)
                              c:/altera/13.0sp1/nios2eds/bin/gnu/h-i686-mingw32/bin/../lib/gcc/nios2-elf/4.1.2\libgcc.a(_addsub_df.o) (__unpack_d)
c:/altera/13.0sp1/nios2eds/bin/gnu/h-i686-mingw32/bin/../lib/gcc/nios2-elf/4.1.2\libgcc.a(_fpcmp_parts_df.o)
                              c:/altera/13.0sp1/nios2eds/bin/gnu/h-i686-mingw32/bin/../lib/gcc/nios2-elf/4.1.2\libgcc.a(_ge_df.o) (__fpcmp_parts_d)
c:/altera/13.0sp1/nios2eds/bin/gnu/h-i686-mingw32/bin/../lib/gcc/nios2-elf/4.1.2\libgcc.a(_clz.o)
                              c:/altera/13.0sp1/nios2eds/bin/gnu/h-i686-mingw32/bin/../lib/gcc/nios2-elf/4.1.2\libgcc.a(_clzsi2.o) (__clz_tab)
c:/altera/13.0sp1/nios2eds/bin/gnu/h-i686-mingw32/bin/../lib/gcc/nios2-elf/4.1.2/../../../../nios2-elf/lib\libc.a(lib_a-ctype_.o)
                              obj/default/network_utilities.o (__ctype_ptr)
c:/altera/13.0sp1/nios2eds/bin/gnu/h-i686-mingw32/bin/../lib/gcc/nios2-elf/4.1.2/../../../../nios2-elf/lib\libc.a(lib_a-exit.o)
                              obj/default/iniche_init.o (exit)
c:/altera/13.0sp1/nios2eds/bin/gnu/h-i686-mingw32/bin/../lib/gcc/nios2-elf/4.1.2/../../../../nios2-elf/lib\libc.a(lib_a-fprintf.o)
                              obj/default/alt_error_handler.o (fprintf)
c:/altera/13.0sp1/nios2eds/bin/gnu/h-i686-mingw32/bin/../lib/gcc/nios2-elf/4.1.2/../../../../nios2-elf/lib\libc.a(lib_a-fwrite.o)
                              obj/default/alt_error_handler.o (fwrite)
c:/altera/13.0sp1/nios2eds/bin/gnu/h-i686-mingw32/bin/../lib/gcc/nios2-elf/4.1.2/../../../../nios2-elf/lib\libc.a(lib_a-getc.o)
                              obj/default/network_utilities.o (getc)
c:/altera/13.0sp1/nios2eds/bin/gnu/h-i686-mingw32/bin/../lib/gcc/nios2-elf/4.1.2/../../../../nios2-elf/lib\libc.a(lib_a-impure.o)
                              obj/default/alt_error_handler.o (_impure_ptr)
c:/altera/13.0sp1/nios2eds/bin/gnu/h-i686-mingw32/bin/../lib/gcc/nios2-elf/4.1.2/../../../../nios2-elf/lib\libc.a(lib_a-memcpy.o)
                              obj/default/simple_socket_server.o (memcpy)
c:/altera/13.0sp1/nios2eds/bin/gnu/h-i686-mingw32/bin/../lib/gcc/nios2-elf/4.1.2/../../../../nios2-elf/lib\libc.a(lib_a-memmove.o)
                              obj/default/simple_socket_server.o (memmove)
c:/altera/13.0sp1/nios2eds/bin/gnu/h-i686-mingw32/bin/../lib/gcc/nios2-elf/4.1.2/../../../../nios2-elf/lib\libc.a(lib_a-memset.o)
                              obj/default/iniche_init.o (memset)
c:/altera/13.0sp1/nios2eds/bin/gnu/h-i686-mingw32/bin/../lib/gcc/nios2-elf/4.1.2/../../../../nios2-elf/lib\libc.a(lib_a-perror.o)
[...]
Memory Configuration

Name             Origin             Length             Attributes
sdram_0_BEFORE_EXCEPTION 0x00800000         0x00000020
sdram_0          0x00800020         0x007fffe0
reset            0x01400000         0x00000020
cfi_flash_0      0x01400020         0x003fffe0
sram_0           0x01a00000         0x00080000
epcs_controller  0x01a81800         0x00000800
*default*        0x00000000         0xffffffff

Linker script and memory map

LOAD ../simple_socket_bsp//obj/HAL/src/crt0.o
LOAD obj/default/LCD.o
LOAD obj/default/SSS_DE2_115.o
LOAD obj/default/alt_error_handler.o
LOAD obj/default/dm9000a.o
LOAD obj/default/iniche_init.o
LOAD obj/default/led.o
LOAD obj/default/network_utilities.o
LOAD obj/default/simple_socket_server.o
LOAD obj/default/tse_my_system.o
LOAD c:/altera/13.0sp1/nios2eds/bin/gnu/h-i686-mingw32/bin/../lib/gcc/nios2-elf/4.1.2/../../../../nios2-elf/lib\libstdc++.a
LOAD c:/altera/13.0sp1/nios2eds/bin/gnu/h-i686-mingw32/bin/../lib/gcc/nios2-elf/4.1.2/../../../../nios2-elf/lib\libm.a
LOAD c:/altera/13.0sp1/nios2eds/bin/gnu/h-i686-mingw32/bin/../lib/gcc/nios2-elf/4.1.2\libgcc.a
START GROUP
LOAD c:/altera/13.0sp1/nios2eds/bin/gnu/h-i686-mingw32/bin/../lib/gcc/nios2-elf/4.1.2/../../../../nios2-elf/lib\libc.a
LOAD c:/altera/13.0sp1/nios2eds/bin/gnu/h-i686-mingw32/bin/../lib/gcc/nios2-elf/4.1.2\libgcc.a
LOAD ../simple_socket_bsp/\libucosii_bsp.a
END GROUP
LOAD c:/altera/13.0sp1/nios2eds/bin/gnu/h-i686-mingw32/bin/../lib/gcc/nios2-elf/4.1.2\libgcc.a
                0x00800000                __alt_mem_sdram_0 = 0x800000
                0x01400000                __alt_mem_cfi_flash_0 = 0x1400000
                0x01a00000                __alt_mem_sram_0 = 0x1a00000
                0x01a81800                __alt_mem_epcs_controller = 0x1a81800

.entry          0x01400000        0x0
 *(.entry)
 .entry         0x01400000        0x0 ../simple_socket_bsp//obj/HAL/src/crt0.o
                0x01400000                __reset

.exceptions     0x00800020      0x19c
                0x00800020                PROVIDE (__ram_exceptions_start, ABSOLUTE (.))
                0x00800020                . = ALIGN (0x20)
 *(.irq)
 *(.exceptions.entry.label)
 .exceptions.entry.label
                0x00800020        0x0 ../simple_socket_bsp/\libucosii_bsp.a(alt_irq_entry.o)
                0x00800020                alt_irq_entry
 .exceptions.entry.label
                0x00800020        0x0 ../simple_socket_bsp/\libucosii_bsp.a(alt_exception_entry.o)
                0x00800020                alt_exception
 *(.exceptions.entry.user)
 *(.exceptions.entry)
 .exceptions.entry
                0x00800020       0x54 ../simple_socket_bsp/\libucosii_bsp.a(alt_exception_entry.o)
 *(.exceptions.irqtest.user)
 *(.exceptions.irqtest)
 .exceptions.irqtest
                0x00800074       0x10 ../simple_socket_bsp/\libucosii_bsp.a(alt_irq_entry.o)
 *(.exceptions.irqhandler.user)
 *(.exceptions.irqhandler)
 .exceptions.irqhandler
                0x00800084        0x4 ../simple_socket_bsp/\libucosii_bsp.a(alt_irq_entry.o)
 *(.exceptions.irqreturn.user)
 *(.exceptions.irqreturn)
 .exceptions.irqreturn
                0x00800088        0x4 ../simple_socket_bsp/\libucosii_bsp.a(alt_irq_entry.o)
 *(.exceptions.notirq.label)
 .exceptions.notirq.label
                0x0080008c        0x0 ../simple_socket_bsp/\libucosii_bsp.a(alt_irq_entry.o)
 *(.exceptions.notirq.user)
 *(.exceptions.notirq)
 .exceptions.notirq
                0x0080008c        0x8 ../simple_socket_bsp/\libucosii_bsp.a(alt_exception_entry.o)
 *(.exceptions.soft.user)
 *(.exceptions.soft)
 *(.exceptions.unknown.user)
 *(.exceptions.unknown)
 .exceptions.unknown
                0x00800094        0x4 ../simple_socket_bsp/\libucosii_bsp.a(alt_exception_entry.o)
 *(.exceptions.exit.label)
 .exceptions.exit.label
                0x00800098        0x0 ../simple_socket_bsp/\libucosii_bsp.a(alt_irq_entry.o)
 .exceptions.exit.label
                0x00800098        0x0 ../simple_socket_bsp/\libucosii_bsp.a(alt_exception_entry.o)
 *(.exceptions.exit.user)
 *(.exceptions.exit)
 .exceptions.exit
                0x00800098       0x54 ../simple_socket_bsp/\libucosii_bsp.a(alt_exception_entry.o)
 *(.exceptions)
 .exceptions    0x008000ec       0xd0 ../simple_socket_bsp/\libucosii_bsp.a(alt_irq_handler.o)
                0x008000ec                alt_irq_handler
                0x008001bc                PROVIDE (__ram_exceptions_end, ABSOLUTE (.))
                0x00800020                PROVIDE (__flash_exceptions_start, LOADADDR (.exceptions))

.text           0x008001bc    0x432a4
                0x008001bc                PROVIDE (stext, ABSOLUTE (.))
 *(.interp)
 *(.hash)
 *(.dynsym)
 *(.dynstr)
 *(.gnu.version)
 *(.gnu.version_d)
 *(.gnu.version_r)
 *(.rel.init)
 *(.rela.init)
 *(.rel.text .rel.text.* .rel.gnu.linkonce.t.*)
 *(.rela.text .rela.text.* .rela.gnu.linkonce.t.*)
 *(.rel.fini)
 *(.rela.fini)
 *(.rel.rodata .rel.rodata.* .rel.gnu.linkonce.r.*)
 *(.rela.rodata .rela.rodata.* .rela.gnu.linkonce.r.*)
 *(.rel.data .rel.data.* .rel.gnu.linkonce.d.*)
 *(.rela.data .rela.data.* .rela.gnu.linkonce.d.*)
 *(.rel.tdata .rel.tdata.* .rel.gnu.linkonce.td.*)
 *(.rela.tdata .rela.tdata.* .rela.gnu.linkonce.td.*)
 *(.rel.tbss .rel.tbss.* .rel.gnu.linkonce.tb.*)
 *(.rela.tbss .rela.tbss.* .rela.gnu.linkonce.tb.*)
 *(.rel.ctors)
 *(.rela.ctors)
 *(.rel.dtors)
 *(.rela.dtors)
 *(.rel.got)
 *(.rela.got)
 *(.rel.sdata .rel.sdata.* .rel.gnu.linkonce.s.*)
 *(.rela.sdata .rela.sdata.* .rela.gnu.linkonce.s.*)
 *(.rel.sbss .rel.sbss.* .rel.gnu.linkonce.sb.*)
 *(.rela.sbss .rela.sbss.* .rela.gnu.linkonce.sb.*)
 *(.rel.sdata2 .rel.sdata2.* .rel.gnu.linkonce.s2.*)
 *(.rela.sdata2 .rela.sdata2.* .rela.gnu.linkonce.s2.*)
 *(.rel.sbss2 .rel.sbss2.* .rel.gnu.linkonce.sb2.*)
 *(.rela.sbss2 .rela.sbss2.* .rela.gnu.linkonce.sb2.*)
 *(.rel.bss .rel.bss.* .rel.gnu.linkonce.b.*)
 *(.rela.bss .rela.bss.* .rela.gnu.linkonce.b.*)
 *(.rel.plt)
 *(.rela.plt)
 *(.rel.dyn)
 *(.init)
 *(.plt)
 *(.text .stub .text.* .gnu.linkonce.t.*)
 .text          0x008001bc       0x48 ../simple_socket_bsp//obj/HAL/src/crt0.o
                0x008001bc                _start
 .text          0x00800204      0x264 obj/default/LCD.o
                0x00800204                LCD_Init
                0x008002a0                LCD_Show_Text
                0x00800328                LCD_Line2
                0x00800364                LCD_Line1
                0x008003a0                LCD_Clear
                0x008003dc                LCD_Test
 .text          0x00800468      0x2ec obj/default/SSS_DE2_115.o
                0x00800468                get_DE2_115_mac_addr
                0x00800610                FindLastFlashSectorOffset
 .text          0x00800754      0xba8 obj/default/alt_error_handler.o
                0x00800754                alt_uCOSIIErrorHandler
                0x00800d78                alt_NetworkErrorHandler
                0x00801010                alt_SSSErrorHandler
 .text          0x008012fc      0xe48 obj/default/dm9000a.o
                0x008012fc                dm9000a_iow
                0x00801350                dm9000a_ior
                0x0080139c                phy_write
                0x00801438                dm9000a_reset
                0x008015fc                TransmitPacket
                0x00801718                prep_dm9000a
                0x00801934                dm9000a_init
                0x00801d84                dm9Ka_isr_wrap
                0x00801dc4                dm9ka_init
                0x00801ebc                dm9ka_close
                0x00801fcc                dm9ka_stats
                0x00802028                dm9ka_pkt_send
 .text          0x00802144      0x324 obj/default/iniche_init.o
                0x00802144                SSSInitialTask
                0x0080236c                main
 .text          0x00802468      0x324 obj/default/led.o
                0x00802468                led_bit_toggle
                0x00802534                LED7SegLightshowTask
                0x008025a8                LEDManagementTask
 .text          0x0080278c      0x89c obj/default/network_utilities.o
                0x0080278c                get_mac_addr
                0x008027e4                get_ip_addr
                0x008029b0                get_serial_number
                0x00802b8c                generate_and_store_mac_addr
                0x00802d58                generate_mac_addr
                0x00802e94                get_board_mac_addr
 .text          0x00803028      0x9f8 obj/default/simple_socket_server.o
                0x00803028                SSSCreateOSDataStructs
                0x008030d0                SSSCreateTasks
                0x00803194                sss_reset_connection
                0x00803204                sss_send_menu
                0x00803394                sss_handle_accept
                0x00803454                sss_exec_command
                0x008035c8                sss_handle_receive
                0x008037b4                SSSSimpleSocketServerTask
 .text          0x00803a20        0x0 obj/default/tse_my_system.o
 .text          0x00803a20       0xa4 c:/altera/13.0sp1/nios2eds/bin/gnu/h-i686-mingw32/bin/../lib/gcc/nios2-elf/4.1.2\libgcc.a(_fixunsdfsi.o)
                0x00803a20                __fixunsdfsi
 .text          0x00803ac4      0x504 c:/altera/13.0sp1/nios2eds/bin/gnu/h-i686-mingw32/bin/../lib/gcc/nios2-elf/4.1.2\libgcc.a(_addsub_df.o)
                0x00803ed4                __subdf3
                0x00803f54                __adddf3
 .text          0x00803fc8      0x3c4 c:/altera/13.0sp1/nios2eds/bin/gnu/h-i686-mingw32/bin/../lib/gcc/nios2-elf/4.1.2\libgcc.a(_mul_df.o)
                0x00803fc8                __muldf3
 .text          0x0080438c       0x88 c:/altera/13.0sp1/nios2eds/bin/gnu/h-i686-mingw32/bin/../lib/gcc/nios2-elf/4.1.2\libgcc.a(_ge_df.o)
                0x0080438c                __gedf2
 .text          0x00804414       0xd8 c:/altera/13.0sp1/nios2eds/bin/gnu/h-i686-mingw32/bin/../lib/gcc/nios2-elf/4.1.2\libgcc.a(_df_to_si.o)
                0x00804414                __fixdfsi
 .text          0x008044ec        0x0 c:/altera/13.0sp1/nios2eds/bin/gnu/h-i686-mingw32/bin/../lib/gcc/nios2-elf/4.1.2\libgcc.a(_thenan_df.o)
 .text          0x008044ec      0x194 c:/altera/13.0sp1/nios2eds/bin/gnu/h-i686-mingw32/bin/../lib/gcc/nios2-elf/4.1.2\libgcc.a(_usi_to_df.o)
                0x008044ec                __floatunsidf
 .text          0x00804680       0x98 c:/altera/13.0sp1/nios2eds/bin/gnu/h-i686-mingw32/bin/../lib/gcc/nios2-elf/4.1.2\libgcc.a(_muldi3.o)
                0x00804680                __muldi3
 .text          0x00804718       0x80 c:/altera/13.0sp1/nios2eds/bin/gnu/h-i686-mingw32/bin/../lib/gcc/nios2-elf/4.1.2\libgcc.a(_clzsi2.o)
                0x00804718                __clzsi2
 .text          0x00804798      0x314 c:/altera/13.0sp1/nios2eds/bin/gnu/h-i686-mingw32/bin/../lib/gcc/nios2-elf/4.1.2\libgcc.a(_pack_df.o)
                0x00804798                __pack_d
 .text          0x00804aac      0x138 c:/altera/13.0sp1/nios2eds/bin/gnu/h-i686-mingw32/bin/../lib/gcc/nios2-elf/4.1.2\libgcc.a(_unpack_df.o)
                0x00804aac                __unpack_d
 .text          0x00804be4       0xc8 c:/altera/13.0sp1/nios2eds/bin/gnu/h-i686-mingw32/bin/../lib/gcc/nios2-elf/4.1.2\libgcc.a(_fpcmp_parts_df.o)
                0x00804be4                __fpcmp_parts_d
 .text          0x00804cac        0x0 c:/altera/13.0sp1/nios2eds/bin/gnu/h-i686-mingw32/bin/../lib/gcc/nios2-elf/4.1.2\libgcc.a(_clz.o)
 .text          0x00804cac        0x0 c:/altera/13.0sp1/nios2eds/bin/gnu/h-i686-mingw32/bin/../lib/gcc/nios2-elf/4.1.2/../../../../nios2-elf/lib\libc.a(lib_a-ctype_.o)
 .text          0x00804cac       0x38 c:/altera/13.0sp1/nios2eds/bin/gnu/h-i686-mingw32/bin/../lib/gcc/nios2-elf/4.1.2/../../../../nios2-elf/lib\libc.a(lib_a-exit.o)
                0x00804cac                exit
 .text          0x00804ce4       0x60 c:/altera/13.0sp1/nios2eds/bin/gnu/h-i686-mingw32/bin/../lib/gcc/nios2-elf/4.1.2/../../../../nios2-elf/lib\libc.a(lib_a-fprintf.o)
                0x00804ce4                fprintf
                0x00804d10                _fprintf_r
 .text          0x00804d44       0xdc c:/altera/13.0sp1/nios2eds/bin/gnu/h-i686-mingw32/bin/../lib/gcc/nios2-elf/4.1.2/../../../../nios2-elf/lib\libc.a(lib_a-fwrite.o)
                0x00804d44                _fwrite_r
                0x00804de0                fwrite
 .text          0x00804e20      0x128 c:/altera/13.0sp1/nios2eds/bin/gnu/h-i686-mingw32/bin/../lib/gcc/nios2-elf/4.1.2/../../../../nios2-elf/lib\libc.a(lib_a-getc.o)
                0x00804e20                getc
                0x00804eb8                _getc_r
 .text          0x00804f48        0x0 c:/altera/13.0sp1/nios2eds/bin/gnu/h-i686-mingw32/bin/../lib/gcc/nios2-elf/4.1.2/../../../../nios2-elf/lib\libc.a(lib_a-impure.o)
 .text          0x00804f48       0xa0 c:/altera/13.0sp1/nios2eds/bin/gnu/h-i686-mingw32/bin/../lib/gcc/nios2-elf/4.1.2/../../../../nios2-elf/lib\libc.a(lib_a-memcpy.o)
                0x00804f48                memcpy
 .text          0x00804fe8       0xe0 c:/altera/13.0sp1/nios2eds/bin/gnu/h-i686-mingw32/bin/../lib/gcc/nios2-elf/4.1.2/../../../../nios2-elf/lib\libc.a(lib_a-memmove.o)
                0x00804fe8                memmove
 .text          0x008050c8       0x98 c:/altera/13.0sp1/nios2eds/bin/gnu/h-i686-mingw32/bin/../lib/gcc/nios2-elf/4.1.2/../../../../nios2-elf/lib\libc.a(lib_a-memset.o)
                0x008050c8                memset
 .text          0x00805160       0x80 c:/altera/13.0sp1/nios2eds/bin/gnu/h-i686-mingw32/bin/../lib/gcc/nios2-elf/4.1.2/../../../../nios2-elf/lib\libc.a(lib_a-perror.o)
                0x00805160                _perror_r
                0x008051cc                perror
 .text          0x008051e0       0x78 c:/altera/13.0sp1/nios2eds/bin/gnu/h-i686-mingw32/bin/../lib/gcc/nios2-elf/4.1.2/../../../../nios2-elf/lib\libc.a(lib_a-printf.o)
                0x008051e0                printf
                0x00805224                _printf_r
 .text          0x00805258      0x1ec c:/altera/13.0sp1/nios2eds/bin/gnu/h-i686-mingw32/bin/../lib/gcc/nios2-elf/4.1.2/../../../../nios2-elf/lib\libc.a(lib_a-putc.o)
                0x00805258                putc
                0x0080535c                _putc_r
 .text          0x00805444       0x24 c:/altera/13.0sp1/nios2eds/bin/gnu/h-i686-mingw32/bin/../lib/gcc/nios2-elf/4.1.2/../../../../nios2-elf/lib\libc.a(lib_a-putchar.o)
                0x00805444                putchar
                0x00805460                _putchar_r
 .text          0x00805468       0xb4 c:/altera/13.0sp1/nios2eds/bin/gnu/h-i686-mingw32/bin/../lib/gcc/nios2-elf/4.1.2/../../../../nios2-elf/lib\libc.a(lib_a-puts.o)
                0x00805468                _puts_r
                0x00805508                puts
 .text          0x0080551c       0x60 c:/altera/13.0sp1/nios2eds/bin/gnu/h-i686-mingw32/bin/../lib/gcc/nios2-elf/4.1.2/../../../../nios2-elf/lib\libc.a(lib_a-rget.o)
                0x0080551c                __srget_r
                0x00805568                __srget
 .text          0x0080557c       0xe0 c:/altera/13.0sp1/nios2eds/bin/gnu/h-i686-mingw32/bin/../lib/gcc/nios2-elf/4.1.2/../../../../nios2-elf/lib\libc.a(lib_a-strchr.o)
                0x0080557c                strchr
 .text          0x0080565c      0x674 c:/altera/13.0sp1/nios2eds/bin/gnu/h-i686-mingw32/bin/../lib/gcc/nios2-elf/4.1.2/../../../../nios2-elf/lib\libc.a(lib_a-strerror.o)
                0x0080565c                strerror
 .text          0x00805cd0       0x74 c:/altera/13.0sp1/nios2eds/bin/gnu/h-i686-mingw32/bin/../lib/gcc/nios2-elf/4.1.2/../../../../nios2-elf/lib\libc.a(lib_a-strlen.o)
                0x00805cd0                strlen
 .text          0x00805d44        0x8 c:/altera/13.0sp1/nios2eds/bin/gnu/h-i686-mingw32/bin/../lib/gcc/nios2-elf/4.1.2/../../../../nios2-elf/lib\libc.a(lib_a-u_strerr.o)
                0x00805d44                _user_strerror
 .text          0x00805d4c     0x1f28 c:/altera/13.0sp1/nios2eds/bin/gnu/h-i686-mingw32/bin/../lib/gcc/nios2-elf/4.1.2/../../../../nios2-elf/lib\libc.a(lib_a-vfprintf.o)
                0x00805da4                ___vfprintf_internal_r
                0x00807c50                __vfprintf_internal
 .text          0x00807c74      0x14c c:/altera/13.0sp1/nios2eds/bin/gnu/h-i686-mingw32/bin/../lib/gcc/nios2-elf/4.1.2/../../../../nios2-elf/lib\libc.a(lib_a-wbuf.o)
                0x00807c74                __swbuf_r
                0x00807da4                __swbuf
 .text          0x00807dc0      0x13c c:/altera/13.0sp1/nios2eds/bin/gnu/h-i686-mingw32/bin/../lib/gcc/nios2-elf/4.1.2/../../../../nios2-elf/lib\libc.a(lib_a-wsetup.o)
                0x00807dc0                __swsetup_r
 .text          0x00807efc      0x1b4 c:/altera/13.0sp1/nios2eds/bin/gnu/h-i686-mingw32/bin/../lib/gcc/nios2-elf/4.1.2/../../../../nios2-elf/lib\libc.a(lib_a-__call_atexit.o)
                0x00807f00                __call_exitprocs
 .text          0x008080b0     0x17cc c:/altera/13.0sp1/nios2eds/bin/gnu/h-i686-mingw32/bin/../lib/gcc/nios2-elf/4.1.2/../../../../nios2-elf/lib\libc.a(lib_a-dtoa.o)
                0x008082c8                _dtoa_r
 .text          0x0080987c      0x230 c:/altera/13.0sp1/nios2eds/bin/gnu/h-i686-mingw32/bin/../lib/gcc/nios2-elf/4.1.2/../../../../nios2-elf/lib\libc.a(lib_a-fflush.o)
                0x0080987c                _fflush_r
                0x00809a78                fflush
 .text          0x00809aac      0x2c0 c:/altera/13.0sp1/nios2eds/bin/gnu/h-i686-mingw32/bin/../lib/gcc/nios2-elf/4.1.2/../../../../nios2-elf/lib\libc.a(lib_a-findfp.o)
                0x00809b04                __sfp_lock_acquire
                0x00809b08                __sfp_lock_release
                0x00809b0c                __sinit_lock_acquire
                0x00809b10                __sinit_lock_release
                0x00809b14                __sinit
                0x00809bc8                __fp_unlock_all
                0x00809be0                __fp_lock_all
                0x00809bf8                _cleanup_r
                0x00809c04                _cleanup
                0x00809c14                __sfmoreglue
                0x00809c7c                __sfp
 .text          0x00809d6c       0xbc c:/altera/13.0sp1/nios2eds/bin/gnu/h-i686-mingw32/bin/../lib/gcc/nios2-elf/4.1.2/../../../../nios2-elf/lib\libc.a(lib_a-fputc.o)
                0x00809d6c                fputc
                0x00809dd0                _fputc_r
 .text          0x00809e28       0x90 c:/altera/13.0sp1/nios2eds/bin/gnu/h-i686-mingw32/bin/../lib/gcc/nios2-elf/4.1.2/../../../../nios2-elf/lib\libc.a(lib_a-fputs.o)
                0x00809e28                _fputs_r
                0x00809e9c                fputs
 .text          0x00809eb8      0x440 c:/altera/13.0sp1/nios2eds/bin/gnu/h-i686-mingw32/bin/../lib/gcc/nios2-elf/4.1.2/../../../../nios2-elf/lib\libc.a(lib_a-freer.o)
                0x00809eb8                _malloc_trim_r
                0x00809fe4                _free_r
 .text          0x0080a2f8      0x49c c:/altera/13.0sp1/nios2eds/bin/gnu/h-i686-mingw32/bin/../lib/gcc/nios2-elf/4.1.2/../../../../nios2-elf/lib\libc.a(lib_a-fvwrite.o)
                0x0080a2f8                __sfvwrite_r
 .text          0x0080a794      0x180 c:/altera/13.0sp1/nios2eds/bin/gnu/h-i686-mingw32/bin/../lib/gcc/nios2-elf/4.1.2/../../../../nios2-elf/lib\libc.a(lib_a-fwalk.o)
                0x0080a794                _fwalk_reent
                0x0080a85c                _fwalk
 .text          0x0080a914       0xc4 c:/altera/13.0sp1/nios2eds/bin/gnu/h-i686-mingw32/bin/../lib/gcc/nios2-elf/4.1.2/../../../../nios2-elf/lib\libc.a(lib_a-locale.o)
                0x0080a914                __locale_charset
                0x0080a91c                _localeconv_r
                0x0080a928                localeconv
                0x0080a938                _setlocale_r
                0x0080a9bc                setlocale
 .text          0x0080a9d8      0x194 c:/altera/13.0sp1/nios2eds/bin/gnu/h-i686-mingw32/bin/../lib/gcc/nios2-elf/4.1.2/../../../../nios2-elf/lib\libc.a(lib_a-makebuf.o)
                0x0080a9d8                __smakebuf_r
 .text          0x0080ab6c      0x740 c:/altera/13.0sp1/nios2eds/bin/gnu/h-i686-mingw32/bin/../lib/gcc/nios2-elf/4.1.2/../../../../nios2-elf/lib\libc.a(lib_a-mallocr.o)
                0x0080ab6c                _malloc_r
 .text          0x0080b2ac       0xe4 c:/altera/13.0sp1/nios2eds/bin/gnu/h-i686-mingw32/bin/../lib/gcc/nios2-elf/4.1.2/../../../../nios2-elf/lib\libc.a(lib_a-memchr.o)
                0x0080b2ac                memchr
 .text          0x0080b390      0xff4 c:/altera/13.0sp1/nios2eds/bin/gnu/h-i686-mingw32/bin/../lib/gcc/nios2-elf/4.1.2/../../../../nios2-elf/lib\libc.a(lib_a-mprec.o)
                0x0080b390                _Bfree
                0x0080b3b8                __hi0bits
                0x0080b428                __lo0bits
                0x0080b4ec                __mcmp
                0x0080b54c                __ulp
                0x0080b5cc                __b2d
                0x0080b6ec                __ratio
                0x0080b79c                _mprec_log10
                0x0080b830                __copybits
                0x0080b888                __any_on
                0x0080b910                _Balloc
                0x0080b9cc                __d2b
                0x0080bb48                __mdiff
                0x0080bcd4                __lshift
                0x0080be20                __multiply
                0x0080c008                __i2b
                0x0080c044                __multadd
                0x0080c144                __pow5mult
                0x0080c264                __s2b
 .text          0x0080c384      0x5f4 c:/altera/13.0sp1/nios2eds/bin/gnu/h-i686-mingw32/bin/../lib/gcc/nios2-elf/4.1.2/../../../../nios2-elf/lib\libc.a(lib_a-reallocr.o)
                0x0080c384                _realloc_r
 .text          0x0080c978      0x1e0 c:/altera/13.0sp1/nios2eds/bin/gnu/h-i686-mingw32/bin/../lib/gcc/nios2-elf/4.1.2/../../../../nios2-elf/lib\libc.a(lib_a-refill.o)
                0x0080c978                __srefill_r
 .text          0x0080cb58       0x40 c:/altera/13.0sp1/nios2eds/bin/gnu/h-i686-mingw32/bin/../lib/gcc/nios2-elf/4.1.2/../../../../nios2-elf/lib\libc.a(lib_a-s_isinfd.o)
                0x0080cb58                __isinfd
 .text          0x0080cb98       0x30 c:/altera/13.0sp1/nios2eds/bin/gnu/h-i686-mingw32/bin/../lib/gcc/nios2-elf/4.1.2/../../../../nios2-elf/lib\libc.a(lib_a-s_isnand.o)
                0x0080cb98                __isnand
 .text          0x0080cbc8       0x70 c:/altera/13.0sp1/nios2eds/bin/gnu/h-i686-mingw32/bin/../lib/gcc/nios2-elf/4.1.2/../../../../nios2-elf/lib\libc.a(lib_a-sbrkr.o)
                0x0080cbc8                _sbrk_r
 .text          0x0080cc38      0x14c c:/altera/13.0sp1/nios2eds/bin/gnu/h-i686-mingw32/bin/../lib/gcc/nios2-elf/4.1.2/../../../../nios2-elf/lib\libc.a(lib_a-stdio.o)
                0x0080cc38                __sclose
                0x0080cc40                __sseek
                0x0080cca8                __swrite
                0x0080cd24                __sread
 .text          0x0080cd84       0xbc c:/altera/13.0sp1/nios2eds/bin/gnu/h-i686-mingw32/bin/../lib/gcc/nios2-elf/4.1.2/../../../../nios2-elf/lib\libc.a(lib_a-strcmp.o)
                0x0080cd84                strcmp
 .text          0x0080ce40       0x78 c:/altera/13.0sp1/nios2eds/bin/gnu/h-i686-mingw32/bin/../lib/gcc/nios2-elf/4.1.2/../../../../nios2-elf/lib\libc.a(lib_a-writer.o)
                0x0080ce40                _write_r
 .text          0x0080ceb8       0xb4 c:/altera/13.0sp1/nios2eds/bin/gnu/h-i686-mingw32/bin/../lib/gcc/nios2-elf/4.1.2/../../../../nios2-elf/lib\libc.a(lib_a-callocr.o)
                0x0080ceb8                _calloc_r
 .text          0x0080cf6c       0x70 c:/altera/13.0sp1/nios2eds/bin/gnu/h-i686-mingw32/bin/../lib/gcc/nios2-elf/4.1.2/../../../../nios2-elf/lib\libc.a(lib_a-closer.o)
                0x0080cf6c                _close_r
 .text          0x0080cfdc      0x124 c:/altera/13.0sp1/nios2eds/bin/gnu/h-i686-mingw32/bin/../lib/gcc/nios2-elf/4.1.2/../../../../nios2-elf/lib\libc.a(lib_a-fclose.o)
                0x0080cfdc                _fclose_r
                0x0080d0ec                fclose
 .text          0x0080d100       0x74 c:/altera/13.0sp1/nios2eds/bin/gnu/h-i686-mingw32/bin/../lib/gcc/nios2-elf/4.1.2/../../../../nios2-elf/lib\libc.a(lib_a-fstatr.o)
                0x0080d100                _fstat_r
 .text          0x0080d174        0x0 c:/altera/13.0sp1/nios2eds/bin/gnu/h-i686-mingw32/bin/../lib/gcc/nios2-elf/4.1.2/../../../../nios2-elf/lib\libc.a(lib_a-int_errno.o)
 .text          0x0080d174       0x70 c:/altera/13.0sp1/nios2eds/bin/gnu/h-i686-mingw32/bin/../lib/gcc/nios2-elf/4.1.2/../../../../nios2-elf/lib\libc.a(lib_a-isattyr.o)
                0x0080d174                _isatty_r
 .text          0x0080d1e4       0x78 c:/altera/13.0sp1/nios2eds/bin/gnu/h-i686-mingw32/bin/../lib/gcc/nios2-elf/4.1.2/../../../../nios2-elf/lib\libc.a(lib_a-lseekr.o)
                0x0080d1e4                _lseek_r
 .text          0x0080d25c       0x78 c:/altera/13.0sp1/nios2eds/bin/gnu/h-i686-mingw32/bin/../lib/gcc/nios2-elf/4.1.2/../../../../nios2-elf/lib\libc.a(lib_a-readr.o)
                0x0080d25c                _read_r
 .text          0x0080d2d4      0x5dc c:/altera/13.0sp1/nios2eds/bin/gnu/h-i686-mingw32/bin/../lib/gcc/nios2-elf/4.1.2\libgcc.a(_udivdi3.o)
                0x0080d2d4                __udivdi3
 .text          0x0080d8b0      0x5b0 c:/altera/13.0sp1/nios2eds/bin/gnu/h-i686-mingw32/bin/../lib/gcc/nios2-elf/4.1.2\libgcc.a(_umoddi3.o)
                0x0080d8b0                __umoddi3
 .text          0x0080de60      0x258 c:/altera/13.0sp1/nios2eds/bin/gnu/h-i686-mingw32/bin/../lib/gcc/nios2-elf/4.1.2\libgcc.a(_div_df.o)
                0x0080de60                __divdf3
 .text          0x0080e0b8       0x88 c:/altera/13.0sp1/nios2eds/bin/gnu/h-i686-mingw32/bin/../lib/gcc/nios2-elf/4.1.2\libgcc.a(_eq_df.o)
                0x0080e0b8                __eqdf2
 .text          0x0080e140       0x88 c:/altera/13.0sp1/nios2eds/bin/gnu/h-i686-mingw32/bin/../lib/gcc/nios2-elf/4.1.2\libgcc.a(_ne_df.o)
                0x0080e140                __nedf2
 .text          0x0080e1c8       0x88 c:/altera/13.0sp1/nios2eds/bin/gnu/h-i686-mingw32/bin/../lib/gcc/nios2-elf/4.1.2\libgcc.a(_gt_df.o)
                0x0080e1c8                __gtdf2
 .text          0x0080e250       0x88 c:/altera/13.0sp1/nios2eds/bin/gnu/h-i686-mingw32/bin/../lib/gcc/nios2-elf/4.1.2\libgcc.a(_lt_df.o)
                0x0080e250                __ltdf2
 .text          0x0080e2d8       0xf8 c:/altera/13.0sp1/nios2eds/bin/gnu/h-i686-mingw32/bin/../lib/gcc/nios2-elf/4.1.2\libgcc.a(_si_to_df.o)
                0x0080e2d8                __floatsidf
 .text          0x0080e3d0      0x14c c:/altera/13.0sp1/nios2eds/bin/gnu/h-i686-mingw32/bin/../lib/gcc/nios2-elf/4.1.2\libgcc.a(lib2-divmod.o)
                0x0080e44c                __divsi3
                0x0080e4ac                __modsi3
                0x0080e50c                __udivsi3
                0x0080e514                __umodsi3
 .text          0x0080e51c       0x6c ../simple_socket_bsp/\libucosii_bsp.a(alt_exit.o)
                0x0080e55c                _exit
 .text          0x0080e588       0xd0 ../simple_socket_bsp/\libucosii_bsp.a(alt_flash_dev.o)
                0x0080e588                alt_flash_open_dev
                0x0080e604                alt_flash_close_dev
 .text          0x0080e658      0x134 ../simple_socket_bsp/\libucosii_bsp.a(alt_fstat.o)
                0x0080e658                fstat
 .text          0x0080e78c      0x1c0 ../simple_socket_bsp/\libucosii_bsp.a(alt_irq_register.o)
                0x0080e78c                alt_irq_register
 .text          0x0080e94c        0x0 ../simple_socket_bsp/\libucosii_bsp.a(alt_irq_vars.o)
 .text          0x0080e94c      0x120 ../simple_socket_bsp/\libucosii_bsp.a(alt_isatty.o)
                0x0080e94c                isatty
 .text          0x0080ea6c      0x150 ../simple_socket_bsp/\libucosii_bsp.a(alt_lseek.o)
                0x0080ea6c                lseek
 .text          0x0080ebbc       0xb8 ../simple_socket_bsp/\libucosii_bsp.a(alt_main.o)
                0x0080ebbc                alt_main
 .text          0x0080ec74       0xbc ../simple_socket_bsp/\libucosii_bsp.a(alt_sbrk.o)
                0x0080ec74                sbrk
 .text          0x0080ed30      0x118 ../simple_socket_bsp/\libucosii_bsp.a(alt_usleep.o)
                0x0080ed30                usleep
 .text          0x0080ee48      0x108 ../simple_socket_bsp/\libucosii_bsp.a(alt_env_lock.o)
                0x0080ee48                __env_lock
                0x0080eef4                __env_unlock
 .text          0x0080ef50      0x1d8 ../simple_socket_bsp/\libucosii_bsp.a(alt_malloc_lock.o)
                0x0080ef50                __malloc_lock
                0x0080f058                __malloc_unlock
 .text          0x0080f128     0x2128 ../simple_socket_bsp/\libucosii_bsp.a(os_core.o)
                0x0080f128                OSEventNameGet
                0x0080f258                OSEventNameSet
                0x0080f39c                OSEventPendMulti
                0x0080fa50                OSInit
                0x0080faa4                OSIntEnter
                0x0080fb20                OSIntExit
                0x0080fc20                OSSchedLock
                0x0080fcac                OSSchedUnlock
                0x0080fd90                OSStart
                0x0080fe00                OSStatInit
                0x0080feac                OSTimeTick
                0x008100ec                OSVersion
                0x0081010c                OS_Dummy
                0x00810128                OS_EventTaskRdy
                0x008102bc                OS_EventTaskWait
                0x008103cc                OS_EventTaskWaitMulti
                0x00810520                OS_EventTaskRemove
                0x008105d8                OS_EventTaskRemoveMulti
                0x008106dc                OS_EventWaitListInit
                0x00810aa8                OS_MemClr
                0x00810afc                OS_MemCopy
                0x00810b68                OS_Sched
                0x00810cac                OS_StrCopy
                0x00810d2c                OS_StrLen
                0x00810d84                OS_TaskIdle
                0x00810de0                OS_TaskStat
                0x00810ea8                OS_TaskStatStkChk
                0x00810f70                OS_TCBInit
 .text          0x00811250      0x18c ../simple_socket_bsp/\libucosii_bsp.a(os_dbg.o)
                0x00811250                OSDebugInit
 .text          0x008113dc     0x193c ../simple_socket_bsp/\libucosii_bsp.a(os_flag.o)
                0x008113dc                OSFlagAccept
                0x00811710                OSFlagCreate
                0x0081184c                OSFlagDel
                0x00811af4                OSFlagNameGet
                0x00811c38                OSFlagNameSet
                0x00811d8c                OSFlagPend
                0x008123d0                OSFlagPendGetFlagsRdy
                0x00812438                OSFlagPost
                0x008127e0                OSFlagQuery
                0x00812a78                OS_FlagInit
                0x00812c6c                OS_FlagUnlink
 .text          0x00812d18      0x808 ../simple_socket_bsp/\libucosii_bsp.a(os_mem.o)
                0x00812d18                OSMemCreate
                0x00812f34                OSMemGet
                0x00813038                OSMemNameGet
                0x00813144                OSMemNameSet
                0x00813264                OSMemPut
                0x00813354                OSMemQuery
                0x00813450                OS_MemInit
 .text          0x00813520     0x1334 ../simple_socket_bsp/\libucosii_bsp.a(os_q.o)
                0x00813520                OSQAccept
                0x00813674                OSQCreate
                0x00813888                OSQDel
                0x00813b88                OSQFlush
                0x00813c50                OSQPend
                0x00813f70                OSQPendAbort
                0x008140ec                OSQPost
                0x0081426c                OSQPostFront
                0x008143f4                OSQPostOpt
                0x00814628                OSQQuery
                0x008147a8                OS_QInit
 .text          0x00814854      0xbc8 ../simple_socket_bsp/\libucosii_bsp.a(os_sem.o)
                0x00814854                OSSemAccept
                0x00814914                OSSemCreate
                0x00814a28                OSSemDel
                0x00814cc8                OSSemPend
                0x00814f44                OSSemPendAbort
                0x008150c0                OSSemPost
                0x008151e8                OSSemQuery
                0x00815318                OSSemSet
 .text          0x0081541c     0x1a40 ../simple_socket_bsp/\libucosii_bsp.a(os_task.o)
                0x0081541c                OSTaskChangePrio
                0x00815990                OSTaskCreate
                0x00815b64                OSTaskCreateExt
                0x00815d64                OSTaskDel
                0x00816170                OSTaskDelReq
                0x008162e0                OSTaskNameGet
                0x00816498                OSTaskNameSet
                0x0081665c                OSTaskResume
                0x00816874                OSTaskStkChk
                0x00816a70                OSTaskSuspend
                0x00816c9c                OSTaskQuery
                0x00816de0                OS_TaskStkClr
 .text          0x00816e5c      0x670 ../simple_socket_bsp/\libucosii_bsp.a(os_time.o)
                0x00816e5c                OSTimeDly
                0x00816fa8                OSTimeDlyHMSM
                0x008171f4                OSTimeDlyResume
                0x00817404                OSTimeGet
                0x00817468                OSTimeSet
 .text          0x008174cc      0x118 ../simple_socket_bsp/\libucosii_bsp.a(alt_sys_init.o)
                0x008174cc                alt_irq_init
                0x00817500                alt_sys_init
 .text          0x008175e4      0x8c8 ../simple_socket_bsp/\libucosii_bsp.a(altera_avalon_cfi_flash.o)
                0x008175e4                alt_flash_cfi_init
                0x008176b8                alt_flash_cfi_write
                0x00817978                alt_flash_cfi_get_info
                0x00817a08                alt_flash_cfi_read
                0x00817a70                alt_write_value_to_flash
                0x00817bd4                alt_flash_program_block
 .text          0x00817eac     0x14a8 ../simple_socket_bsp/\libucosii_bsp.a(altera_avalon_cfi_flash_table.o)
                0x00817eac                alt_read_query_entry_8bit
                0x00817eec                alt_read_query_entry_16bit
                0x00817f30                alt_read_query_entry_32bit
                0x00817f78                alt_write_flash_command_8bit_device_8bit_mode
                0x00817fb4                alt_write_flash_command_16bit_device_8bit_mode
                0x00818030                alt_write_flash_command_32bit_device_8bit_mode
                0x00818078                alt_write_flash_command_16bit_device_16bit_mode
                0x008180bc                alt_write_flash_command_32bit_device_16bit_mode
                0x00818104                alt_write_flash_command_32bit_device_32bit_mode
                0x0081814c                alt_write_native_8bit
                0x00818180                alt_write_native_16bit
                0x008181b4                alt_write_native_32bit
                0x008181e4                alt_set_flash_width_func
                0x008183c4                alt_set_flash_algorithm_func
                0x008184ec                alt_read_cfi_table
                0x00818acc                alt_read_cfi_width
                0x00819278                alt_check_primary_table
 .text          0x00819354      0x9e4 ../simple_socket_bsp/\libucosii_bsp.a(altera_avalon_epcs_flash_controller.o)
                0x00819354                alt_epcs_flash_init
                0x00819770                alt_epcs_flash_write
                0x008199f0                alt_epcs_flash_get_info
                0x00819a80                alt_epcs_flash_erase_block
                0x00819b84                alt_epcs_flash_write_block
                0x00819ca0                alt_epcs_flash_read
 .text          0x00819d38      0x148 ../simple_socket_bsp/\libucosii_bsp.a(altera_avalon_jtag_uart_fd.o)
                0x00819d38                altera_avalon_jtag_uart_read_fd
                0x00819d90                altera_avalon_jtag_uart_write_fd
                0x00819de8                altera_avalon_jtag_uart_close_fd
                0x00819e30                altera_avalon_jtag_uart_ioctl_fd
 .text          0x00819e80      0x584 ../simple_socket_bsp/\libucosii_bsp.a(altera_avalon_jtag_uart_init.o)
                0x00819e80                altera_avalon_jtag_uart_init
                0x0081a390                altera_avalon_jtag_uart_close
 .text          0x0081a404       0xf4 ../simple_socket_bsp/\libucosii_bsp.a(altera_avalon_jtag_uart_ioctl.o)
                0x0081a404                altera_avalon_jtag_uart_ioctl
 .text          0x0081a4f8      0x2c0 ../simple_socket_bsp/\libucosii_bsp.a(altera_avalon_jtag_uart_read.o)
                0x0081a4f8                altera_avalon_jtag_uart_read
 .text          0x0081a7b8      0x2dc ../simple_socket_bsp/\libucosii_bsp.a(altera_avalon_jtag_uart_write.o)
                0x0081a7b8                altera_avalon_jtag_uart_write
 .text          0x0081aa94      0xf3c ../simple_socket_bsp/\libucosii_bsp.a(altera_avalon_lcd_16207.o)
                0x0081b268                altera_avalon_lcd_16207_write
                0x0081b86c                altera_avalon_lcd_16207_init
 .text          0x0081b9d0       0x58 ../simple_socket_bsp/\libucosii_bsp.a(altera_avalon_lcd_16207_fd.o)
                0x0081b9d0                altera_avalon_lcd_16207_write_fd
 .text          0x0081ba28      0x100 ../simple_socket_bsp/\libucosii_bsp.a(altera_avalon_timer_sc.o)
                0x0081ba98                alt_avalon_timer_sc_init
 .text          0x0081bb28       0xf8 ../simple_socket_bsp/\libucosii_bsp.a(altera_avalon_uart_fd.o)
                0x0081bb28                altera_avalon_uart_read_fd
                0x0081bb80                altera_avalon_uart_write_fd
                0x0081bbd8                altera_avalon_uart_close_fd
 .text          0x0081bc20      0x57c ../simple_socket_bsp/\libucosii_bsp.a(altera_avalon_uart_init.o)
                0x0081bc20                altera_avalon_uart_init
                0x0081c13c                altera_avalon_uart_close
 .text          0x0081c19c      0x310 ../simple_socket_bsp/\libucosii_bsp.a(altera_avalon_uart_read.o)
                0x0081c19c                altera_avalon_uart_read
 .text          0x0081c4ac      0x2a8 ../simple_socket_bsp/\libucosii_bsp.a(altera_avalon_uart_write.o)
                0x0081c4ac                altera_avalon_uart_write
 .text          0x0081c754      0x6d4 ../simple_socket_bsp/\libucosii_bsp.a(epcs_commands.o)
                0x0081c754                epcs_read_status_register
                0x0081c7b4                epcs_sector_erase
                0x0081c91c                epcs_read_buffer
                0x0081ca68                epcs_write_enable
                0x0081cab8                epcs_write_status_register
                0x0081cb1c                epcs_write_buffer
                0x0081cc8c                epcs_read_electronic_signature
                0x0081ccf8                epcs_read_device_id
                0x0081cd78                epcs_enter_4_bytes_mode
                0x0081cdd0                epcs_exit_4_bytes_mode
 .text          0x0081ce28       0x54 ../simple_socket_bsp/\libucosii_bsp.a(alt_iniche_close.o)
                0x0081ce28                close
 .text          0x0081ce7c      0x124 ../simple_socket_bsp/\libucosii_bsp.a(alt_iniche_dev.o)
                0x0081ce7c                iniche_devices_init
 .text          0x0081cfa0       0x78 ../simple_socket_bsp/\libucosii_bsp.a(alt_iniche_read.o)
                0x0081cfa0                read
 .text          0x0081d018       0x70 ../simple_socket_bsp/\libucosii_bsp.a(alt_iniche_write.o)
                0x0081d018                write
 .text          0x0081d088      0xedc ../simple_socket_bsp/\libucosii_bsp.a(ipnet.o)
                0x0081d088                Netinit
                0x0081d6d4                fixup_subnet_mask
                0x0081d834                netclose
                0x0081d91c                pktdemux
                0x0081dcf0                c_older
                0x0081ddc0                ip2mac
 .text          0x0081df64      0x4b0 ../simple_socket_bsp/\libucosii_bsp.a(ipstart.o)
                0x0081df64                ip_startup
                0x0081e248                exit_hook
                0x0081e2b4                ip_exit
                0x0081e384                if_netnumber
 .text          0x0081e414     0x10e8 ../simple_socket_bsp/\libucosii_bsp.a(igmp_cmn.o)
                0x0081e414                igmp_init
                0x0081e504                igmp_input
                0x0081e5fc                igmp_fasttimo
                0x0081e830                igmp_send
                0x0081ead8                igmp_joingroup
                0x0081ed44                igmp_leavegroup
                0x0081edc0                igmp_validate
                0x0081f11c                igmp_print_stats
 .text          0x0081f4fc      0xbc8 ../simple_socket_bsp/\libucosii_bsp.a(bsdsock.o)
                0x0081f4fc                bsd_accept
                0x0081f634                bsd_getpeername
                0x0081f760                bsd_getsockname
                0x0081f88c                bsd_i_sockoptlen
                0x0081fa44                bsd_getsockopt
                0x0081fb64                bsd_ioctl
                0x0081fc68                bsd_inet_ntoa
                0x0081fc98                bsd_recvfrom
                0x0081fdf8                bsd_select
                0x0081ffd8                bsd_setsockopt
 .text          0x008200c4      0x118 ../simple_socket_bsp/\libucosii_bsp.a(cksum.o)
                0x008200c4                ccksum
                0x00820174                cksum
 .text          0x008201dc      0xa9c ../simple_socket_bsp/\libucosii_bsp.a(in_utils.o)
                0x008201dc                do_trap
                0x00820208                nextarg
                0x00820284                hexdump
                0x008203cc                print_ipad
                0x00820440                print_uptime
                0x0082056c                panic
                0x008205b0                print_eth
                0x00820714                uslash
                0x00820794                ns_printf
                0x00820918                std_out
                0x0082095c                con_page
                0x00820a4c                parse_args
 .text          0x00820c78      0x1c4 ../simple_socket_bsp/\libucosii_bsp.a(netmain.o)
                0x00820c78                netmain
                0x00820d6c                tk_netmain
                0x00820df4                tk_nettick
 .text          0x00820e3c      0x810 ../simple_socket_bsp/\libucosii_bsp.a(parseip.o)
                0x00820e3c                parse_ipad
                0x00821158                inet_addr
                0x008211c0                hextoa
                0x00821230                inet_pton
                0x008212dc                inet_ntop
                0x00821368                print46_addr
                0x008213c8                inet46_addr
                0x0082148c                inet_setport
                0x00821500                convert_ip
 .text          0x0082164c      0x5e8 ../simple_socket_bsp/\libucosii_bsp.a(tk_crnos.o)
                0x0082164c                TK_OSTimeDly
                0x00821678                TK_OSTaskResume
                0x008216e8                tcp_sleep
                0x00821888                tcp_wakeup
                0x0082198c                TK_OSTaskQuery
                0x00821a00                tk_yield
                0x00821a2c                tk_stats
 .text          0x00821c34      0x79c ../simple_socket_bsp/\libucosii_bsp.a(pktalloc.o)
                0x00821c34                pk_init
                0x00821ec4                pk_alloc
                0x00821fa0                pk_validate
                0x00822258                pk_free
                0x00822304                pk_get_max_intrsafe_buf_len
                0x00822324                dump_buf_estats
 .text          0x008223d0      0x288 ../simple_socket_bsp/\libucosii_bsp.a(q.o)
                0x008223d0                getq
                0x00822498                putq
                0x00822548                qdel
 .text          0x00822658      0x194 ../simple_socket_bsp/\libucosii_bsp.a(asm_cksum.o)
                0x00822658                asm_cksum
 .text          0x008227ec      0x2e4 ../simple_socket_bsp/\libucosii_bsp.a(brdutils.o)
                0x008227ec                dtrap
                0x0082281c                kbhit
                0x008228c8                getch
                0x00822928                clock_init
                0x00822964                clock_c
                0x00822980                cticks_hook
                0x00822a30                irq_Mask
                0x00822a8c                irq_Unmask
 .text          0x00822ad0      0x488 ../simple_socket_bsp/\libucosii_bsp.a(osportco.o)
                0x00822ad0                LOCK_NET_RESOURCE
                0x00822b90                UNLOCK_NET_RESOURCE
                0x00822c18                TK_NEWTASK
                0x00822e2c                wait_app_sem
                0x00822ee0                post_app_sem
 .text          0x00822f58      0x568 ../simple_socket_bsp/\libucosii_bsp.a(targnios.o)
                0x00822f58                alt_iniche_init
                0x00823174                pre_task_setup
                0x008231e8                post_task_setup
                0x00823208                prep_armintcp
                0x00823240                calloc2
                0x00823274                npalloc
                0x00823368                npfree
                0x00823420                ncpalloc
                0x00823474                ncpfree
 .text          0x008234c0     0x19b8 ../simple_socket_bsp/\libucosii_bsp.a(nptcp.o)
                0x008234c0                pffindtype
                0x00823560                pffindproto
                0x00823630                m_getnbuf
                0x008237d8                m_free
                0x0082390c                m_freem
                0x00823950                m_copy
                0x00823c74                m_adj
                0x00823e44                mbuf_len
                0x00823e9c                dtom
                0x00823f44                remque
                0x00823fb4                insque
                0x00824030                nptcp_init
                0x00824154                tcp_rcv
                0x00824340                ip_output
                0x00824938                in_broadcast
                0x00824978                np_stripoptions
                0x00824a60                so_icmpdu
                0x00824db8                tcp_tick
 .text          0x00824e78      0xa2c ../simple_socket_bsp/\libucosii_bsp.a(rawsock.o)
                0x00824e78                rawip_lookup
                0x00824ee8                rawip_soinput
                0x008250bc                rawip_usrreq
 .text          0x008258a4     0x17fc ../simple_socket_bsp/\libucosii_bsp.a(sockcall.o)
                0x008258a4                DOMAIN_CHECK
                0x008258f0                t_socket
                0x00825980                t_bind
                0x00825afc                t_listen
                0x00825be0                t_accept
                0x00825e78                t_connect
                0x00826120                t_getpeername
                0x00826164                t_getsockname
                0x008263a4                t_setsockopt
                0x00826580                t_getsockopt
                0x00826724                t_recv
                0x00826814                t_recvfrom
                0x00826964                t_sendto
                0x00826b90                t_send
                0x00826db8                t_shutdown
                0x00826e9c                t_socketclose
                0x00827004                t_errno
 .text          0x008270a0     0x23ec ../simple_socket_bsp/\libucosii_bsp.a(socket.o)
                0x008270a0                socreate
                0x0082726c                sobind
                0x008272c8                solisten
                0x008273b8                sofree
                0x008274e8                soclose
                0x00827854                soabort
                0x008278a4                soaccept
                0x00827940                soconnect
                0x00827a14                sodisconnect
                0x00827ab4                sosend
                0x008280bc                soreceive
                0x008288a0                soshutdown
                0x00828948                sorflush
                0x00828a48                sosetopt
                0x00828f08                sogetopt
                0x00829448                sohasoutofband
 .text          0x0082948c     0x1318 ../simple_socket_bsp/\libucosii_bsp.a(socket2.o)
                0x0082948c                soisconnecting
                0x008294f8                soisconnected
                0x008295f4                soisdisconnecting
                0x00829680                soisdisconnected
                0x0082973c                sonewconn
                0x00829958                soqinsque
                0x00829a04                soqremque
                0x00829b24                socantsendmore
                0x00829b74                socantrcvmore
                0x00829bc4                sbselqueue
                0x00829bfc                sbwait
                0x00829c64                sbwakeup
                0x00829d00                soreserve
                0x00829d80                sbreserve
                0x00829de0                sbrelease
                0x00829e28                sbappend
                0x00829ed0                sbappendrecord
                0x00829fb0                sbappendaddr
                0x0082a1b8                sbcompress
                0x0082a3a0                sbflush
                0x0082a430                sbdrop
                0x0082a600                sbdropend
                0x0082a710                sbdroprecord
 .text          0x0082a7a4      0x914 ../simple_socket_bsp/\libucosii_bsp.a(soselect.o)
                0x0082a7a4                t_select
                0x0082a9c4                sock_selscan
                0x0082ab1c                sock_select
                0x0082ad30                in_pcbnotify
                0x0082adfc                tcp_notify
                0x0082ae64                ifd_clr
                0x0082af54                ifd_set
                0x0082afc8                ifd_isset
                0x0082b048                ifd_get
 .text          0x0082b0b8     0x3020 ../simple_socket_bsp/\libucosii_bsp.a(tcp_in.o)
                0x0082b0b8                tcp_reass
                0x0082b4c0                tcp_input
                0x0082da14                tcp_dooptions
                0x0082dba4                tcp_pulloutofband
                0x0082dcd0                tcp_xmit_timer
                0x0082df74                ip4_tcpmss
                0x0082dfbc                tcp_mss
 .text          0x0082e0d8     0x1360 ../simple_socket_bsp/\libucosii_bsp.a(tcp_out.o)
                0x0082e0d8                tcp_output
                0x0082f254                tcp_setpersist
 .text          0x0082f438      0x9e8 ../simple_socket_bsp/\libucosii_bsp.a(tcp_subr.o)
                0x0082f438                tcp_init
                0x0082f490                tcp_template
                0x0082f5a8                tcp_respond
                0x0082fa30                tcp_newtcpcb
                0x0082fb48                tcp_drop
                0x0082fbf4                tcp_close
                0x0082fcdc                tcp_quench
                0x0082fd28                tcp_putseq
                0x0082fda8                tcp_getseq
 .text          0x0082fe20      0x798 ../simple_socket_bsp/\libucosii_bsp.a(tcp_timr.o)
                0x0082fe20                tcp_slowtimo
                0x008300c0                tcp_canceltimers
                0x0083011c                tcp_timers
 .text          0x008305b8      0x9ec ../simple_socket_bsp/\libucosii_bsp.a(tcp_usr.o)
                0x008305b8                tcp_usrreq
                0x00830cbc                tcp_attach
                0x00830df0                tcp_disconnect
                0x00830ec4                tcp_usrclosed
 .text          0x00830fa4       0x4c ../simple_socket_bsp/\libucosii_bsp.a(tcpport.o)
                0x00830fa4                tcpinit
 .text          0x00830ff0      0xd20 ../simple_socket_bsp/\libucosii_bsp.a(udpsock.o)
                0x00830ff0                udp_lookup
                0x00831060                udp_soinput
                0x00831218                udp_usrreq
                0x0083149c                udp4_sockbind
                0x008317d8                udp4_socksend
                0x00831bb4                udp4_sockaddr
 .text          0x00831d10      0x154 ../simple_socket_bsp/\libucosii_bsp.a(alt_alarm_start.o)
                0x00831d10                alt_alarm_start
 .text          0x00831e64      0x14c ../simple_socket_bsp/\libucosii_bsp.a(alt_busy_sleep.o)
                0x00831e64                alt_busy_sleep
 .text          0x00831fb0      0x15c ../simple_socket_bsp/\libucosii_bsp.a(alt_close.o)
                0x00831fb0                alt_close
 .text          0x0083210c       0x78 ../simple_socket_bsp/\libucosii_bsp.a(alt_dcache_flush.o)
                0x0083210c                alt_dcache_flush
 .text          0x00832184       0x2c ../simple_socket_bsp/\libucosii_bsp.a(alt_dev.o)
 .text          0x008321b0      0x114 ../simple_socket_bsp/\libucosii_bsp.a(alt_dev_llist_insert.o)
                0x008321b0                alt_dev_llist_insert
 .text          0x008322c4        0x0 ../simple_socket_bsp/\libucosii_bsp.a(alt_errno.o)
 .text          0x008322c4       0x94 ../simple_socket_bsp/\libucosii_bsp.a(alt_find_dev.o)
                0x008322c4                alt_find_dev
 .text          0x00832358      0x1d4 ../simple_socket_bsp/\libucosii_bsp.a(alt_iic.o)
                0x00832358                alt_ic_isr_register
                0x008323a8                alt_ic_irq_enable
                0x00832444                alt_ic_irq_disable
                0x008324e4                alt_ic_irq_enabled
 .text          0x0083252c       0xf8 ../simple_socket_bsp/\libucosii_bsp.a(alt_iic_isr_register.o)
                0x0083252c                alt_iic_isr_register
 .text          0x00832624      0x13c ../simple_socket_bsp/\libucosii_bsp.a(alt_io_redirect.o)
                0x008326e8                alt_io_redirect
 .text          0x00832760        0x0 ../simple_socket_bsp/\libucosii_bsp.a(alt_irq_entry.o)
 .text          0x00832760        0x0 ../simple_socket_bsp/\libucosii_bsp.a(alt_irq_handler.o)
 .text          0x00832760      0x2c4 ../simple_socket_bsp/\libucosii_bsp.a(alt_open.o)
                0x0083283c                open
 .text          0x00832a24      0x180 ../simple_socket_bsp/\libucosii_bsp.a(alt_read.o)
                0x00832a24                alt_read
 .text          0x00832ba4       0x60 ../simple_socket_bsp/\libucosii_bsp.a(alt_release_fd.o)
                0x00832ba4                alt_release_fd
 .text          0x00832c04       0x38 ../simple_socket_bsp/\libucosii_bsp.a(alt_remap_cached.o)
                0x00832c04                alt_remap_cached
 .text          0x00832c3c       0x40 ../simple_socket_bsp/\libucosii_bsp.a(alt_remap_uncached.o)
                0x00832c3c                alt_remap_uncached
 .text          0x00832c7c      0x1a8 ../simple_socket_bsp/\libucosii_bsp.a(alt_tick.o)
                0x00832c7c                alt_alarm_stop
                0x00832d14                alt_tick
 .text          0x00832e24      0x180 ../simple_socket_bsp/\libucosii_bsp.a(alt_write.o)
                0x00832e24                alt_write
 .text          0x00832fa4       0x20 ../simple_socket_bsp/\libucosii_bsp.a(altera_nios2_qsys_irq.o)
                0x00832fa4                altera_nios2_qsys_irq_init
 .text          0x00832fc4       0xd0 ../simple_socket_bsp/\libucosii_bsp.a(os_cpu_a.o)
                0x00832fc4                OSCtxSw
                0x00832fc4                OSIntCtxSw
                0x00833050                OSStartHighRdy
                0x00833070                OSStartTsk
 .text          0x00833094      0x424 ../simple_socket_bsp/\libucosii_bsp.a(os_cpu_c.o)
                0x00833094                OSTaskStkInit
                0x008333a4                OSTaskCreateHook
                0x008333c4                OSTaskDelHook
                0x008333e4                OSTaskSwHook
                0x00833400                OSTaskStatHook
                0x0083341c                OSTimeTickHook
                0x00833444                OSInitHookBegin
                0x00833460                OSInitHookEnd
                0x0083347c                OSTaskIdleHook
                0x00833498                OSTCBInitHook
 .text          0x008334b8      0x460 ../simple_socket_bsp/\libucosii_bsp.a(altera_avalon_cfi_flash_amd.o)
                0x008334b8                alt_program_amd
                0x00833520                alt_erase_block_amd
 .text          0x00833918      0x460 ../simple_socket_bsp/\libucosii_bsp.a(altera_avalon_cfi_flash_intel.o)
                0x00833918                alt_program_intel
                0x0083399c                alt_erase_block_intel
 .text          0x00833d78      0x238 ../simple_socket_bsp/\libucosii_bsp.a(altera_avalon_spi.o)
                0x00833d78                alt_avalon_spi_command
 .text          0x00833fb0      0x440 ../simple_socket_bsp/\libucosii_bsp.a(allports.o)
                0x00833fb0                netmain_init
                0x008340a8                icmp_port_du
                0x00834130                station_state
                0x00834294                sysuptime
                0x00834328                packet_check
                0x00834374                mcastlist
                0x00834398                prep_modules
 .text          0x008343f0      0x57c ../simple_socket_bsp/\libucosii_bsp.a(timeouts.o)
                0x008343f0                inet_timer
                0x008346ec                in_timerset
                0x008348c4                in_timerkill
 .text          0x0083496c       0xa4 ../simple_socket_bsp/\libucosii_bsp.a(tk_misc.o)
                0x0083496c                create_apptasks
                0x00834990                task_stats
 .text          0x00834a10       0xb0 ../simple_socket_bsp/\libucosii_bsp.a(alt_iniche_fcntl.o)
                0x00834a10                fcntl
 .text          0x00834ac0     0x15b0 ../simple_socket_bsp/\libucosii_bsp.a(et_arp.o)
                0x00834ac0                etainit
                0x00834b14                et_send
                0x00834c90                arp_free_pending
                0x00834d18                arp_send_pending
                0x00834d8c                send_arp
                0x00835224                find_oldest_arp
                0x00835420                make_arp_entry
                0x00835534                arpReply
                0x008357c8                arprcv
                0x00835a28                send_via_arp
                0x00835bf8                cb_arpent_tmo
                0x00835da4                grat_arp
 .text          0x00836070      0x298 ../simple_socket_bsp/\libucosii_bsp.a(iface.o)
                0x00836070                if_getbynum
                0x008360f4                isbcast
                0x008361d4                reg_type
                0x00836270                if_killsocks
 .text          0x00836308     0x22a4 ../simple_socket_bsp/\libucosii_bsp.a(ip.o)
                0x00836308                ip_init
                0x00836404                ip_bldhead
                0x008365a8                ip_write_internal
                0x00836d28                ip_write
                0x00836f70                ip_write2
                0x00837320                ip_raw_write
                0x008373f8                ip_fragment_lc
                0x00837880                ip_fragment
                0x00837ea4                ip_mymach
                0x00837f50                ip_dump
                0x00838208                iproute
                0x00838474                ip_copypkt
 .text          0x008385ac     0x1e08 ../simple_socket_bsp/\libucosii_bsp.a(ip_reasm.o)
                0x008385ac                ip_reasm_match_frag_with_ire
                0x0083867c                ip_reasm_determine_type_of_frag
                0x00838768                ip_reasm_check_mem_useage
                0x00838800                ip_reasm_incr_mem_useage
                0x008388a8                ip_reasm_decr_mem_useage
                0x00838948                ip_reasm_process_first_fragment
                0x00838c28                ip_reassm
                0x00838cc8                ip_reasm_compute_overlap
                0x00839258                ip_reasm_process_subsequent_fragments
                0x008397ec                ip_reasm_find_ire
                0x00839850                ip_reasm_copy_queued_fragments_into_reassy_buffer
                0x00839bac                ip_reasm_process_timer_tick
                0x00839ccc                ip_reasm_delete_ire
                0x00839e94                ip_reasm_mark_compact_rfq
                0x00839fdc                ipr_stats
                0x0083a360                ip_reasm_send_icmp_timex
 .text          0x0083a3b4      0xe3c ../simple_socket_bsp/\libucosii_bsp.a(ipdemux.o)
                0x0083a3b4                ip_rcv
                0x0083a7b4                ip_rcv_phase2
                0x0083adc0                ip_demux
 .text          0x0083b1f0      0x2f0 ../simple_socket_bsp/\libucosii_bsp.a(ipmc.o)
                0x0083b1f0                in_addmulti
                0x0083b358                in_delmulti
                0x0083b470                lookup_mcast
 .text          0x0083b4e0       0xe4 ../simple_socket_bsp/\libucosii_bsp.a(ipport.o)
                0x0083b4e0                prep_ifaces
                0x0083b574                netexit
                0x0083b59c                evtmap_setup
 .text          0x0083b5c4      0x550 ../simple_socket_bsp/\libucosii_bsp.a(ipraw.o)
                0x0083b5c4                ip_raw_open
                0x0083b6b4                ip_raw_close
                0x0083b774                ip_raw_input
                0x0083b9ac                ip_raw_alloc
                0x0083ba78                ip_raw_free
                0x0083bab8                ip_raw_maxalloc
 .text          0x0083bb14      0x6f0 ../simple_socket_bsp/\libucosii_bsp.a(iproute.o)
                0x0083bb14                rt_lookup
                0x0083bc98                add_route
                0x0083c0c0                del_route
 .text          0x0083c204      0xe3c ../simple_socket_bsp/\libucosii_bsp.a(udp.o)
                0x0083c204                udpdemux
                0x0083ca5c                udp_send
                0x0083cd14                udpswap
                0x0083ce44                udp_socket
                0x0083cf14                udp_alloc
                0x0083cfd4                udp_maxalloc
                0x0083d000                udp_free
 .text          0x0083d040      0x2e8 ../simple_socket_bsp/\libucosii_bsp.a(igmp.o)
                0x0083d040                igmpv1_input
 .text          0x0083d328      0x7c0 ../simple_socket_bsp/\libucosii_bsp.a(igmp2.o)
                0x0083d328                igmpv2_input
                0x0083d488                igmpv2_process_report
                0x0083d5d4                igmpv2_process_query
                0x0083d820                igmpv2_chk_set_timer
                0x0083d978                igmpv2_chk4_rtr_alert_opt
 .text          0x0083dae8      0x8fc ../simple_socket_bsp/\libucosii_bsp.a(ipopt.o)
                0x0083dae8                IPADDR_TO_NETP
                0x0083dc30                ip_setmoptions
                0x0083e220                ip_getmoptions
                0x0083e360                ip_freemoptions
 .text          0x0083e3e4      0x6e8 ../simple_socket_bsp/\libucosii_bsp.a(u_mctest.o)
                0x0083e3e4                u_mctest_init
                0x0083e414                u_mctest_run
 .text          0x0083eacc      0x40c ../simple_socket_bsp/\libucosii_bsp.a(memdev.o)
                0x0083eacc                init_memdev
                0x0083eb44                md_fopen
                0x0083eb6c                md_fclose
                0x0083eb8c                md_fread
                0x0083ed0c                md_fwrite
                0x0083ed8c                md_fseek
                0x0083edb8                md_ftell
                0x0083eddc                md_fgetc
                0x0083eeb4                md_unlink
 .text          0x0083eed8      0x1cc ../simple_socket_bsp/\libucosii_bsp.a(tcpcksum.o)
                0x0083eed8                tcp_cksum
 .text          0x0083f0a4      0x31c ../simple_socket_bsp/\libucosii_bsp.a(udp_open.o)
                0x0083f0a4                udp_open
                0x0083f2dc                udp_close
 .text          0x0083f3c0      0x900 ../simple_socket_bsp/\libucosii_bsp.a(in_pcb.o)
                0x0083f3c0                in_pcballoc
                0x0083f454                in_pcbdetach
                0x0083f4a8                in_pcbbind
                0x0083f6fc                in_pcbconnect
                0x0083f90c                in_pcbdisconnect
                0x0083f96c                in_setsockaddr
                0x0083f9e8                in_setpeeraddr
                0x0083fa64                in_pcblookup
 .text          0x0083fcc0     0x1a74 ../simple_socket_bsp/\libucosii_bsp.a(vfsfiles.o)
                0x0083fcc0                set_vfopen_error
                0x0083fce8                get_vfopen_error
                0x0083fd08                vf_alloc_and_link_vop
                0x0083fd84                vf_alloc_buffer
                0x0083fe5c                vf_free_buffer
                0x0083feac                vfopen_locked
                0x00840214                vfopen
                0x00840264                vfclose_locked
                0x0084040c                vfclose
                0x0084044c                vfflush
                0x00840494                vfgets
                0x00840578                vfeof
                0x008405d0                vunlink_flag_open_files
                0x0084062c                vunlink
                0x0084084c                vfread
                0x008409f8                vfwrite_locked
                0x00840de0                vfwrite
                0x00840e40                vfseek
                0x00840fbc                vftell
                0x008410f0                vgetc_locked
                0x00841210                vgetc
                0x00841258                vfslookup_locked
                0x00841390                vfslookup
                0x008413d8                strippath
                0x008415c0                isvfile_locked
                0x00841624                isvfile
                0x0084166c                vferror
                0x008416d8                vclearerr
 .text          0x00841734       0x24 ../simple_socket_bsp/\libucosii_bsp.a(vfsport.o)
                0x00841734                prep_vfs
 .text          0x00841758        0x0 ../simple_socket_bsp/\libucosii_bsp.a(alt_exception_entry.o)
 .text          0x00841758      0x1b4 ../simple_socket_bsp/\libucosii_bsp.a(alt_fcntl.o)
                0x00841758                alt_fcntl
 .text          0x0084190c      0x120 ../simple_socket_bsp/\libucosii_bsp.a(alt_find_file.o)
                0x0084190c                alt_find_file
 .text          0x00841a2c       0xf4 ../simple_socket_bsp/\libucosii_bsp.a(alt_get_fd.o)
                0x00841a2c                alt_get_fd
 .text          0x00841b20     0x130c ../simple_socket_bsp/\libucosii_bsp.a(icmp.o)
                0x00841b20                icmprcv
                0x00842754                icmp_destun
                0x00842aa4                icmp_timex
                0x00842dd8                icmp_du
 .text          0x00842e2c       0x18 c:/altera/13.0sp1/nios2eds/bin/gnu/h-i686-mingw32/bin/../lib/gcc/nios2-elf/4.1.2/../../../../nios2-elf/lib\libc.a(lib_a-atoi.o)
                0x00842e2c                _atoi_r
                0x00842e38                atoi
 .text          0x00842e44       0x1c c:/altera/13.0sp1/nios2eds/bin/gnu/h-i686-mingw32/bin/../lib/gcc/nios2-elf/4.1.2/../../../../nios2-elf/lib\libc.a(lib_a-calloc.o)
                0x00842e44                calloc
 .text          0x00842e60       0x28 c:/altera/13.0sp1/nios2eds/bin/gnu/h-i686-mingw32/bin/../lib/gcc/nios2-elf/4.1.2/../../../../nios2-elf/lib\libc.a(lib_a-malloc.o)
                0x00842e60                free
                0x00842e74                malloc
 .text          0x00842e88       0x74 c:/altera/13.0sp1/nios2eds/bin/gnu/h-i686-mingw32/bin/../lib/gcc/nios2-elf/4.1.2/../../../../nios2-elf/lib\libc.a(lib_a-memcmp.o)
                0x00842e88                memcmp
 .text          0x00842efc       0xd4 c:/altera/13.0sp1/nios2eds/bin/gnu/h-i686-mingw32/bin/../lib/gcc/nios2-elf/4.1.2/../../../../nios2-elf/lib\libc.a(lib_a-sprintf.o)
                0x00842efc                sprintf
                0x00842f70                _sprintf_r
 .text          0x00842fd0       0x8c c:/altera/13.0sp1/nios2eds/bin/gnu/h-i686-mingw32/bin/../lib/gcc/nios2-elf/4.1.2/../../../../nios2-elf/lib\libc.a(lib_a-strcpy.o)
                0x00842fd0                strcpy
 .text          0x0084305c       0xf0 c:/altera/13.0sp1/nios2eds/bin/gnu/h-i686-mingw32/bin/../lib/gcc/nios2-elf/4.1.2/../../../../nios2-elf/lib\libc.a(lib_a-strncmp.o)
                0x0084305c                strncmp
 .text          0x0084314c      0x268 c:/altera/13.0sp1/nios2eds/bin/gnu/h-i686-mingw32/bin/../lib/gcc/nios2-elf/4.1.2/../../../../nios2-elf/lib\libc.a(lib_a-strtol.o)
                0x0084314c                _strtol_r
                0x00843390                strtol
 .text          0x008433b4       0x34 c:/altera/13.0sp1/nios2eds/bin/gnu/h-i686-mingw32/bin/../lib/gcc/nios2-elf/4.1.2/../../../../nios2-elf/lib\libc.a(lib_a-vprintf.o)
                0x008433b4                _vprintf_r
                0x008433c8                vprintf
 .text          0x008433e8       0x74 c:/altera/13.0sp1/nios2eds/bin/gnu/h-i686-mingw32/bin/../lib/gcc/nios2-elf/4.1.2/../../../../nios2-elf/lib\libc.a(lib_a-vsprintf.o)
                0x008433e8                _vsprintf_r
                0x00843438                vsprintf
 *(.gnu.warning.*)
 *(.fini)
                0x0084345c                PROVIDE (__etext, ABSOLUTE (.))
                0x0084345c                PROVIDE (_etext, ABSOLUTE (.))
                0x0084345c                PROVIDE (etext, ABSOLUTE (.))
 *(.eh_frame_hdr)
                0x0084345c                . = ALIGN (0x4)
                0x0084345c                PROVIDE (__preinit_array_start, ABSOLUTE (.))
 *(.preinit_array)
                0x0084345c                PROVIDE (__preinit_array_end, ABSOLUTE (.))
                0x0084345c                PROVIDE (__init_array_start, ABSOLUTE (.))
 *(.init_array)
                0x0084345c                PROVIDE (__init_array_end, ABSOLUTE (.))
                0x0084345c                PROVIDE (__fini_array_start, ABSOLUTE (.))
 *(.fini_array)
                0x0084345c                PROVIDE (__fini_array_end, ABSOLUTE (.))
 *(.eh_frame)
 *(.gcc_except_table)
 *(.dynamic)
                0x0084345c                PROVIDE (__CTOR_LIST__, ABSOLUTE (.))
 *(.ctors)
 *(SORT(.ctors.*))
 .ctors.65535   0x0084345c        0x4 c:/altera/13.0sp1/nios2eds/bin/gnu/h-i686-mingw32/bin/../lib/gcc/nios2-elf/4.1.2/../../../../nios2-elf/lib\libc.a(lib_a-__call_atexit.o)
                0x00843460                PROVIDE (__CTOR_END__, ABSOLUTE (.))
                0x00843460                PROVIDE (__DTOR_LIST__, ABSOLUTE (.))
 *(.dtors)
 *(SORT(.dtors.*))
                0x00843460                PROVIDE (__DTOR_END__, ABSOLUTE (.))
 *(.jcr)
                0x00843460                . = ALIGN (0x4)

.rodata         0x00843460     0x40f0
                0x00843460                PROVIDE (__ram_rodata_start, ABSOLUTE (.))
                0x00843460                . = ALIGN (0x4)
 *(.rodata .rodata.* .gnu.linkonce.r.*)
 .rodata        0x00843460       0x28 obj/default/LCD.o
 .rodata        0x00843488       0xa8 obj/default/SSS_DE2_115.o
 .rodata        0x00843530      0xba4 obj/default/alt_error_handler.o
 .rodata        0x008440d4       0x64 obj/default/dm9000a.o
 .rodata        0x00844138       0xe8 obj/default/iniche_init.o
 .rodata        0x00844220      0x258 obj/default/network_utilities.o
 .rodata        0x00844478      0x2e0 obj/default/simple_socket_server.o
 .rodata        0x00844758       0x14 c:/altera/13.0sp1/nios2eds/bin/gnu/h-i686-mingw32/bin/../lib/gcc/nios2-elf/4.1.2\libgcc.a(_thenan_df.o)
                0x00844758                __thenan_df
 .rodata        0x0084476c      0x100 c:/altera/13.0sp1/nios2eds/bin/gnu/h-i686-mingw32/bin/../lib/gcc/nios2-elf/4.1.2\libgcc.a(_clz.o)
                0x0084476c                __clz_tab
 .rodata        0x0084486c      0x281 c:/altera/13.0sp1/nios2eds/bin/gnu/h-i686-mingw32/bin/../lib/gcc/nios2-elf/4.1.2/../../../../nios2-elf/lib\libc.a(lib_a-ctype_.o)
                0x0084486c                _ctype_
 *fill*         0x00844aed        0x3 00
 .rodata.str1.4
                0x00844af0        0x2 c:/altera/13.0sp1/nios2eds/bin/gnu/h-i686-mingw32/bin/../lib/gcc/nios2-elf/4.1.2/../../../../nios2-elf/lib\libc.a(lib_a-impure.o)
                                  0x4 (size before relaxing)
 *fill*         0x00844af2        0x2 00
 .rodata.str1.4
                0x00844af4        0x3 c:/altera/13.0sp1/nios2eds/bin/gnu/h-i686-mingw32/bin/../lib/gcc/nios2-elf/4.1.2/../../../../nios2-elf/lib\libc.a(lib_a-perror.o)
                                  0x4 (size before relaxing)
 *fill*         0x00844af7        0x1 00
 .rodata.str1.4
                0x00844af8        0x2 c:/altera/13.0sp1/nios2eds/bin/gnu/h-i686-mingw32/bin/../lib/gcc/nios2-elf/4.1.2/../../../../nios2-elf/lib\libc.a(lib_a-puts.o)
                                  0x4 (size before relaxing)
 *fill*         0x00844afa        0x2 00
 .rodata.str1.4
                0x00844afc      0x7a2 c:/altera/13.0sp1/nios2eds/bin/gnu/h-i686-mingw32/bin/../lib/gcc/nios2-elf/4.1.2/../../../../nios2-elf/lib\libc.a(lib_a-strerror.o)
                                0x7a8 (size before relaxing)
 *fill*         0x0084529e        0x2 00
 .rodata.str1.4
                0x008452a0       0x5e c:/altera/13.0sp1/nios2eds/bin/gnu/h-i686-mingw32/bin/../lib/gcc/nios2-elf/4.1.2/../../../../nios2-elf/lib\libc.a(lib_a-vfprintf.o)
                                 0x60 (size before relaxing)
 .rodata        0x008452fe       0x20 c:/altera/13.0sp1/nios2eds/bin/gnu/h-i686-mingw32/bin/../lib/gcc/nios2-elf/4.1.2/../../../../nios2-elf/lib\libc.a(lib_a-vfprintf.o)
 *fill*         0x0084531e        0x2 00
 .rodata.str1.4
                0x00845320       0x10 c:/altera/13.0sp1/nios2eds/bin/gnu/h-i686-mingw32/bin/../lib/gcc/nios2-elf/4.1.2/../../../../nios2-elf/lib\libc.a(lib_a-dtoa.o)
                                 0x14 (size before relaxing)
 .rodata.str1.4
                0x00845330       0x10 c:/altera/13.0sp1/nios2eds/bin/gnu/h-i686-mingw32/bin/../lib/gcc/nios2-elf/4.1.2/../../../../nios2-elf/lib\libc.a(lib_a-locale.o)
                                 0x18 (size before relaxing)
 .rodata        0x00845340       0x30 c:/altera/13.0sp1/nios2eds/bin/gnu/h-i686-mingw32/bin/../lib/gcc/nios2-elf/4.1.2/../../../../nios2-elf/lib\libc.a(lib_a-locale.o)
 .rodata        0x00845370      0x124 c:/altera/13.0sp1/nios2eds/bin/gnu/h-i686-mingw32/bin/../lib/gcc/nios2-elf/4.1.2/../../../../nios2-elf/lib\libc.a(lib_a-mprec.o)
                0x00845370                __mprec_tens
                0x00845438                __mprec_bigtens
                0x00845460                __mprec_tinytens
 .rodata        0x00845494       0x14 ../simple_socket_bsp/\libucosii_bsp.a(alt_main.o)
 .rodata        0x008454a8      0x120 ../simple_socket_bsp/\libucosii_bsp.a(os_core.o)
                0x008454a8                OSUnMapTbl
 .rodata        0x008455c8       0x60 ../simple_socket_bsp/\libucosii_bsp.a(alt_sys_init.o)
 .rodata        0x00845628       0xd8 ../simple_socket_bsp/\libucosii_bsp.a(ipnet.o)
 .rodata        0x00845700       0xec ../simple_socket_bsp/\libucosii_bsp.a(ipstart.o)
 .rodata        0x008457ec      0x54c ../simple_socket_bsp/\libucosii_bsp.a(igmp_cmn.o)
 .rodata        0x00845d38       0xb8 ../simple_socket_bsp/\libucosii_bsp.a(in_utils.o)
 .rodata        0x00845df0       0x34 ../simple_socket_bsp/\libucosii_bsp.a(netmain.o)
 .rodata        0x00845e24       0x94 ../simple_socket_bsp/\libucosii_bsp.a(parseip.o)
 .rodata        0x00845eb8      0x1a8 ../simple_socket_bsp/\libucosii_bsp.a(tk_crnos.o)
 .rodata        0x00846060      0x118 ../simple_socket_bsp/\libucosii_bsp.a(pktalloc.o)
 .rodata        0x00846178       0x2c ../simple_socket_bsp/\libucosii_bsp.a(brdutils.o)
 .rodata        0x008461a4      0x26c ../simple_socket_bsp/\libucosii_bsp.a(osportco.o)
 .rodata        0x00846410       0xa0 ../simple_socket_bsp/\libucosii_bsp.a(targnios.o)
 .rodata        0x008464b0       0x90 ../simple_socket_bsp/\libucosii_bsp.a(nptcp.o)
 .rodata        0x00846540        0x8 ../simple_socket_bsp/\libucosii_bsp.a(sockcall.o)
 .rodata        0x00846548       0x50 ../simple_socket_bsp/\libucosii_bsp.a(socket.o)
 .rodata        0x00846598       0x40 ../simple_socket_bsp/\libucosii_bsp.a(socket2.o)
 .rodata        0x008465d8       0x20 ../simple_socket_bsp/\libucosii_bsp.a(tcp_in.o)
 .rodata        0x008465f8       0x40 ../simple_socket_bsp/\libucosii_bsp.a(tcp_out.o)
 .rodata        0x00846638       0x24 ../simple_socket_bsp/\libucosii_bsp.a(tcp_subr.o)
 .rodata        0x0084665c       0x2c ../simple_socket_bsp/\libucosii_bsp.a(tcp_usr.o)
 .rodata        0x00846688        0xc ../simple_socket_bsp/\libucosii_bsp.a(alt_dev.o)
 .rodata        0x00846694        0x4 ../simple_socket_bsp/\libucosii_bsp.a(os_cpu_c.o)
 .rodata        0x00846698      0x1d4 ../simple_socket_bsp/\libucosii_bsp.a(allports.o)
 .rodata        0x0084686c       0x34 ../simple_socket_bsp/\libucosii_bsp.a(tk_misc.o)
 .rodata        0x008468a0       0x44 ../simple_socket_bsp/\libucosii_bsp.a(et_arp.o)
 .rodata        0x008468e4      0x1dc ../simple_socket_bsp/\libucosii_bsp.a(ip.o)
 .rodata        0x00846ac0      0x158 ../simple_socket_bsp/\libucosii_bsp.a(ip_reasm.o)
 .rodata        0x00846c18      0x120 ../simple_socket_bsp/\libucosii_bsp.a(ipdemux.o)
 .rodata        0x00846d38       0x34 ../simple_socket_bsp/\libucosii_bsp.a(ipport.o)
 .rodata        0x00846d6c       0x24 ../simple_socket_bsp/\libucosii_bsp.a(ipraw.o)
 .rodata        0x00846d90       0x38 ../simple_socket_bsp/\libucosii_bsp.a(iproute.o)
 .rodata        0x00846dc8       0xe8 ../simple_socket_bsp/\libucosii_bsp.a(udp.o)
 .rodata        0x00846eb0      0x2d0 ../simple_socket_bsp/\libucosii_bsp.a(u_mctest.o)
 .rodata        0x00847180       0x84 ../simple_socket_bsp/\libucosii_bsp.a(udp_open.o)
 .rodata        0x00847204       0x34 ../simple_socket_bsp/\libucosii_bsp.a(vfsfiles.o)
 .rodata        0x00847238      0x318 ../simple_socket_bsp/\libucosii_bsp.a(icmp.o)
 *(.rodata1)
                0x00847550                . = ALIGN (0x4)
                0x00847550                PROVIDE (__ram_rodata_end, ABSOLUTE (.))
                0x00843460                PROVIDE (__flash_rodata_start, LOADADDR (.rodata))

.rwdata         0x00847550     0x2130
                0x00847550                PROVIDE (__ram_rwdata_start, ABSOLUTE (.))
                0x00847550                . = ALIGN (0x4)
 *(.got.plt)
 *(.got)
 *(.data1)
 *(.data .data.* .gnu.linkonce.d.*)
 .data          0x00847550        0x0 ../simple_socket_bsp//obj/HAL/src/crt0.o
 .data          0x00847550        0x0 obj/default/LCD.o
 .data          0x00847550        0x0 obj/default/SSS_DE2_115.o
 .data          0x00847550        0x0 obj/default/alt_error_handler.o
 .data          0x00847550        0x0 obj/default/dm9000a.o
 .data          0x00847550       0x18 obj/default/iniche_init.o
                0x00847550                ssstask
 .data          0x00847568        0x0 obj/default/led.o
 .data          0x00847568        0x0 obj/default/network_utilities.o
 .data          0x00847568        0x0 obj/default/simple_socket_server.o
 .data          0x00847568        0x0 obj/default/tse_my_system.o
 .data          0x00847568        0x0 c:/altera/13.0sp1/nios2eds/bin/gnu/h-i686-mingw32/bin/../lib/gcc/nios2-elf/4.1.2\libgcc.a(_fixunsdfsi.o)
 .data          0x00847568        0x0 c:/altera/13.0sp1/nios2eds/bin/gnu/h-i686-mingw32/bin/../lib/gcc/nios2-elf/4.1.2\libgcc.a(_addsub_df.o)
 .data          0x00847568        0x0 c:/altera/13.0sp1/nios2eds/bin/gnu/h-i686-mingw32/bin/../lib/gcc/nios2-elf/4.1.2\libgcc.a(_mul_df.o)
 .data          0x00847568        0x0 c:/altera/13.0sp1/nios2eds/bin/gnu/h-i686-mingw32/bin/../lib/gcc/nios2-elf/4.1.2\libgcc.a(_ge_df.o)
 .data          0x00847568        0x0 c:/altera/13.0sp1/nios2eds/bin/gnu/h-i686-mingw32/bin/../lib/gcc/nios2-elf/4.1.2\libgcc.a(_df_to_si.o)
 .data          0x00847568        0x0 c:/altera/13.0sp1/nios2eds/bin/gnu/h-i686-mingw32/bin/../lib/gcc/nios2-elf/4.1.2\libgcc.a(_thenan_df.o)
 .data          0x00847568        0x0 c:/altera/13.0sp1/nios2eds/bin/gnu/h-i686-mingw32/bin/../lib/gcc/nios2-elf/4.1.2\libgcc.a(_usi_to_df.o)
 .data          0x00847568        0x0 c:/altera/13.0sp1/nios2eds/bin/gnu/h-i686-mingw32/bin/../lib/gcc/nios2-elf/4.1.2\libgcc.a(_muldi3.o)
 .data          0x00847568        0x0 c:/altera/13.0sp1/nios2eds/bin/gnu/h-i686-mingw32/bin/../lib/gcc/nios2-elf/4.1.2\libgcc.a(_clzsi2.o)
 .data          0x00847568        0x0 c:/altera/13.0sp1/nios2eds/bin/gnu/h-i686-mingw32/bin/../lib/gcc/nios2-elf/4.1.2\libgcc.a(_pack_df.o)
 .data          0x00847568        0x0 c:/altera/13.0sp1/nios2eds/bin/gnu/h-i686-mingw32/bin/../lib/gcc/nios2-elf/4.1.2\libgcc.a(_unpack_df.o)
 .data          0x00847568        0x0 c:/altera/13.0sp1/nios2eds/bin/gnu/h-i686-mingw32/bin/../lib/gcc/nios2-elf/4.1.2\libgcc.a(_fpcmp_parts_df.o)
 .data          0x00847568        0x0 c:/altera/13.0sp1/nios2eds/bin/gnu/h-i686-mingw32/bin/../lib/gcc/nios2-elf/4.1.2\libgcc.a(_clz.o)
 .data          0x00847568        0x0 c:/altera/13.0sp1/nios2eds/bin/gnu/h-i686-mingw32/bin/../lib/gcc/nios2-elf/4.1.2/../../../../nios2-elf/lib\libc.a(lib_a-ctype_.o)
 .data          0x00847568        0x0 c:/altera/13.0sp1/nios2eds/bin/gnu/h-i686-mingw32/bin/../lib/gcc/nios2-elf/4.1.2/../../../../nios2-elf/lib\libc.a(lib_a-exit.o)
 .data          0x00847568        0x0 c:/altera/13.0sp1/nios2eds/bin/gnu/h-i686-mingw32/bin/../lib/gcc/nios2-elf/4.1.2/../../../../nios2-elf/lib\libc.a(lib_a-fprintf.o)
 .data          0x00847568        0x0 c:/altera/13.0sp1/nios2eds/bin/gnu/h-i686-mingw32/bin/../lib/gcc/nios2-elf/4.1.2/../../../../nios2-elf/lib\libc.a(lib_a-fwrite.o)
 .data          0x00847568        0x0 c:/altera/13.0sp1/nios2eds/bin/gnu/h-i686-mingw32/bin/../lib/gcc/nios2-elf/4.1.2/../../../../nios2-elf/lib\libc.a(lib_a-getc.o)
 .data          0x00847568      0x400 c:/altera/13.0sp1/nios2eds/bin/gnu/h-i686-mingw32/bin/../lib/gcc/nios2-elf/4.1.2/../../../../nios2-elf/lib\libc.a(lib_a-impure.o)
 .data          0x00847968        0x0 c:/altera/13.0sp1/nios2eds/bin/gnu/h-i686-mingw32/bin/../lib/gcc/nios2-elf/4.1.2/../../../../nios2-elf/lib\libc.a(lib_a-memcpy.o)
 .data          0x00847968        0x0 c:/altera/13.0sp1/nios2eds/bin/gnu/h-i686-mingw32/bin/../lib/gcc/nios2-elf/4.1.2/../../../../nios2-elf/lib\libc.a(lib_a-memmove.o)
 .data          0x00847968        0x0 c:/altera/13.0sp1/nios2eds/bin/gnu/h-i686-mingw32/bin/../lib/gcc/nios2-elf/4.1.2/../../../../nios2-elf/lib\libc.a(lib_a-memset.o)
 .data          0x00847968        0x0 c:/altera/13.0sp1/nios2eds/bin/gnu/h-i686-mingw32/bin/../lib/gcc/nios2-elf/4.1.2/../../../../nios2-elf/lib\libc.a(lib_a-perror.o)
 .data          0x00847968        0x0 c:/altera/13.0sp1/nios2eds/bin/gnu/h-i686-mingw32/bin/../lib/gcc/nios2-elf/4.1.2/../../../../nios2-elf/lib\libc.a(lib_a-printf.o)
 .data          0x00847968        0x0 c:/altera/13.0sp1/nios2eds/bin/gnu/h-i686-mingw32/bin/../lib/gcc/nios2-elf/4.1.2/../../../../nios2-elf/lib\libc.a(lib_a-putc.o)
 .data          0x00847968        0x0 c:/altera/13.0sp1/nios2eds/bin/gnu/h-i686-mingw32/bin/../lib/gcc/nios2-elf/4.1.2/../../../../nios2-elf/lib\libc.a(lib_a-putchar.o)
 .data          0x00847968        0x0 c:/altera/13.0sp1/nios2eds/bin/gnu/h-i686-mingw32/bin/../lib/gcc/nios2-elf/4.1.2/../../../../nios2-elf/lib\libc.a(lib_a-puts.o)
 .data          0x00847968        0x0 c:/altera/13.0sp1/nios2eds/bin/gnu/h-i686-mingw32/bin/../lib/gcc/nios2-elf/4.1.2/../../../../nios2-elf/lib\libc.a(lib_a-rget.o)
 .data          0x00847968        0x0 c:/altera/13.0sp1/nios2eds/bin/gnu/h-i686-mingw32/bin/../lib/gcc/nios2-elf/4.1.2/../../../../nios2-elf/lib\libc.a(lib_a-strchr.o)
 .data          0x00847968        0x0 c:/altera/13.0sp1/nios2eds/bin/gnu/h-i686-mingw32/bin/../lib/gcc/nios2-elf/4.1.2/../../../../nios2-elf/lib\libc.a(lib_a-strerror.o)
 .data          0x00847968        0x0 c:/altera/13.0sp1/nios2eds/bin/gnu/h-i686-mingw32/bin/../lib/gcc/nios2-elf/4.1.2/../../../../nios2-elf/lib\libc.a(lib_a-strlen.o)
 .data          0x00847968        0x0 c:/altera/13.0sp1/nios2eds/bin/gnu/h-i686-mingw32/bin/../lib/gcc/nios2-elf/4.1.2/../../../../nios2-elf/lib\libc.a(lib_a-u_strerr.o)
 .data          0x00847968        0x0 c:/altera/13.0sp1/nios2eds/bin/gnu/h-i686-mingw32/bin/../lib/gcc/nios2-elf/4.1.2/../../../../nios2-elf/lib\libc.a(lib_a-vfprintf.o)
 .data          0x00847968        0x0 c:/altera/13.0sp1/nios2eds/bin/gnu/h-i686-mingw32/bin/../lib/gcc/nios2-elf/4.1.2/../../../../nios2-elf/lib\libc.a(lib_a-wbuf.o)
 .data          0x00847968        0x0 c:/altera/13.0sp1/nios2eds/bin/gnu/h-i686-mingw32/bin/../lib/gcc/nios2-elf/4.1.2/../../../../nios2-elf/lib\libc.a(lib_a-wsetup.o)
 .data          0x00847968        0x0 c:/altera/13.0sp1/nios2eds/bin/gnu/h-i686-mingw32/bin/../lib/gcc/nios2-elf/4.1.2/../../../../nios2-elf/lib\libc.a(lib_a-__call_atexit.o)
 .data          0x00847968        0x0 c:/altera/13.0sp1/nios2eds/bin/gnu/h-i686-mingw32/bin/../lib/gcc/nios2-elf/4.1.2/../../../../nios2-elf/lib\libc.a(lib_a-dtoa.o)
 .data          0x00847968        0x0 c:/altera/13.0sp1/nios2eds/bin/gnu/h-i686-mingw32/bin/../lib/gcc/nios2-elf/4.1.2/../../../../nios2-elf/lib\libc.a(lib_a-fflush.o)
 .data          0x00847968        0x0 c:/altera/13.0sp1/nios2eds/bin/gnu/h-i686-mingw32/bin/../lib/gcc/nios2-elf/4.1.2/../../../../nios2-elf/lib\libc.a(lib_a-findfp.o)
 .data          0x00847968        0x0 c:/altera/13.0sp1/nios2eds/bin/gnu/h-i686-mingw32/bin/../lib/gcc/nios2-elf/4.1.2/../../../../nios2-elf/lib\libc.a(lib_a-fputc.o)
 .data          0x00847968        0x0 c:/altera/13.0sp1/nios2eds/bin/gnu/h-i686-mingw32/bin/../lib/gcc/nios2-elf/4.1.2/../../../../nios2-elf/lib\libc.a(lib_a-fputs.o)
 .data          0x00847968        0x0 c:/altera/13.0sp1/nios2eds/bin/gnu/h-i686-mingw32/bin/../lib/gcc/nios2-elf/4.1.2/../../../../nios2-elf/lib\libc.a(lib_a-freer.o)
 .data          0x00847968        0x0 c:/altera/13.0sp1/nios2eds/bin/gnu/h-i686-mingw32/bin/../lib/gcc/nios2-elf/4.1.2/../../../../nios2-elf/lib\libc.a(lib_a-fvwrite.o)
 .data          0x00847968        0x0 c:/altera/13.0sp1/nios2eds/bin/gnu/h-i686-mingw32/bin/../lib/gcc/nios2-elf/4.1.2/../../../../nios2-elf/lib\libc.a(lib_a-fwalk.o)
 .data          0x00847968        0xc c:/altera/13.0sp1/nios2eds/bin/gnu/h-i686-mingw32/bin/../lib/gcc/nios2-elf/4.1.2/../../../../nios2-elf/lib\libc.a(lib_a-locale.o)
                0x00847968                __lc_ctype
 .data          0x00847974        0x0 c:/altera/13.0sp1/nios2eds/bin/gnu/h-i686-mingw32/bin/../lib/gcc/nios2-elf/4.1.2/../../../../nios2-elf/lib\libc.a(lib_a-makebuf.o)
 .data          0x00847974      0x408 c:/altera/13.0sp1/nios2eds/bin/gnu/h-i686-mingw32/bin/../lib/gcc/nios2-elf/4.1.2/../../../../nios2-elf/lib\libc.a(lib_a-mallocr.o)
                0x00847974                __malloc_av_
 .data          0x00847d7c        0x0 c:/altera/13.0sp1/nios2eds/bin/gnu/h-i686-mingw32/bin/../lib/gcc/nios2-elf/4.1.2/../../../../nios2-elf/lib\libc.a(lib_a-memchr.o)
 .data          0x00847d7c        0x0 c:/altera/13.0sp1/nios2eds/bin/gnu/h-i686-mingw32/bin/../lib/gcc/nios2-elf/4.1.2/../../../../nios2-elf/lib\libc.a(lib_a-mprec.o)
 .data          0x00847d7c        0x0 c:/altera/13.0sp1/nios2eds/bin/gnu/h-i686-mingw32/bin/../lib/gcc/nios2-elf/4.1.2/../../../../nios2-elf/lib\libc.a(lib_a-reallocr.o)
 .data          0x00847d7c        0x0 c:/altera/13.0sp1/nios2eds/bin/gnu/h-i686-mingw32/bin/../lib/gcc/nios2-elf/4.1.2/../../../../nios2-elf/lib\libc.a(lib_a-refill.o)
 .data          0x00847d7c        0x0 c:/altera/13.0sp1/nios2eds/bin/gnu/h-i686-mingw32/bin/../lib/gcc/nios2-elf/4.1.2/../../../../nios2-elf/lib\libc.a(lib_a-s_isinfd.o)
 .data          0x00847d7c        0x0 c:/altera/13.0sp1/nios2eds/bin/gnu/h-i686-mingw32/bin/../lib/gcc/nios2-elf/4.1.2/../../../../nios2-elf/lib\libc.a(lib_a-s_isnand.o)
 .data          0x00847d7c        0x0 c:/altera/13.0sp1/nios2eds/bin/gnu/h-i686-mingw32/bin/../lib/gcc/nios2-elf/4.1.2/../../../../nios2-elf/lib\libc.a(lib_a-sbrkr.o)
 .data          0x00847d7c        0x0 c:/altera/13.0sp1/nios2eds/bin/gnu/h-i686-mingw32/bin/../lib/gcc/nios2-elf/4.1.2/../../../../nios2-elf/lib\libc.a(lib_a-stdio.o)
 .data          0x00847d7c        0x0 c:/altera/13.0sp1/nios2eds/bin/gnu/h-i686-mingw32/bin/../lib/gcc/nios2-elf/4.1.2/../../../../nios2-elf/lib\libc.a(lib_a-strcmp.o)
 .data          0x00847d7c        0x0 c:/altera/13.0sp1/nios2eds/bin/gnu/h-i686-mingw32/bin/../lib/gcc/nios2-elf/4.1.2/../../../../nios2-elf/lib\libc.a(lib_a-writer.o)
 .data          0x00847d7c        0x0 c:/altera/13.0sp1/nios2eds/bin/gnu/h-i686-mingw32/bin/../lib/gcc/nios2-elf/4.1.2/../../../../nios2-elf/lib\libc.a(lib_a-callocr.o)
 .data          0x00847d7c        0x0 c:/altera/13.0sp1/nios2eds/bin/gnu/h-i686-mingw32/bin/../lib/gcc/nios2-elf/4.1.2/../../../../nios2-elf/lib\libc.a(lib_a-closer.o)
 .data          0x00847d7c        0x0 c:/altera/13.0sp1/nios2eds/bin/gnu/h-i686-mingw32/bin/../lib/gcc/nios2-elf/4.1.2/../../../../nios2-elf/lib\libc.a(lib_a-fclose.o)
 .data          0x00847d7c        0x0 c:/altera/13.0sp1/nios2eds/bin/gnu/h-i686-mingw32/bin/../lib/gcc/nios2-elf/4.1.2/../../../../nios2-elf/lib\libc.a(lib_a-fstatr.o)
 .data          0x00847d7c        0x0 c:/altera/13.0sp1/nios2eds/bin/gnu/h-i686-mingw32/bin/../lib/gcc/nios2-elf/4.1.2/../../../../nios2-elf/lib\libc.a(lib_a-int_errno.o)
 .data          0x00847d7c        0x0 c:/altera/13.0sp1/nios2eds/bin/gnu/h-i686-mingw32/bin/../lib/gcc/nios2-elf/4.1.2/../../../../nios2-elf/lib\libc.a(lib_a-isattyr.o)
 .data          0x00847d7c        0x0 c:/altera/13.0sp1/nios2eds/bin/gnu/h-i686-mingw32/bin/../lib/gcc/nios2-elf/4.1.2/../../../../nios2-elf/lib\libc.a(lib_a-lseekr.o)
 .data          0x00847d7c        0x0 c:/altera/13.0sp1/nios2eds/bin/gnu/h-i686-mingw32/bin/../lib/gcc/nios2-elf/4.1.2/../../../../nios2-elf/lib\libc.a(lib_a-readr.o)
 .data          0x00847d7c        0x0 c:/altera/13.0sp1/nios2eds/bin/gnu/h-i686-mingw32/bin/../lib/gcc/nios2-elf/4.1.2\libgcc.a(_udivdi3.o)
 .data          0x00847d7c        0x0 c:/altera/13.0sp1/nios2eds/bin/gnu/h-i686-mingw32/bin/../lib/gcc/nios2-elf/4.1.2\libgcc.a(_umoddi3.o)
 .data          0x00847d7c        0x0 c:/altera/13.0sp1/nios2eds/bin/gnu/h-i686-mingw32/bin/../lib/gcc/nios2-elf/4.1.2\libgcc.a(_div_df.o)
 .data          0x00847d7c        0x0 c:/altera/13.0sp1/nios2eds/bin/gnu/h-i686-mingw32/bin/../lib/gcc/nios2-elf/4.1.2\libgcc.a(_eq_df.o)
 .data          0x00847d7c        0x0 c:/altera/13.0sp1/nios2eds/bin/gnu/h-i686-mingw32/bin/../lib/gcc/nios2-elf/4.1.2\libgcc.a(_ne_df.o)
 .data          0x00847d7c        0x0 c:/altera/13.0sp1/nios2eds/bin/gnu/h-i686-mingw32/bin/../lib/gcc/nios2-elf/4.1.2\libgcc.a(_gt_df.o)
 .data          0x00847d7c        0x0 c:/altera/13.0sp1/nios2eds/bin/gnu/h-i686-mingw32/bin/../lib/gcc/nios2-elf/4.1.2\libgcc.a(_lt_df.o)
 .data          0x00847d7c        0x0 c:/altera/13.0sp1/nios2eds/bin/gnu/h-i686-mingw32/bin/../lib/gcc/nios2-elf/4.1.2\libgcc.a(_si_to_df.o)
 .data          0x00847d7c        0x0 c:/altera/13.0sp1/nios2eds/bin/gnu/h-i686-mingw32/bin/../lib/gcc/nios2-elf/4.1.2\libgcc.a(lib2-divmod.o)
 .data          0x00847d7c        0x0 ../simple_socket_bsp/\libucosii_bsp.a(alt_exit.o)
 .data          0x00847d7c        0x0 ../simple_socket_bsp/\libucosii_bsp.a(alt_flash_dev.o)